******************************************************************************
                  TI ARM Linker PC v5.0.4                      
******************************************************************************
>> Linked Wed Jan 28 17:19:27 2015

OUTPUT FILE NAME:   <ESC_Calibration.out>
ENTRY POINT SYMBOL: "_c_int00"  address: 00000ff1


MEMORY CONFIGURATION

         name            origin    length      used     unused   attr    fill
----------------------  --------  ---------  --------  --------  ----  --------
  FLASH                 00000000   00040000  00001572  0003ea8e  R  X
  SRAM                  20000000   00008000  00000490  00007b70  RW X


SEGMENT ALLOCATION MAP

run origin  load origin   length   init length attrs members
----------  ----------- ---------- ----------- ----- -------
00000000    00000000    00001578   00001578    r-x
  00000000    00000000    0000026c   0000026c    r-- .intvecs
  0000026c    0000026c    000010f8   000010f8    r-x .text
  00001364    00001364    000001ce   000001ce    r-- .const
  00001538    00001538    00000040   00000040    r-- .cinit
20000000    20000000    0000046c   00000000    rw-
  20000000    20000000    0000026c   00000000    rw- .vtable
  2000026c    2000026c    00000200   00000000    rw- .stack
2000046c    2000046c    00000024   00000024    rw-
  2000046c    2000046c    00000024   00000024    rw- .data


SECTION ALLOCATION MAP

 output                                  attributes/
section   page    origin      length       input sections
--------  ----  ----------  ----------   ----------------
.intvecs   0    00000000    0000026c     
                  00000000    0000026c     startup_ccs.obj (.intvecs)

.init_array 
*          0    00000000    00000000     UNINITIALIZED

.text      0    0000026c    000010f8     
                  0000026c    0000049c     uartstdio.obj (.text)
                  00000708    0000028c     main.obj (.text)
                  00000994    00000130     driverlib.lib : gpio.obj (.text:GPIOPadConfigSet)
                  00000ac4    000000fc     rtsv7M4_T_le_v4SPD16_eabi.lib : fd_mul_t2.obj (.text)
                  00000bc0    000000f0     driverlib.lib : sysctl.obj (.text:SysCtlClockSet)
                  00000cb0    0000009c     rtsv7M4_T_le_v4SPD16_eabi.lib : memcpy_t2.obj (.text)
                  00000d4c    00000094                                   : auto_init.obj (.text)
                  00000de0    00000060     driverlib.lib : interrupt.obj (.text:IntDisable)
                  00000e40    00000060                   : interrupt.obj (.text:IntEnable)
                  00000ea0    0000005e     rtsv7M4_T_le_v4SPD16_eabi.lib : copy_decompress_rle.obj (.text)
                  00000efe    00000002     --HOLE-- [fill = 0]
                  00000f00    0000005c     driverlib.lib : timer.obj (.text:TimerConfigure)
                  00000f5c    0000004c                   : timer.obj (.text:_TimerIntNumberGet)
                  00000fa8    00000048                   : gpio.obj (.text:GPIOPinConfigure)
                  00000ff0    00000048     rtsv7M4_T_le_v4SPD16_eabi.lib : boot.obj (.text)
                  00001038    00000044                                   : cpy_tbl.obj (.text)
                  0000107c    00000044                                   : fd_tou_t2.obj (.text)
                  000010c0    00000042                                   : u_divt2.obj (.text)
                  00001102    00000002     --HOLE-- [fill = 0]
                  00001104    00000040                                   : exit.obj (.text)
                  00001144    00000034     driverlib.lib : interrupt.obj (.text:IntRegister)
                  00001178    00000034                   : sysctl.obj (.text:SysCtlPeripheralEnable)
                  000011ac    0000002a                   : gpio.obj (.text:GPIODirModeSet)
                  000011d6    00000022                   : pwm.obj (.text:PWMGenConfigure)
                  000011f8    00000020     rtsv7M4_T_le_v4SPD16_eabi.lib : u_tofd_t2.obj (.text)
                  00001218    0000001e     driverlib.lib : pwm.obj (.text:PWMPulseWidthSet)
                  00001236    00000018                   : timer.obj (.text:TimerIntRegister)
                  0000124e    00000002     --HOLE-- [fill = 0]
                  00001250    00000018     rtsv7M4_T_le_v4SPD16_eabi.lib : args_main.obj (.text)
                  00001268    00000014     driverlib.lib : sysctl.obj (.text:SysCtlPWMClockSet)
                  0000127c    00000014     rtsv7M4_T_le_v4SPD16_eabi.lib : _lock.obj (.text)
                  00001290    00000012     driverlib.lib : gpio.obj (.text:GPIOPinTypePWM)
                  000012a2    00000012                   : gpio.obj (.text:GPIOPinTypeUART)
                  000012b4    00000012                   : pwm.obj (.text:PWMOutputState)
                  000012c6    00000012                   : timer.obj (.text:TimerLoadSet)
                  000012d8    00000012     rtsv7M4_T_le_v4SPD16_eabi.lib : copy_zero_init.obj (.text:decompress:ZI)
                  000012ea    00000010     driverlib.lib : pwm.obj (.text:PWMGenPeriodSet)
                  000012fa    0000000e                   : timer.obj (.text:TimerEnable)
                  00001308    0000000e                   : uart.obj (.text:UARTCharGetNonBlocking)
                  00001316    0000000e     rtsv7M4_T_le_v4SPD16_eabi.lib : copy_decompress_none.obj (.text:decompress:none)
                  00001324    0000000c     driverlib.lib : pwm.obj (.text:PWMGenEnable)
                  00001330    0000000c     startup_ccs.obj (.text)
                  0000133c    0000000a     driverlib.lib : timer.obj (.text:TimerIntDisable)
                  00001346    00000008                   : timer.obj (.text:TimerIntEnable)
                  0000134e    00000006                   : sysctl.obj (.text:SysCtlDelay)
                  00001354    00000006                   : uart.obj (.text:UARTClockSourceSet)
                  0000135a    00000006     rtsv7M4_T_le_v4SPD16_eabi.lib : copy_decompress_rle.obj (.text:decompress:rle24)
                  00001360    00000004     driverlib.lib : timer.obj (.text:TimerIntClear)

.const     0    00001364    000001ce     
                  00001364    00000090     driverlib.lib : gpio.obj (.const:g_pui32GPIOBaseAddrs)
                  000013f4    00000070                   : interrupt.obj (.const)
                  00001464    00000060                   : timer.obj (.const:g_ppui32TimerIntMap)
                  000014c4    00000040                   : timer.obj (.const:g_ppui32TimerIntMapSnowflake)
                  00001504    0000001c     uartstdio.obj (.const)
                  00001520    00000012     uartstdio.obj (.const:.string)

.cinit     0    00001538    00000040     
                  00001538    00000016     (.cinit..data.load) [load image, compression = rle]
                  0000154e    00000002     --HOLE-- [fill = 0]
                  00001550    0000000c     (__TI_handler_table)
                  0000155c    00000004     --HOLE-- [fill = 0]
                  00001560    00000008     (.cinit..vtable.load) [load image, compression = zero_init]
                  00001568    00000010     (__TI_cinit_table)

.vtable    0    20000000    0000026c     UNINITIALIZED
                  20000000    0000026c     driverlib.lib : interrupt.obj (.vtable)

.stack     0    2000026c    00000200     UNINITIALIZED
                  2000026c    00000200     --HOLE--

.data      0    2000046c    00000024     
                  2000046c    00000008     main.obj (.data)
                  20000474    00000008     rtsv7M4_T_le_v4SPD16_eabi.lib : _lock.obj (.data)
                  2000047c    00000008                                   : exit.obj (.data)
                  20000484    00000005     uartstdio.obj (.data)
                  20000489    00000003     --HOLE--
                  2000048c    00000004     rtsv7M4_T_le_v4SPD16_eabi.lib : stkdepth_vars.obj (.data)


LINKER GENERATED COPY TABLES

__TI_cinit_table @ 00001568 records: 2, size/record: 8, table size: 16
	.data: load addr=00001538, load size=00000016 bytes, run addr=2000046c, run size=00000024 bytes, compression=rle
	.vtable: load addr=00001560, load size=00000008 bytes, run addr=20000000, run size=0000026c bytes, compression=zero_init


LINKER GENERATED HANDLER TABLE

__TI_handler_table @ 00001550 records: 3, size/record: 4, table size: 12
	index: 0, handler: __TI_zero_init
	index: 1, handler: __TI_decompress_rle24
	index: 2, handler: __TI_decompress_none


GLOBAL SYMBOLS: SORTED ALPHABETICALLY BY Name 

address    name
--------   ----
00001105   C$$EXIT
000007b5   ConfigurePWM
00000849   ConfigureTimer
0000080d   ConfigureUART
000011ad   GPIODirModeSet
00000995   GPIOPadConfigSet
00000fa9   GPIOPinConfigure
00001291   GPIOPinTypePWM
000012a3   GPIOPinTypeUART
00000de1   IntDisable
00000e41   IntEnable
00001145   IntRegister
000011d7   PWMGenConfigure
00001325   PWMGenEnable
000012eb   PWMGenPeriodSet
000012b5   PWMOutputState
20000470   PWMPeriod
00001219   PWMPulseWidthSet
00001331   ResetISR
UNDEFED    SHT$$INIT_ARRAY$$Base
UNDEFED    SHT$$INIT_ARRAY$$Limit
00000bc1   SysCtlClockSet
0000134f   SysCtlDelay
00001269   SysCtlPWMClockSet
00001179   SysCtlPeripheralEnable
00000709   Timer0AIntHandler
00000f01   TimerConfigure
000012fb   TimerEnable
00001361   TimerIntClear
0000133d   TimerIntDisable
00001347   TimerIntEnable
00001237   TimerIntRegister
000012c7   TimerLoadSet
00001309   UARTCharGetNonBlocking
00001355   UARTClockSourceSet
0000026d   UARTStdioConfig
000003d5   UARTgetc
00000313   UARTgets
000006d5   UARTprintf
00000409   UARTvprintf
000002c5   UARTwrite
2000046c   __STACK_END
00000200   __STACK_SIZE
2000046c   __STACK_TOP
00001568   __TI_CINIT_Base
00001578   __TI_CINIT_Limit
00001550   __TI_Handler_Table_Base
0000155c   __TI_Handler_Table_Limit
00000001   __TI_args_main
00000d4d   __TI_auto_init
00001317   __TI_decompress_none
0000135b   __TI_decompress_rle24
00000000   __TI_static_base__
000012d9   __TI_zero_init
0000107d   __aeabi_d2uiz
00000ac5   __aeabi_dmul
00000cb1   __aeabi_memcpy
00000cb1   __aeabi_memcpy4
00000cb1   __aeabi_memcpy8
000011f9   __aeabi_ui2d
000010c1   __aeabi_uidivmod
ffffffff   __binit__
ffffffff   __c_args__
2000026c   __stack
00001251   _args_main
00000ff1   _c_int00
2000047c   _cleanup_ptr
20000480   _dtors_ptr
20000474   _lock
0000128b   _nop
00001283   _register_lock
0000127d   _register_unlock
20000478   _unlock
00001109   abort
ffffffff   binit
00001039   copy_in
00001111   exit
20000000   g_pfnRAMVectors
00000000   g_pfnVectors
0000087d   main
2000048c   main_func_sp
00000cb1   memcpy
2000046c   timercount


GLOBAL SYMBOLS: SORTED BY Symbol Address 

address    name
--------   ----
00000000   __TI_static_base__
00000000   g_pfnVectors
00000001   __TI_args_main
00000200   __STACK_SIZE
0000026d   UARTStdioConfig
000002c5   UARTwrite
00000313   UARTgets
000003d5   UARTgetc
00000409   UARTvprintf
000006d5   UARTprintf
00000709   Timer0AIntHandler
000007b5   ConfigurePWM
0000080d   ConfigureUART
00000849   ConfigureTimer
0000087d   main
00000995   GPIOPadConfigSet
00000ac5   __aeabi_dmul
00000bc1   SysCtlClockSet
00000cb1   __aeabi_memcpy
00000cb1   __aeabi_memcpy4
00000cb1   __aeabi_memcpy8
00000cb1   memcpy
00000d4d   __TI_auto_init
00000de1   IntDisable
00000e41   IntEnable
00000f01   TimerConfigure
00000fa9   GPIOPinConfigure
00000ff1   _c_int00
00001039   copy_in
0000107d   __aeabi_d2uiz
000010c1   __aeabi_uidivmod
00001105   C$$EXIT
00001109   abort
00001111   exit
00001145   IntRegister
00001179   SysCtlPeripheralEnable
000011ad   GPIODirModeSet
000011d7   PWMGenConfigure
000011f9   __aeabi_ui2d
00001219   PWMPulseWidthSet
00001237   TimerIntRegister
00001251   _args_main
00001269   SysCtlPWMClockSet
0000127d   _register_unlock
00001283   _register_lock
0000128b   _nop
00001291   GPIOPinTypePWM
000012a3   GPIOPinTypeUART
000012b5   PWMOutputState
000012c7   TimerLoadSet
000012d9   __TI_zero_init
000012eb   PWMGenPeriodSet
000012fb   TimerEnable
00001309   UARTCharGetNonBlocking
00001317   __TI_decompress_none
00001325   PWMGenEnable
00001331   ResetISR
0000133d   TimerIntDisable
00001347   TimerIntEnable
0000134f   SysCtlDelay
00001355   UARTClockSourceSet
0000135b   __TI_decompress_rle24
00001361   TimerIntClear
00001550   __TI_Handler_Table_Base
0000155c   __TI_Handler_Table_Limit
00001568   __TI_CINIT_Base
00001578   __TI_CINIT_Limit
20000000   g_pfnRAMVectors
2000026c   __stack
2000046c   __STACK_END
2000046c   __STACK_TOP
2000046c   timercount
20000470   PWMPeriod
20000474   _lock
20000478   _unlock
2000047c   _cleanup_ptr
20000480   _dtors_ptr
2000048c   main_func_sp
ffffffff   __binit__
ffffffff   __c_args__
ffffffff   binit
UNDEFED    SHT$$INIT_ARRAY$$Base
UNDEFED    SHT$$INIT_ARRAY$$Limit

[83 symbols]
