******************************************************************************
                  TI ARM Linker PC v5.1.10                     
******************************************************************************
>> Linked Fri Mar 06 21:53:34 2015

OUTPUT FILE NAME:   <Euler_Kalman.out>
ENTRY POINT SYMBOL: "_c_int00"  address: 00004dd5


MEMORY CONFIGURATION

         name            origin    length      used     unused   attr    fill
----------------------  --------  ---------  --------  --------  ----  --------
  FLASH                 00000000   00040000  000057e8  0003a818  R  X
  SRAM                  20000000   00008000  00000780  00007880  RW X


SEGMENT ALLOCATION MAP

run origin  load origin   length   init length attrs members
----------  ----------- ---------- ----------- ----- -------
00000000    00000000    000057e8   000057e8    r-x
  00000000    00000000    0000026c   0000026c    r-- .intvecs
  0000026c    0000026c    000050ac   000050ac    r-x .text
  00005318    00005318    00000418   00000418    r-- .const
  00005730    00005730    000000b8   000000b8    r-- .cinit
20000000    20000000    00000784   00000000    rw-
  20000000    20000000    0000026c   00000000    rw- .vtable
  20000270    20000270    00000238   00000000    rw- .data
  200004a8    200004a8    00000200   00000000    rw- .stack
  200006a8    200006a8    000000dc   00000000    rw- .bss


SECTION ALLOCATION MAP

 output                                  attributes/
section   page    origin      length       input sections
--------  ----  ----------  ----------   ----------------
.init_array 
*          0    00000000    00000000     UNINITIALIZED

.intvecs   0    00000000    0000026c     
                  00000000    0000026c     startup_ccs.obj (.intvecs)

.text      0    0000026c    000050ac     
                  0000026c    00001358     Kalman_Filter.obj (.text)
                  000015c4    000007e8     I2C_Stellaris_API.obj (.text)
                  00001dac    0000054c     main.obj (.text)
                  000022f8    000004dc     uartstdio.obj (.text)
                  000027d4    000004a8     rtsv7M4_T_le_v4SPD16_eabi.lib : pow.obj (.text)
                  00002c7c    000003f0                                   : powf.obj (.text)
                  0000306c    000002ec                                   : xlog.obj (.text)
                  00003358    000001fc                                   : xexp.obj (.text)
                  00003554    000001b6                                   : fd_add_t2.obj (.text)
                  0000370a    00000002     --HOLE-- [fill = 0]
                  0000370c    00000184                                   : xfexp.obj (.text)
                  00003890    00000178                                   : xflog.obj (.text)
                  00003a08    00000170                                   : xfsin.obj (.text)
                  00003b78    00000136                                   : fd_div_t2.obj (.text)
                  00003cae    00000130     driverlib.lib : gpio.obj (.text:GPIOPadConfigSet)
                  00003dde    00000002     --HOLE-- [fill = 0]
                  00003de0    00000124     rtsv7M4_T_le_v4SPD16_eabi.lib : fmodf.obj (.text)
                  00003f04    00000118     driverlib.lib : sysctl.obj (.text:SysCtlClockGet)
                  0000401c    00000110     rtsv7M4_T_le_v4SPD16_eabi.lib : xdscale.obj (.text)
                  0000412c    000000fc                                   : fd_mul_t2.obj (.text)
                  00004228    000000f0     driverlib.lib : sysctl.obj (.text:SysCtlClockSet)
                  00004318    000000d8     rtsv7M4_T_le_v4SPD16_eabi.lib : atan2f.obj (.text)
                  000043f0    000000c4                                   : xdint.obj (.text)
                  000044b4    000000c4                                   : xdnorm.obj (.text)
                  00004578    000000c0                                   : xfdscale.obj (.text)
                  00004638    000000b0                                   : asinf.obj (.text)
                  000046e8    000000a8                                   : xfatan.obj (.text)
                  00004790    0000009c                                   : memcpy_t2.obj (.text)
                  0000482c    00000094                                   : auto_init.obj (.text)
                  000048c0    00000090                                   : xfdint.obj (.text)
                  00004950    00000086                                   : fd_cmp_t2.obj (.text:__aeabi_cdcmple)
                  000049d6    00000086                                   : fd_cmp_t2.obj (.text:__aeabi_cdrcmple)
                  00004a5c    0000007a                                   : xfdnorm.obj (.text)
                  00004ad6    00000064                                   : xdunscal.obj (.text)
                  00004b3a    00000002     --HOLE-- [fill = 0]
                  00004b3c    00000060     driverlib.lib : interrupt.obj (.text:IntEnable)
                  00004b9c    0000005e     rtsv7M4_T_le_v4SPD16_eabi.lib : copy_decompress_rle.obj (.text)
                  00004bfa    00000002     --HOLE-- [fill = 0]
                  00004bfc    0000005c     driverlib.lib : timer.obj (.text:TimerConfigure)
                  00004c58    00000054     rtsv7M4_T_le_v4SPD16_eabi.lib : xfdunsca.obj (.text)
                  00004cac    0000004c     driverlib.lib : timer.obj (.text:_TimerIntNumberGet)
                  00004cf8    0000004a     rtsv7M4_T_le_v4SPD16_eabi.lib : fd_tos_t2.obj (.text)
                  00004d42    00000002     --HOLE-- [fill = 0]
                  00004d44    00000048     driverlib.lib : gpio.obj (.text:GPIOPinConfigure)
                  00004d8c    00000048                   : i2c.obj (.text:I2CMasterInitExpClk)
                  00004dd4    00000048     rtsv7M4_T_le_v4SPD16_eabi.lib : boot.obj (.text)
                  00004e1c    00000048                                   : fd_toi_t2.obj (.text)
                  00004e64    00000044                                   : cpy_tbl.obj (.text)
                  00004ea8    00000044                                   : exit.obj (.text)
                  00004eec    00000042                                   : u_divt2.obj (.text)
                  00004f2e    00000002     --HOLE-- [fill = 0]
                  00004f30    00000040                                   : signal.obj (.text)
                  00004f70    00000038                                   : fs_tod_t2.obj (.text)
                  00004fa8    00000034     driverlib.lib : interrupt.obj (.text:IntRegister)
                  00004fdc    00000034                   : sysctl.obj (.text:SysCtlPeripheralEnable)
                  00005010    00000034     rtsv7M4_T_le_v4SPD16_eabi.lib : feraiseexcept.obj (.text)
                  00005044    00000034                                   : xfdtest.obj (.text)
                  00005078    00000030                                   : xferaise.obj (.text)
                  000050a8    0000002e                                   : i_tofd_t2.obj (.text)
                  000050d6    0000002e                                   : raise.obj (.text)
                  00005104    0000002a     driverlib.lib : gpio.obj (.text:GPIODirModeSet)
                  0000512e    00000002     --HOLE-- [fill = 0]
                  00005130    00000024     rtsv7M4_T_le_v4SPD16_eabi.lib : sqrtf.obj (.text)
                  00005154    00000022     driverlib.lib : pwm.obj (.text:PWMGenConfigure)
                  00005176    0000001e                   : pwm.obj (.text:PWMPulseWidthSet)
                  00005194    0000001a     rtsv7M4_T_le_v4SPD16_eabi.lib : log.obj (.text)
                  000051ae    00000018     driverlib.lib : timer.obj (.text:TimerIntRegister)
                  000051c6    00000002     --HOLE-- [fill = 0]
                  000051c8    00000018     rtsv7M4_T_le_v4SPD16_eabi.lib : args_main.obj (.text)
                  000051e0    00000014     driverlib.lib : sysctl.obj (.text:SysCtlPWMClockSet)
                  000051f4    00000014     rtsv7M4_T_le_v4SPD16_eabi.lib : _lock.obj (.text)
                  00005208    00000012     driverlib.lib : gpio.obj (.text:GPIOPinTypeI2C)
                  0000521a    00000012                   : gpio.obj (.text:GPIOPinTypeI2CSCL)
                  0000522c    00000012                   : gpio.obj (.text:GPIOPinTypePWM)
                  0000523e    00000012                   : gpio.obj (.text:GPIOPinTypeUART)
                  00005250    00000012                   : pwm.obj (.text:PWMOutputState)
                  00005262    00000012                   : timer.obj (.text:TimerLoadSet)
                  00005274    00000012     rtsv7M4_T_le_v4SPD16_eabi.lib : copy_zero_init.obj (.text:decompress:ZI)
                  00005286    00000010     driverlib.lib : pwm.obj (.text:PWMGenPeriodSet)
                  00005296    0000000e     rtsv7M4_T_le_v4SPD16_eabi.lib : copy_decompress_none.obj (.text:decompress:none)
                  000052a4    0000000c     driverlib.lib : pwm.obj (.text:PWMGenEnable)
                  000052b0    0000000c                   : uart.obj (.text:UARTCharsAvail)
                  000052bc    0000000c     startup_ccs.obj (.text)
                  000052c8    0000000a     driverlib.lib : i2c.obj (.text:I2CMasterEnable)
                  000052d2    0000000a                   : uart.obj (.text:UARTCharGet)
                  000052dc    00000008                   : i2c.obj (.text:I2CMasterBusy)
                  000052e4    00000008                   : timer.obj (.text:TimerIntEnable)
                  000052ec    00000006                   : sysctl.obj (.text:SysCtlDelay)
                  000052f2    00000006                   : uart.obj (.text:UARTClockSourceSet)
                  000052f8    00000006     rtsv7M4_T_le_v4SPD16_eabi.lib : copy_decompress_rle.obj (.text:decompress:rle24)
                  000052fe    00000006                                   : cosf.obj (.text)
                  00005304    00000006                                   : logf.obj (.text)
                  0000530a    00000006                                   : sinf.obj (.text)
                  00005310    00000004     driverlib.lib : i2c.obj (.text:I2CMasterDataGet)
                  00005314    00000004                   : timer.obj (.text:TimerIntClear)

.const     0    00005318    00000418     
                  00005318    00000090     driverlib.lib : gpio.obj (.const:g_pui32GPIOBaseAddrs)
                  000053a8    00000070                   : interrupt.obj (.const)
                  00005418    0000006c                   : sysctl.obj (.const:g_pui32Xtals)
                  00005484    00000060                   : timer.obj (.const:g_ppui32TimerIntMap)
                  000054e4    00000004     --HOLE-- [fill = 0]
                  000054e8    00000048     rtsv7M4_T_le_v4SPD16_eabi.lib : xexp.obj (.const)
                  00005530    00000040     Kalman_Filter.obj (.const:$P$T0$1)
                  00005570    00000040     driverlib.lib : timer.obj (.const:g_ppui32TimerIntMapSnowflake)
                  000055b0    00000038     rtsv7M4_T_le_v4SPD16_eabi.lib : xlog.obj (.const:p)
                  000055e8    00000038                                   : xflog.obj (.const)
                  00005620    00000034                                   : xfatan.obj (.const)
                  00005654    00000030                                   : xdint.obj (.const)
                  00005684    00000028                                   : xfdint.obj (.const)
                  000056ac    00000028                                   : xfsin.obj (.const)
                  000056d4    0000001c                                   : xfexp.obj (.const)
                  000056f0    0000001c     uartstdio.obj (.const)
                  0000570c    00000012     uartstdio.obj (.const:.string)
                  0000571e    00000002     --HOLE-- [fill = 0]
                  00005720    00000010     main.obj (.const)

.cinit     0    00005730    000000b8     
                  00005730    0000007d     (.cinit..data.load) [load image, compression = rle]
                  000057ad    00000003     --HOLE-- [fill = 0]
                  000057b0    0000000c     (__TI_handler_table)
                  000057bc    00000004     --HOLE-- [fill = 0]
                  000057c0    00000008     (.cinit..bss.load) [load image, compression = zero_init]
                  000057c8    00000008     (.cinit..vtable.load) [load image, compression = zero_init]
                  000057d0    00000018     (__TI_cinit_table)

.vtable    0    20000000    0000026c     UNINITIALIZED
                  20000000    0000026c     driverlib.lib : interrupt.obj (.vtable)

.data      0    20000270    00000238     UNINITIALIZED
                  20000270    000000b0     rtsv7M4_T_le_v4SPD16_eabi.lib : signal.obj (.data:sigtable)
                  20000320    00000080                                   : xvalues.obj (.data)
                  200003a0    00000068                                   : xfvalues.obj (.data)
                  20000408    00000040     Kalman_Filter.obj (.data:P)
                  20000448    00000034     Kalman_Filter.obj (.data)
                  2000047c    00000008     rtsv7M4_T_le_v4SPD16_eabi.lib : _lock.obj (.data)
                  20000484    00000008                                   : exit.obj (.data)
                  2000048c    00000008                                   : feraiseexcept.obj (.data)
                  20000494    00000005     uartstdio.obj (.data)
                  20000499    00000003     --HOLE--
                  2000049c    00000004     main.obj (.data)
                  200004a0    00000004     rtsv7M4_T_le_v4SPD16_eabi.lib : errno.obj (.data)
                  200004a4    00000004                                   : stkdepth_vars.obj (.data)

.stack     0    200004a8    00000200     UNINITIALIZED
                  200004a8    00000200     --HOLE--

.bss       0    200006a8    000000dc     UNINITIALIZED
                  200006a8    00000040     Kalman_Filter.obj (.bss:A)
                  200006e8    00000040     Kalman_Filter.obj (.bss:K)
                  20000728    00000040     Kalman_Filter.obj (.bss:Pp)
                  20000768    00000010     (.common:xp)
                  20000778    0000000c     (.common:Eulerangle)


LINKER GENERATED COPY TABLES

__TI_cinit_table @ 000057d0 records: 3, size/record: 8, table size: 24
	.data: load addr=00005730, load size=0000007d bytes, run addr=20000270, run size=00000238 bytes, compression=rle
	.bss: load addr=000057c0, load size=00000008 bytes, run addr=200006a8, run size=000000dc bytes, compression=zero_init
	.vtable: load addr=000057c8, load size=00000008 bytes, run addr=20000000, run size=0000026c bytes, compression=zero_init


LINKER GENERATED HANDLER TABLE

__TI_handler_table @ 000057b0 records: 3, size/record: 4, table size: 12
	index: 0, handler: __TI_zero_init
	index: 1, handler: __TI_decompress_rle24
	index: 2, handler: __TI_decompress_none


GLOBAL SYMBOLS: SORTED ALPHABETICALLY BY Name 

address    name
--------   ----
200006a8   A
20000448   Acc
00000aad   Acc2Euler
00000df9   Angular2A
00004ea9   C$$EXIT
20000460   Compass
00001eab   ConfigurePWM
00001e3d   ConfigureTimer
00001e71   ConfigureUART
0000077b   CrossProduct
00000c79   Euler2Querter
20000778   Eulerangle
00005105   GPIODirModeSet
00003caf   GPIOPadConfigSet
00004d45   GPIOPinConfigure
00005209   GPIOPinTypeI2C
0000521b   GPIOPinTypeI2CSCL
0000522d   GPIOPinTypePWM
0000523f   GPIOPinTypeUART
00000895   GetFromHMC5883L
00000941   GetFromMPU6050
20000454   Gyro
00001be7   I2CBusCheck
00001b2b   I2CBusScan
000052dd   I2CMasterBusy
00005311   I2CMasterDataGet
000052c9   I2CMasterEnable
00004d8d   I2CMasterInitExpClk
00001929   I2CReadData
00001725   I2CRegRead
000017e9   I2CRegWrite
000015c5   I2CSetup
00001a35   I2CWriteData
00004b3d   IntEnable
00004fa9   IntRegister
000005a3   InverseMatrix
200006e8   K
00000fd5   KalmanFilter
00001fcf   Motor_Control
00000809   Norm_Vector
20000408   P
00005155   PWMGenConfigure
000052a5   PWMGenEnable
00005287   PWMGenPeriodSet
00005251   PWMOutputState
2000049c   PWMPeriod
00005177   PWMPulseWidthSet
20000728   Pp
000052bd   ResetISR
UNDEFED    SHT$$INIT_ARRAY$$Base
UNDEFED    SHT$$INIT_ARRAY$$Limit
00003f05   SysCtlClockGet
00004229   SysCtlClockSet
000052ed   SysCtlDelay
000051e1   SysCtlPWMClockSet
00004fdd   SysCtlPeripheralEnable
00001dad   Timer0AIntHandler
00004bfd   TimerConfigure
00005315   TimerIntClear
000052e5   TimerIntEnable
000051af   TimerIntRegister
00005263   TimerLoadSet
000052d3   UARTCharGet
000052b1   UARTCharsAvail
000052f3   UARTClockSourceSet
000022f9   UARTStdioConfig
00002471   UARTgetc
000023ab   UARTgets
0000279f   UARTprintf
000024a5   UARTvprintf
00002359   UARTwrite
20000320   _Denorm
000043f1   _Dint
000044b5   _Dnorm
0000401d   _Dscale
00004ad7   _Dunscale
20000330   _Eps
200004a0   _Errno
00003359   _Exp
000046e9   _FAtan
200003a0   _FDenorm
000048c1   _FDint
00004a5d   _FDnorm
00004579   _FDscale
00005045   _FDtest
00004c59   _FDunscale
200003b0   _FEps
0000370d   _FExp
200003c0   _FInf
00003891   _FLog
200003d0   _FNan
200003f0   _FRteps
00003a09   _FSin
200003e0   _FSnan
20000400   _FXbig
20000404   _FZero
2000048c   _Fenv
00005079   _Feraise
20000340   _Hugeval
20000350   _Inf
0000306d   _Log
20000360   _Nan
20000380   _Rteps
20000370   _Snan
20000490   _Tls_setup__Fenv
20000390   _Xbig
20000398   _Zero
200006a8   __STACK_END
00000200   __STACK_SIZE
200006a8   __STACK_TOP
000057d0   __TI_CINIT_Base
000057e8   __TI_CINIT_Limit
000057b0   __TI_Handler_Table_Base
000057bc   __TI_Handler_Table_Limit
00000001   __TI_args_main
0000482d   __TI_auto_init
20000484   __TI_cleanup_ptr
00005297   __TI_decompress_none
000052f9   __TI_decompress_rle24
20000488   __TI_dtors_ptr
00000000   __TI_static_base__
00005275   __TI_zero_init
00004951   __aeabi_cdcmpeq
00004951   __aeabi_cdcmple
000049d7   __aeabi_cdrcmple
00004cf9   __aeabi_d2f
00004e1d   __aeabi_d2iz
0000355f   __aeabi_dadd
00003b79   __aeabi_ddiv
0000412d   __aeabi_dmul
00003555   __aeabi_dsub
00004f71   __aeabi_f2d
000050a9   __aeabi_i2d
00004791   __aeabi_memcpy
00004791   __aeabi_memcpy4
00004791   __aeabi_memcpy8
00004eed   __aeabi_uidiv
00004eed   __aeabi_uidivmod
ffffffff   __binit__
ffffffff   __c_args__
200004a8   __stack
000051c9   _args_main
00004dd5   _c_int00
2000047c   _lock
00005203   _nop
000051fb   _register_lock
000051f5   _register_unlock
20000480   _unlock
00004ead   abort
00004639   asinf
00004319   atan2f
ffffffff   binit
00004e65   copy_in
000052ff   cosf
0000026d   determinant
00004eb5   exit
00005011   feraiseexcept
00003de1   fmodf
20000000   g_pfnRAMVectors
00000000   g_pfnVectors
00005195   log
00005305   logf
000020e1   main
200004a4   main_func_sp
00004791   memcpy
000027d5   pow
00002c7d   powf
000050d7   raise
00004f31   signal
0000530b   sinf
00005131   sqrtf
2000046c   x
20000768   xp


GLOBAL SYMBOLS: SORTED BY Symbol Address 

address    name
--------   ----
00000000   __TI_static_base__
00000000   g_pfnVectors
00000001   __TI_args_main
00000200   __STACK_SIZE
0000026d   determinant
000005a3   InverseMatrix
0000077b   CrossProduct
00000809   Norm_Vector
00000895   GetFromHMC5883L
00000941   GetFromMPU6050
00000aad   Acc2Euler
00000c79   Euler2Querter
00000df9   Angular2A
00000fd5   KalmanFilter
000015c5   I2CSetup
00001725   I2CRegRead
000017e9   I2CRegWrite
00001929   I2CReadData
00001a35   I2CWriteData
00001b2b   I2CBusScan
00001be7   I2CBusCheck
00001dad   Timer0AIntHandler
00001e3d   ConfigureTimer
00001e71   ConfigureUART
00001eab   ConfigurePWM
00001fcf   Motor_Control
000020e1   main
000022f9   UARTStdioConfig
00002359   UARTwrite
000023ab   UARTgets
00002471   UARTgetc
000024a5   UARTvprintf
0000279f   UARTprintf
000027d5   pow
00002c7d   powf
0000306d   _Log
00003359   _Exp
00003555   __aeabi_dsub
0000355f   __aeabi_dadd
0000370d   _FExp
00003891   _FLog
00003a09   _FSin
00003b79   __aeabi_ddiv
00003caf   GPIOPadConfigSet
00003de1   fmodf
00003f05   SysCtlClockGet
0000401d   _Dscale
0000412d   __aeabi_dmul
00004229   SysCtlClockSet
00004319   atan2f
000043f1   _Dint
000044b5   _Dnorm
00004579   _FDscale
00004639   asinf
000046e9   _FAtan
00004791   __aeabi_memcpy
00004791   __aeabi_memcpy4
00004791   __aeabi_memcpy8
00004791   memcpy
0000482d   __TI_auto_init
000048c1   _FDint
00004951   __aeabi_cdcmpeq
00004951   __aeabi_cdcmple
000049d7   __aeabi_cdrcmple
00004a5d   _FDnorm
00004ad7   _Dunscale
00004b3d   IntEnable
00004bfd   TimerConfigure
00004c59   _FDunscale
00004cf9   __aeabi_d2f
00004d45   GPIOPinConfigure
00004d8d   I2CMasterInitExpClk
00004dd5   _c_int00
00004e1d   __aeabi_d2iz
00004e65   copy_in
00004ea9   C$$EXIT
00004ead   abort
00004eb5   exit
00004eed   __aeabi_uidiv
00004eed   __aeabi_uidivmod
00004f31   signal
00004f71   __aeabi_f2d
00004fa9   IntRegister
00004fdd   SysCtlPeripheralEnable
00005011   feraiseexcept
00005045   _FDtest
00005079   _Feraise
000050a9   __aeabi_i2d
000050d7   raise
00005105   GPIODirModeSet
00005131   sqrtf
00005155   PWMGenConfigure
00005177   PWMPulseWidthSet
00005195   log
000051af   TimerIntRegister
000051c9   _args_main
000051e1   SysCtlPWMClockSet
000051f5   _register_unlock
000051fb   _register_lock
00005203   _nop
00005209   GPIOPinTypeI2C
0000521b   GPIOPinTypeI2CSCL
0000522d   GPIOPinTypePWM
0000523f   GPIOPinTypeUART
00005251   PWMOutputState
00005263   TimerLoadSet
00005275   __TI_zero_init
00005287   PWMGenPeriodSet
00005297   __TI_decompress_none
000052a5   PWMGenEnable
000052b1   UARTCharsAvail
000052bd   ResetISR
000052c9   I2CMasterEnable
000052d3   UARTCharGet
000052dd   I2CMasterBusy
000052e5   TimerIntEnable
000052ed   SysCtlDelay
000052f3   UARTClockSourceSet
000052f9   __TI_decompress_rle24
000052ff   cosf
00005305   logf
0000530b   sinf
00005311   I2CMasterDataGet
00005315   TimerIntClear
000057b0   __TI_Handler_Table_Base
000057bc   __TI_Handler_Table_Limit
000057d0   __TI_CINIT_Base
000057e8   __TI_CINIT_Limit
20000000   g_pfnRAMVectors
20000320   _Denorm
20000330   _Eps
20000340   _Hugeval
20000350   _Inf
20000360   _Nan
20000370   _Snan
20000380   _Rteps
20000390   _Xbig
20000398   _Zero
200003a0   _FDenorm
200003b0   _FEps
200003c0   _FInf
200003d0   _FNan
200003e0   _FSnan
200003f0   _FRteps
20000400   _FXbig
20000404   _FZero
20000408   P
20000448   Acc
20000454   Gyro
20000460   Compass
2000046c   x
2000047c   _lock
20000480   _unlock
20000484   __TI_cleanup_ptr
20000488   __TI_dtors_ptr
2000048c   _Fenv
20000490   _Tls_setup__Fenv
2000049c   PWMPeriod
200004a0   _Errno
200004a4   main_func_sp
200004a8   __stack
200006a8   A
200006a8   __STACK_END
200006a8   __STACK_TOP
200006e8   K
20000728   Pp
20000768   xp
20000778   Eulerangle
ffffffff   __binit__
ffffffff   __c_args__
ffffffff   binit
UNDEFED    SHT$$INIT_ARRAY$$Base
UNDEFED    SHT$$INIT_ARRAY$$Limit

[173 symbols]
