******************************************************************************
                  TI ARM Linker PC v5.0.4                      
******************************************************************************
>> Linked Thu Jan 29 01:01:08 2015

OUTPUT FILE NAME:   <Motor_Control_example1.out>
ENTRY POINT SYMBOL: "_c_int00"  address: 000011f5


MEMORY CONFIGURATION

         name            origin    length      used     unused   attr    fill
----------------------  --------  ---------  --------  --------  ----  --------
  FLASH                 00000000   00040000  000015fa  0003ea06  R  X
  SRAM                  20000000   00008000  00000224  00007ddc  RW X


SEGMENT ALLOCATION MAP

run origin  load origin   length   init length attrs members
----------  ----------- ---------- ----------- ----- -------
00000000    00000000    00001600   00001600    r-x
  00000000    00000000    0000026c   0000026c    r-- .intvecs
  0000026c    0000026c    000012a8   000012a8    r-x .text
  00001514    00001514    000000be   000000be    r-- .const
  000015d8    000015d8    00000028   00000028    r-- .cinit
20000000    20000000    00000200   00000000    rw-
  20000000    20000000    00000200   00000000    rw- .stack
20000200    20000200    00000024   00000024    rw-
  20000200    20000200    00000024   00000024    rw- .data


SECTION ALLOCATION MAP

 output                                  attributes/
section   page    origin      length       input sections
--------  ----  ----------  ----------   ----------------
.intvecs   0    00000000    0000026c     
                  00000000    0000026c     startup_ccs.obj (.intvecs)

.init_array 
*          0    00000000    00000000     UNINITIALIZED

.text      0    0000026c    000012a8     
                  0000026c    0000049c     uartstdio.obj (.text)
                  00000708    000002c4     main.obj (.text)
                  000009cc    000001b6     rtsv7M4_T_le_v4SPD16_eabi.lib : fd_add_t2.obj (.text)
                  00000b82    00000136                                   : fd_div_t2.obj (.text)
                  00000cb8    00000130     driverlib.lib : gpio.obj (.text:GPIOPadConfigSet)
                  00000de8    000000fc     rtsv7M4_T_le_v4SPD16_eabi.lib : fd_mul_t2.obj (.text)
                  00000ee4    000000f0     driverlib.lib : sysctl.obj (.text:SysCtlClockSet)
                  00000fd4    0000009c     rtsv7M4_T_le_v4SPD16_eabi.lib : memcpy_t2.obj (.text)
                  00001070    00000094                                   : auto_init.obj (.text)
                  00001104    0000005e                                   : copy_decompress_rle.obj (.text)
                  00001162    0000004a                                   : fd_tos_t2.obj (.text)
                  000011ac    00000048     driverlib.lib : gpio.obj (.text:GPIOPinConfigure)
                  000011f4    00000048     rtsv7M4_T_le_v4SPD16_eabi.lib : boot.obj (.text)
                  0000123c    00000044                                   : cpy_tbl.obj (.text)
                  00001280    00000044                                   : fd_tou_t2.obj (.text)
                  000012c4    00000042                                   : u_divt2.obj (.text)
                  00001306    00000002     --HOLE-- [fill = 0]
                  00001308    00000040                                   : exit.obj (.text)
                  00001348    00000038                                   : fs_tod_t2.obj (.text)
                  00001380    00000034     driverlib.lib : sysctl.obj (.text:SysCtlPeripheralEnable)
                  000013b4    0000002a                   : gpio.obj (.text:GPIODirModeSet)
                  000013de    00000022                   : pwm.obj (.text:PWMGenConfigure)
                  00001400    00000020     rtsv7M4_T_le_v4SPD16_eabi.lib : u_tofd_t2.obj (.text)
                  00001420    0000001e     driverlib.lib : pwm.obj (.text:PWMPulseWidthSet)
                  0000143e    00000002     --HOLE-- [fill = 0]
                  00001440    00000018     rtsv7M4_T_le_v4SPD16_eabi.lib : args_main.obj (.text)
                  00001458    00000014     driverlib.lib : sysctl.obj (.text:SysCtlPWMClockSet)
                  0000146c    00000014     rtsv7M4_T_le_v4SPD16_eabi.lib : _lock.obj (.text)
                  00001480    00000012     driverlib.lib : gpio.obj (.text:GPIOPinTypePWM)
                  00001492    00000012                   : gpio.obj (.text:GPIOPinTypeUART)
                  000014a4    00000012                   : pwm.obj (.text:PWMOutputState)
                  000014b6    00000010                   : pwm.obj (.text:PWMGenPeriodSet)
                  000014c6    0000000e     rtsv7M4_T_le_v4SPD16_eabi.lib : copy_decompress_none.obj (.text:decompress:none)
                  000014d4    0000000c     driverlib.lib : pwm.obj (.text:PWMGenEnable)
                  000014e0    0000000c                   : uart.obj (.text:UARTCharsAvail)
                  000014ec    0000000c     startup_ccs.obj (.text)
                  000014f8    0000000a     driverlib.lib : uart.obj (.text:UARTCharGet)
                  00001502    00000006                   : sysctl.obj (.text:SysCtlDelay)
                  00001508    00000006                   : uart.obj (.text:UARTClockSourceSet)
                  0000150e    00000006     rtsv7M4_T_le_v4SPD16_eabi.lib : copy_decompress_rle.obj (.text:decompress:rle24)

.const     0    00001514    000000be     
                  00001514    00000090     driverlib.lib : gpio.obj (.const:g_pui32GPIOBaseAddrs)
                  000015a4    0000001c     uartstdio.obj (.const)
                  000015c0    00000012     uartstdio.obj (.const:.string)

.cinit     0    000015d8    00000028     
                  000015d8    00000016     (.cinit..data.load) [load image, compression = rle]
                  000015ee    00000002     --HOLE-- [fill = 0]
                  000015f0    00000008     (__TI_handler_table)
                  000015f8    00000008     (__TI_cinit_table)

.stack     0    20000000    00000200     UNINITIALIZED
                  20000000    00000200     --HOLE--

.data      0    20000200    00000024     
                  20000200    00000008     main.obj (.data)
                  20000208    00000008     rtsv7M4_T_le_v4SPD16_eabi.lib : _lock.obj (.data)
                  20000210    00000008                                   : exit.obj (.data)
                  20000218    00000005     uartstdio.obj (.data)
                  2000021d    00000003     --HOLE--
                  20000220    00000004     rtsv7M4_T_le_v4SPD16_eabi.lib : stkdepth_vars.obj (.data)


LINKER GENERATED COPY TABLES

__TI_cinit_table @ 000015f8 records: 1, size/record: 8, table size: 8
	.data: load addr=000015d8, load size=00000016 bytes, run addr=20000200, run size=00000024 bytes, compression=rle


LINKER GENERATED HANDLER TABLE

__TI_handler_table @ 000015f0 records: 2, size/record: 4, table size: 8
	index: 0, handler: __TI_decompress_rle24
	index: 1, handler: __TI_decompress_none


GLOBAL SYMBOLS: SORTED ALPHABETICALLY BY Name 

address    name
--------   ----
00001309   C$$EXIT
00000709   ConfigurePWM
00000761   ConfigureUART
000013b5   GPIODirModeSet
00000cb9   GPIOPadConfigSet
000011ad   GPIOPinConfigure
00001481   GPIOPinTypePWM
00001493   GPIOPinTypeUART
0000079d   GetArrowKey
000013df   PWMGenConfigure
000014d5   PWMGenEnable
000014b7   PWMGenPeriodSet
000014a5   PWMOutputState
20000204   PWMPeriod
00001421   PWMPulseWidthSet
000014ed   ResetISR
UNDEFED    SHT$$INIT_ARRAY$$Base
UNDEFED    SHT$$INIT_ARRAY$$Limit
00000ee5   SysCtlClockSet
00001503   SysCtlDelay
00001459   SysCtlPWMClockSet
00001381   SysCtlPeripheralEnable
000014f9   UARTCharGet
000014e1   UARTCharsAvail
00001509   UARTClockSourceSet
0000026d   UARTStdioConfig
000003d5   UARTgetc
00000313   UARTgets
000006d5   UARTprintf
00000409   UARTvprintf
000002c5   UARTwrite
20000200   __STACK_END
00000200   __STACK_SIZE
20000200   __STACK_TOP
000015f8   __TI_CINIT_Base
00001600   __TI_CINIT_Limit
000015f0   __TI_Handler_Table_Base
000015f8   __TI_Handler_Table_Limit
00000001   __TI_args_main
00001071   __TI_auto_init
000014c7   __TI_decompress_none
0000150f   __TI_decompress_rle24
00000000   __TI_static_base__
00001163   __aeabi_d2f
00001281   __aeabi_d2uiz
000009d7   __aeabi_dadd
00000b83   __aeabi_ddiv
00000de9   __aeabi_dmul
000009cd   __aeabi_dsub
00001349   __aeabi_f2d
00000fd5   __aeabi_memcpy
00000fd5   __aeabi_memcpy4
00000fd5   __aeabi_memcpy8
00001401   __aeabi_ui2d
000012c5   __aeabi_uidivmod
ffffffff   __binit__
ffffffff   __c_args__
20000000   __stack
00001441   _args_main
000011f5   _c_int00
20000210   _cleanup_ptr
20000214   _dtors_ptr
20000208   _lock
0000147b   _nop
00001473   _register_lock
0000146d   _register_unlock
2000020c   _unlock
0000130d   abort
ffffffff   binit
0000123d   copy_in
00001315   exit
00000000   g_pfnVectors
000007db   main
20000220   main_func_sp
00000fd5   memcpy
20000200   timercount


GLOBAL SYMBOLS: SORTED BY Symbol Address 

address    name
--------   ----
00000000   __TI_static_base__
00000000   g_pfnVectors
00000001   __TI_args_main
00000200   __STACK_SIZE
0000026d   UARTStdioConfig
000002c5   UARTwrite
00000313   UARTgets
000003d5   UARTgetc
00000409   UARTvprintf
000006d5   UARTprintf
00000709   ConfigurePWM
00000761   ConfigureUART
0000079d   GetArrowKey
000007db   main
000009cd   __aeabi_dsub
000009d7   __aeabi_dadd
00000b83   __aeabi_ddiv
00000cb9   GPIOPadConfigSet
00000de9   __aeabi_dmul
00000ee5   SysCtlClockSet
00000fd5   __aeabi_memcpy
00000fd5   __aeabi_memcpy4
00000fd5   __aeabi_memcpy8
00000fd5   memcpy
00001071   __TI_auto_init
00001163   __aeabi_d2f
000011ad   GPIOPinConfigure
000011f5   _c_int00
0000123d   copy_in
00001281   __aeabi_d2uiz
000012c5   __aeabi_uidivmod
00001309   C$$EXIT
0000130d   abort
00001315   exit
00001349   __aeabi_f2d
00001381   SysCtlPeripheralEnable
000013b5   GPIODirModeSet
000013df   PWMGenConfigure
00001401   __aeabi_ui2d
00001421   PWMPulseWidthSet
00001441   _args_main
00001459   SysCtlPWMClockSet
0000146d   _register_unlock
00001473   _register_lock
0000147b   _nop
00001481   GPIOPinTypePWM
00001493   GPIOPinTypeUART
000014a5   PWMOutputState
000014b7   PWMGenPeriodSet
000014c7   __TI_decompress_none
000014d5   PWMGenEnable
000014e1   UARTCharsAvail
000014ed   ResetISR
000014f9   UARTCharGet
00001503   SysCtlDelay
00001509   UARTClockSourceSet
0000150f   __TI_decompress_rle24
000015f0   __TI_Handler_Table_Base
000015f8   __TI_CINIT_Base
000015f8   __TI_Handler_Table_Limit
00001600   __TI_CINIT_Limit
20000000   __stack
20000200   __STACK_END
20000200   __STACK_TOP
20000200   timercount
20000204   PWMPeriod
20000208   _lock
2000020c   _unlock
20000210   _cleanup_ptr
20000214   _dtors_ptr
20000220   main_func_sp
ffffffff   __binit__
ffffffff   __c_args__
ffffffff   binit
UNDEFED    SHT$$INIT_ARRAY$$Base
UNDEFED    SHT$$INIT_ARRAY$$Limit

[76 symbols]
