******************************************************************************
                  TI ARM Linker PC v5.1.10                     
******************************************************************************
>> Linked Mon Mar 30 12:49:07 2015

OUTPUT FILE NAME:   <MyQuad_YJ.out>
ENTRY POINT SYMBOL: "_c_int00"  address: 00005ab5


MEMORY CONFIGURATION

         name            origin    length      used     unused   attr    fill
----------------------  --------  ---------  --------  --------  ----  --------
  FLASH                 00000000   00040000  0000661c  000399e4  R  X
  SRAM                  20000000   00008000  000007e0  00007820  RW X


SEGMENT ALLOCATION MAP

run origin  load origin   length   init length attrs members
----------  ----------- ---------- ----------- ----- -------
00000000    00000000    00006620   00006620    r-x
  00000000    00000000    0000026c   0000026c    r-- .intvecs
  0000026c    0000026c    00005e14   00005e14    r-x .text
  00006080    00006080    000004b4   000004b4    r-- .const
  00006538    00006538    000000e8   000000e8    r-- .cinit
20000000    20000000    000007e4   00000000    rw-
  20000000    20000000    0000026c   00000000    rw- .vtable
  20000270    20000270    00000298   00000000    rw- .data
  20000508    20000508    00000200   00000000    rw- .stack
  20000708    20000708    000000dc   00000000    rw- .bss


SECTION ALLOCATION MAP

 output                                  attributes/
section   page    origin      length       input sections
--------  ----  ----------  ----------   ----------------
.init_array 
*          0    00000000    00000000     UNINITIALIZED

.intvecs   0    00000000    0000026c     
                  00000000    0000026c     startup_ccs.obj (.intvecs)

.text      0    0000026c    00005e14     
                  0000026c    000013e4     Kalman_Filter.obj (.text)
                  00001650    000007f8     PID.obj (.text)
                  00001e48    000007e8     I2C_Stellaris_API.obj (.text)
                  00002630    00000534     main.obj (.text)
                  00002b64    000004dc     uartstdio.obj (.text)
                  00003040    000004a8     rtsv7M4_T_le_v4SPD16_eabi.lib : pow.obj (.text)
                  000034e8    000003f0                                   : powf.obj (.text)
                  000038d8    000002ec                                   : xlog.obj (.text)
                  00003bc4    000002a8                                   : xsin.obj (.text)
                  00003e6c    000001fc                                   : xexp.obj (.text)
                  00004068    000001b6                                   : fd_add_t2.obj (.text)
                  0000421e    00000002     --HOLE-- [fill = 0]
                  00004220    00000184                                   : xfexp.obj (.text)
                  000043a4    00000178                                   : xflog.obj (.text)
                  0000451c    00000170                                   : xfsin.obj (.text)
                  0000468c    0000016c                                   : fmod.obj (.text)
                  000047f8    00000136                                   : fd_div_t2.obj (.text)
                  0000492e    00000130     driverlib.lib : gpio.obj (.text:GPIOPadConfigSet)
                  00004a5e    00000002     --HOLE-- [fill = 0]
                  00004a60    00000124     rtsv7M4_T_le_v4SPD16_eabi.lib : fmodf.obj (.text)
                  00004b84    00000118     driverlib.lib : sysctl.obj (.text:SysCtlClockGet)
                  00004c9c    00000110     rtsv7M4_T_le_v4SPD16_eabi.lib : xdscale.obj (.text)
                  00004dac    000000fc                                   : fd_mul_t2.obj (.text)
                  00004ea8    000000f0     driverlib.lib : sysctl.obj (.text:SysCtlClockSet)
                  00004f98    000000d8     rtsv7M4_T_le_v4SPD16_eabi.lib : atan2f.obj (.text)
                  00005070    000000c4                                   : xdint.obj (.text)
                  00005134    000000c4                                   : xdnorm.obj (.text)
                  000051f8    000000c0                                   : xfdscale.obj (.text)
                  000052b8    000000b0                                   : asinf.obj (.text)
                  00005368    000000a8                                   : xfatan.obj (.text)
                  00005410    0000009c                                   : memcpy_t2.obj (.text)
                  000054ac    00000094                                   : auto_init.obj (.text)
                  00005540    00000090                                   : xfdint.obj (.text)
                  000055d0    00000086                                   : fd_cmp_t2.obj (.text:__aeabi_cdcmple)
                  00005656    00000086                                   : fd_cmp_t2.obj (.text:__aeabi_cdrcmple)
                  000056dc    0000007a                                   : xfdnorm.obj (.text)
                  00005756    00000064                                   : xdunscal.obj (.text)
                  000057ba    00000002     --HOLE-- [fill = 0]
                  000057bc    00000060     driverlib.lib : interrupt.obj (.text:IntDisable)
                  0000581c    00000060                   : interrupt.obj (.text:IntEnable)
                  0000587c    0000005e     rtsv7M4_T_le_v4SPD16_eabi.lib : copy_decompress_rle.obj (.text)
                  000058da    00000002     --HOLE-- [fill = 0]
                  000058dc    0000005c     driverlib.lib : timer.obj (.text:TimerConfigure)
                  00005938    00000054     rtsv7M4_T_le_v4SPD16_eabi.lib : xfdunsca.obj (.text)
                  0000598c    0000004c     driverlib.lib : timer.obj (.text:_TimerIntNumberGet)
                  000059d8    0000004a     rtsv7M4_T_le_v4SPD16_eabi.lib : fd_tos_t2.obj (.text)
                  00005a22    00000002     --HOLE-- [fill = 0]
                  00005a24    00000048     driverlib.lib : gpio.obj (.text:GPIOPinConfigure)
                  00005a6c    00000048                   : i2c.obj (.text:I2CMasterInitExpClk)
                  00005ab4    00000048     rtsv7M4_T_le_v4SPD16_eabi.lib : boot.obj (.text)
                  00005afc    00000048                                   : fd_toi_t2.obj (.text)
                  00005b44    00000044                                   : cpy_tbl.obj (.text)
                  00005b88    00000044                                   : exit.obj (.text)
                  00005bcc    00000044                                   : xdtest.obj (.text)
                  00005c10    00000042                                   : u_divt2.obj (.text)
                  00005c52    00000002     --HOLE-- [fill = 0]
                  00005c54    00000040                                   : signal.obj (.text)
                  00005c94    00000038                                   : fs_tod_t2.obj (.text)
                  00005ccc    00000034     driverlib.lib : interrupt.obj (.text:IntRegister)
                  00005d00    00000034                   : sysctl.obj (.text:SysCtlPeripheralEnable)
                  00005d34    00000034     rtsv7M4_T_le_v4SPD16_eabi.lib : feraiseexcept.obj (.text)
                  00005d68    00000034                                   : xfdtest.obj (.text)
                  00005d9c    00000030                                   : xferaise.obj (.text)
                  00005dcc    0000002e                                   : i_tofd_t2.obj (.text)
                  00005dfa    0000002e                                   : raise.obj (.text)
                  00005e28    0000002a     driverlib.lib : gpio.obj (.text:GPIODirModeSet)
                  00005e52    00000002     --HOLE-- [fill = 0]
                  00005e54    00000024     rtsv7M4_T_le_v4SPD16_eabi.lib : sqrtf.obj (.text)
                  00005e78    00000022     driverlib.lib : pwm.obj (.text:PWMGenConfigure)
                  00005e9a    0000001e                   : pwm.obj (.text:PWMPulseWidthSet)
                  00005eb8    0000001a     rtsv7M4_T_le_v4SPD16_eabi.lib : cos.obj (.text)
                  00005ed2    0000001a                                   : log.obj (.text)
                  00005eec    00000018     driverlib.lib : timer.obj (.text:TimerIntRegister)
                  00005f04    00000018     rtsv7M4_T_le_v4SPD16_eabi.lib : args_main.obj (.text)
                  00005f1c    00000014     driverlib.lib : sysctl.obj (.text:SysCtlPWMClockSet)
                  00005f30    00000014                   : timer.obj (.text:TimerDisable)
                  00005f44    00000014     rtsv7M4_T_le_v4SPD16_eabi.lib : _lock.obj (.text)
                  00005f58    00000012     driverlib.lib : gpio.obj (.text:GPIOPinTypeI2C)
                  00005f6a    00000012                   : gpio.obj (.text:GPIOPinTypeI2CSCL)
                  00005f7c    00000012                   : gpio.obj (.text:GPIOPinTypePWM)
                  00005f8e    00000012                   : gpio.obj (.text:GPIOPinTypeUART)
                  00005fa0    00000012                   : pwm.obj (.text:PWMOutputState)
                  00005fb2    00000012                   : timer.obj (.text:TimerLoadSet)
                  00005fc4    00000012     rtsv7M4_T_le_v4SPD16_eabi.lib : copy_zero_init.obj (.text:decompress:ZI)
                  00005fd6    00000010     driverlib.lib : pwm.obj (.text:PWMGenPeriodSet)
                  00005fe6    0000000e                   : timer.obj (.text:TimerEnable)
                  00005ff4    0000000e     rtsv7M4_T_le_v4SPD16_eabi.lib : copy_decompress_none.obj (.text:decompress:none)
                  00006002    0000000c     driverlib.lib : pwm.obj (.text:PWMGenEnable)
                  0000600e    0000000c                   : uart.obj (.text:UARTCharsAvail)
                  0000601a    0000000c     startup_ccs.obj (.text)
                  00006026    0000000a     driverlib.lib : i2c.obj (.text:I2CMasterEnable)
                  00006030    0000000a                   : timer.obj (.text:TimerIntDisable)
                  0000603a    0000000a                   : uart.obj (.text:UARTCharGet)
                  00006044    00000008                   : i2c.obj (.text:I2CMasterBusy)
                  0000604c    00000008                   : timer.obj (.text:TimerIntEnable)
                  00006054    00000006                   : sysctl.obj (.text:SysCtlDelay)
                  0000605a    00000006                   : uart.obj (.text:UARTClockSourceSet)
                  00006060    00000006     rtsv7M4_T_le_v4SPD16_eabi.lib : copy_decompress_rle.obj (.text:decompress:rle24)
                  00006066    00000006                                   : cosf.obj (.text)
                  0000606c    00000006                                   : logf.obj (.text)
                  00006072    00000006                                   : sinf.obj (.text)
                  00006078    00000004     driverlib.lib : i2c.obj (.text:I2CMasterDataGet)
                  0000607c    00000004                   : timer.obj (.text:TimerIntClear)

.const     0    00006080    000004b4     
                  00006080    00000090     driverlib.lib : gpio.obj (.const:g_pui32GPIOBaseAddrs)
                  00006110    00000080     rtsv7M4_T_le_v4SPD16_eabi.lib : xsin.obj (.const)
                  00006190    00000070     driverlib.lib : interrupt.obj (.const)
                  00006200    0000006c                   : sysctl.obj (.const:g_pui32Xtals)
                  0000626c    00000060                   : timer.obj (.const:g_ppui32TimerIntMap)
                  000062cc    00000004     --HOLE-- [fill = 0]
                  000062d0    00000048     rtsv7M4_T_le_v4SPD16_eabi.lib : xexp.obj (.const)
                  00006318    00000040     Kalman_Filter.obj (.const:$P$T0$1)
                  00006358    00000040     driverlib.lib : timer.obj (.const:g_ppui32TimerIntMapSnowflake)
                  00006398    00000038     rtsv7M4_T_le_v4SPD16_eabi.lib : xlog.obj (.const:p)
                  000063d0    00000038                                   : xflog.obj (.const)
                  00006408    00000034                                   : xfatan.obj (.const)
                  0000643c    00000030                                   : xdint.obj (.const)
                  0000646c    00000028                                   : xfdint.obj (.const)
                  00006494    00000028                                   : xfsin.obj (.const)
                  000064bc    00000020     PID.obj (.const)
                  000064dc    0000001c     rtsv7M4_T_le_v4SPD16_eabi.lib : xfexp.obj (.const)
                  000064f8    0000001c     uartstdio.obj (.const)
                  00006514    00000012     uartstdio.obj (.const:.string)
                  00006526    00000002     --HOLE-- [fill = 0]
                  00006528    0000000c     main.obj (.const)

.cinit     0    00006538    000000e8     
                  00006538    000000ad     (.cinit..data.load) [load image, compression = rle]
                  000065e5    00000003     --HOLE-- [fill = 0]
                  000065e8    0000000c     (__TI_handler_table)
                  000065f4    00000004     --HOLE-- [fill = 0]
                  000065f8    00000008     (.cinit..bss.load) [load image, compression = zero_init]
                  00006600    00000008     (.cinit..vtable.load) [load image, compression = zero_init]
                  00006608    00000018     (__TI_cinit_table)

.vtable    0    20000000    0000026c     UNINITIALIZED
                  20000000    0000026c     driverlib.lib : interrupt.obj (.vtable)

.data      0    20000270    00000298     UNINITIALIZED
                  20000270    000000b0     rtsv7M4_T_le_v4SPD16_eabi.lib : signal.obj (.data:sigtable)
                  20000320    00000080                                   : xvalues.obj (.data)
                  200003a0    00000068                                   : xfvalues.obj (.data)
                  20000408    00000054     PID.obj (.data)
                  2000045c    00000040     Kalman_Filter.obj (.data:P)
                  2000049c    00000034     Kalman_Filter.obj (.data)
                  200004d0    00000010     main.obj (.data)
                  200004e0    00000008     rtsv7M4_T_le_v4SPD16_eabi.lib : _lock.obj (.data)
                  200004e8    00000008                                   : exit.obj (.data)
                  200004f0    00000008                                   : feraiseexcept.obj (.data)
                  200004f8    00000005     uartstdio.obj (.data)
                  200004fd    00000003     --HOLE--
                  20000500    00000004     rtsv7M4_T_le_v4SPD16_eabi.lib : errno.obj (.data)
                  20000504    00000004                                   : stkdepth_vars.obj (.data)

.stack     0    20000508    00000200     UNINITIALIZED
                  20000508    00000200     --HOLE--

.bss       0    20000708    000000dc     UNINITIALIZED
                  20000708    00000040     Kalman_Filter.obj (.bss:A)
                  20000748    00000040     Kalman_Filter.obj (.bss:K)
                  20000788    00000040     Kalman_Filter.obj (.bss:Pp)
                  200007c8    00000010     (.common:xp)
                  200007d8    0000000c     (.common:Eulerangle)


LINKER GENERATED COPY TABLES

__TI_cinit_table @ 00006608 records: 3, size/record: 8, table size: 24
	.data: load addr=00006538, load size=000000ad bytes, run addr=20000270, run size=00000298 bytes, compression=rle
	.bss: load addr=000065f8, load size=00000008 bytes, run addr=20000708, run size=000000dc bytes, compression=zero_init
	.vtable: load addr=00006600, load size=00000008 bytes, run addr=20000000, run size=0000026c bytes, compression=zero_init


LINKER GENERATED HANDLER TABLE

__TI_handler_table @ 000065e8 records: 3, size/record: 4, table size: 12
	index: 0, handler: __TI_zero_init
	index: 1, handler: __TI_decompress_rle24
	index: 2, handler: __TI_decompress_none


GLOBAL SYMBOLS: SORTED ALPHABETICALLY BY Name 

address    name
--------   ----
20000708   A
2000049c   Acc
00000b65   Acc2Euler
00000e81   Angular2A
00005b89   C$$EXIT
200004b4   Compass
00002713   ConfigurePWM
000026a5   ConfigureTimer
000026d9   ConfigureUART
0000077b   CrossProduct
00000d11   Euler2Querter
200007d8   Eulerangle
00005e29   GPIODirModeSet
0000492f   GPIOPadConfigSet
00005a25   GPIOPinConfigure
00005f59   GPIOPinTypeI2C
00005f6b   GPIOPinTypeI2CSCL
00005f7d   GPIOPinTypePWM
00005f8f   GPIOPinTypeUART
00000895   GetFromHMC5883L
00000999   GetFromMPU6050
200004a8   Gyro
0000246b   I2CBusCheck
000023af   I2CBusScan
00006045   I2CMasterBusy
00006079   I2CMasterDataGet
00006027   I2CMasterEnable
00005a6d   I2CMasterInitExpClk
000021ad   I2CReadData
00001fa9   I2CRegRead
0000206d   I2CRegWrite
00001e49   I2CSetup
000022b9   I2CWriteData
20000438   I_xx
2000043c   I_yy
20000440   I_zz
000057bd   IntDisable
0000581d   IntEnable
00005ccd   IntRegister
000005a3   InverseMatrix
20000748   K
00001061   KalmanFilter
20000434   L
00001d97   Motor_Control
00000809   Norm_Vector
2000045c   P
00001779   PID
00005e79   PWMGenConfigure
00006003   PWMGenEnable
00005fd7   PWMGenPeriodSet
00005fa1   PWMOutputState
200004d0   PWMPeriod
20000408   PWMPeriods
00005e9b   PWMPulseWidthSet
20000788   Pp
0000601b   ResetISR
UNDEFED    SHT$$INIT_ARRAY$$Base
UNDEFED    SHT$$INIT_ARRAY$$Limit
00004b85   SysCtlClockGet
00004ea9   SysCtlClockSet
00006055   SysCtlDelay
00005f1d   SysCtlPWMClockSet
00005d01   SysCtlPeripheralEnable
00002631   Timer0AIntHandler
000058dd   TimerConfigure
00005f31   TimerDisable
00005fe7   TimerEnable
0000607d   TimerIntClear
00006031   TimerIntDisable
0000604d   TimerIntEnable
00005eed   TimerIntRegister
00005fb3   TimerLoadSet
0000603b   UARTCharGet
0000600f   UARTCharsAvail
0000605b   UARTClockSourceSet
00002b65   UARTStdioConfig
00002cdd   UARTgetc
00002c17   UARTgets
0000300b   UARTprintf
00002d11   UARTvprintf
00002bc5   UARTwrite
20000320   _Denorm
00005071   _Dint
00005135   _Dnorm
00004c9d   _Dscale
00005bcd   _Dtest
00005757   _Dunscale
20000330   _Eps
20000500   _Errno
00003e6d   _Exp
00005369   _FAtan
200003a0   _FDenorm
00005541   _FDint
000056dd   _FDnorm
000051f9   _FDscale
00005d69   _FDtest
00005939   _FDunscale
200003b0   _FEps
00004221   _FExp
200003c0   _FInf
000043a5   _FLog
200003d0   _FNan
200003f0   _FRteps
0000451d   _FSin
200003e0   _FSnan
20000400   _FXbig
20000404   _FZero
200004f0   _Fenv
00005d9d   _Feraise
20000340   _Hugeval
20000350   _Inf
000038d9   _Log
20000360   _Nan
20000380   _Rteps
00003bc5   _Sin
20000370   _Snan
200004f4   _Tls_setup__Fenv
20000390   _Xbig
20000398   _Zero
20000708   __STACK_END
00000200   __STACK_SIZE
20000708   __STACK_TOP
00006608   __TI_CINIT_Base
00006620   __TI_CINIT_Limit
000065e8   __TI_Handler_Table_Base
000065f4   __TI_Handler_Table_Limit
00000001   __TI_args_main
000054ad   __TI_auto_init
200004e8   __TI_cleanup_ptr
00005ff5   __TI_decompress_none
00006061   __TI_decompress_rle24
200004ec   __TI_dtors_ptr
00000000   __TI_static_base__
00005fc5   __TI_zero_init
000055d1   __aeabi_cdcmpeq
000055d1   __aeabi_cdcmple
00005657   __aeabi_cdrcmple
000059d9   __aeabi_d2f
00005afd   __aeabi_d2iz
00004073   __aeabi_dadd
000047f9   __aeabi_ddiv
00004dad   __aeabi_dmul
00004069   __aeabi_dsub
00005c95   __aeabi_f2d
00005dcd   __aeabi_i2d
00005411   __aeabi_memcpy
00005411   __aeabi_memcpy4
00005411   __aeabi_memcpy8
00005c11   __aeabi_uidiv
00005c11   __aeabi_uidivmod
ffffffff   __binit__
ffffffff   __c_args__
20000508   __stack
00005f05   _args_main
00005ab5   _c_int00
200004e0   _lock
00005f53   _nop
00005f4b   _register_lock
00005f45   _register_unlock
200004e4   _unlock
00005b8d   abort
000052b9   asinf
00004f99   atan2f
20000450   att_Kd
20000458   att_Ki
20000454   att_Kp
2000044c   b
ffffffff   binit
00005b45   copy_in
00005eb9   cos
00006067   cosf
20000430   count
200004d8   counter
0000026d   determinant
00005b95   exit
00005d35   feraiseexcept
200004d4   flag
0000468d   fmod
00004a61   fmodf
20000000   g_pfnRAMVectors
00000000   g_pfnVectors
00001651   input2duty
20000448   k
200004dc   kill_program
00005ed3   log
0000606d   logf
20000444   m
00002899   main
20000504   main_func_sp
00005411   memcpy
00003041   pow
000034e9   powf
00005dfb   raise
00005c55   signal
00006073   sinf
00005e55   sqrtf
20000418   theta_dot
2000040c   theta_integral
20000424   theta_prev
200004c0   x
200007c8   xp


GLOBAL SYMBOLS: SORTED BY Symbol Address 

address    name
--------   ----
00000000   __TI_static_base__
00000000   g_pfnVectors
00000001   __TI_args_main
00000200   __STACK_SIZE
0000026d   determinant
000005a3   InverseMatrix
0000077b   CrossProduct
00000809   Norm_Vector
00000895   GetFromHMC5883L
00000999   GetFromMPU6050
00000b65   Acc2Euler
00000d11   Euler2Querter
00000e81   Angular2A
00001061   KalmanFilter
00001651   input2duty
00001779   PID
00001d97   Motor_Control
00001e49   I2CSetup
00001fa9   I2CRegRead
0000206d   I2CRegWrite
000021ad   I2CReadData
000022b9   I2CWriteData
000023af   I2CBusScan
0000246b   I2CBusCheck
00002631   Timer0AIntHandler
000026a5   ConfigureTimer
000026d9   ConfigureUART
00002713   ConfigurePWM
00002899   main
00002b65   UARTStdioConfig
00002bc5   UARTwrite
00002c17   UARTgets
00002cdd   UARTgetc
00002d11   UARTvprintf
0000300b   UARTprintf
00003041   pow
000034e9   powf
000038d9   _Log
00003bc5   _Sin
00003e6d   _Exp
00004069   __aeabi_dsub
00004073   __aeabi_dadd
00004221   _FExp
000043a5   _FLog
0000451d   _FSin
0000468d   fmod
000047f9   __aeabi_ddiv
0000492f   GPIOPadConfigSet
00004a61   fmodf
00004b85   SysCtlClockGet
00004c9d   _Dscale
00004dad   __aeabi_dmul
00004ea9   SysCtlClockSet
00004f99   atan2f
00005071   _Dint
00005135   _Dnorm
000051f9   _FDscale
000052b9   asinf
00005369   _FAtan
00005411   __aeabi_memcpy
00005411   __aeabi_memcpy4
00005411   __aeabi_memcpy8
00005411   memcpy
000054ad   __TI_auto_init
00005541   _FDint
000055d1   __aeabi_cdcmpeq
000055d1   __aeabi_cdcmple
00005657   __aeabi_cdrcmple
000056dd   _FDnorm
00005757   _Dunscale
000057bd   IntDisable
0000581d   IntEnable
000058dd   TimerConfigure
00005939   _FDunscale
000059d9   __aeabi_d2f
00005a25   GPIOPinConfigure
00005a6d   I2CMasterInitExpClk
00005ab5   _c_int00
00005afd   __aeabi_d2iz
00005b45   copy_in
00005b89   C$$EXIT
00005b8d   abort
00005b95   exit
00005bcd   _Dtest
00005c11   __aeabi_uidiv
00005c11   __aeabi_uidivmod
00005c55   signal
00005c95   __aeabi_f2d
00005ccd   IntRegister
00005d01   SysCtlPeripheralEnable
00005d35   feraiseexcept
00005d69   _FDtest
00005d9d   _Feraise
00005dcd   __aeabi_i2d
00005dfb   raise
00005e29   GPIODirModeSet
00005e55   sqrtf
00005e79   PWMGenConfigure
00005e9b   PWMPulseWidthSet
00005eb9   cos
00005ed3   log
00005eed   TimerIntRegister
00005f05   _args_main
00005f1d   SysCtlPWMClockSet
00005f31   TimerDisable
00005f45   _register_unlock
00005f4b   _register_lock
00005f53   _nop
00005f59   GPIOPinTypeI2C
00005f6b   GPIOPinTypeI2CSCL
00005f7d   GPIOPinTypePWM
00005f8f   GPIOPinTypeUART
00005fa1   PWMOutputState
00005fb3   TimerLoadSet
00005fc5   __TI_zero_init
00005fd7   PWMGenPeriodSet
00005fe7   TimerEnable
00005ff5   __TI_decompress_none
00006003   PWMGenEnable
0000600f   UARTCharsAvail
0000601b   ResetISR
00006027   I2CMasterEnable
00006031   TimerIntDisable
0000603b   UARTCharGet
00006045   I2CMasterBusy
0000604d   TimerIntEnable
00006055   SysCtlDelay
0000605b   UARTClockSourceSet
00006061   __TI_decompress_rle24
00006067   cosf
0000606d   logf
00006073   sinf
00006079   I2CMasterDataGet
0000607d   TimerIntClear
000065e8   __TI_Handler_Table_Base
000065f4   __TI_Handler_Table_Limit
00006608   __TI_CINIT_Base
00006620   __TI_CINIT_Limit
20000000   g_pfnRAMVectors
20000320   _Denorm
20000330   _Eps
20000340   _Hugeval
20000350   _Inf
20000360   _Nan
20000370   _Snan
20000380   _Rteps
20000390   _Xbig
20000398   _Zero
200003a0   _FDenorm
200003b0   _FEps
200003c0   _FInf
200003d0   _FNan
200003e0   _FSnan
200003f0   _FRteps
20000400   _FXbig
20000404   _FZero
20000408   PWMPeriods
2000040c   theta_integral
20000418   theta_dot
20000424   theta_prev
20000430   count
20000434   L
20000438   I_xx
2000043c   I_yy
20000440   I_zz
20000444   m
20000448   k
2000044c   b
20000450   att_Kd
20000454   att_Kp
20000458   att_Ki
2000045c   P
2000049c   Acc
200004a8   Gyro
200004b4   Compass
200004c0   x
200004d0   PWMPeriod
200004d4   flag
200004d8   counter
200004dc   kill_program
200004e0   _lock
200004e4   _unlock
200004e8   __TI_cleanup_ptr
200004ec   __TI_dtors_ptr
200004f0   _Fenv
200004f4   _Tls_setup__Fenv
20000500   _Errno
20000504   main_func_sp
20000508   __stack
20000708   A
20000708   __STACK_END
20000708   __STACK_TOP
20000748   K
20000788   Pp
200007c8   xp
200007d8   Eulerangle
ffffffff   __binit__
ffffffff   __c_args__
ffffffff   binit
UNDEFED    SHT$$INIT_ARRAY$$Base
UNDEFED    SHT$$INIT_ARRAY$$Limit

[201 symbols]
