<?xml version="1.0"?>
<link_info>
   <banner>TI ARM Linker PC v5.2.5</banner>
   <copyright>Copyright (c) 1996-2015 Texas Instruments Incorporated</copyright>
   <link_time>0x569b9f4e</link_time>
   <link_errors>0x0</link_errors>
   <output_file>QUAD_2016.out</output_file>
   <entry_point>
      <name>_c_int00</name>
      <address>0x36f9</address>
   </entry_point>
   <input_file_list>
      <input_file id="fl-2">
         <path>.\</path>
         <kind>object</kind>
         <file>main.obj</file>
         <name>main.obj</name>
      </input_file>
      <input_file id="fl-3">
         <path>.\</path>
         <kind>object</kind>
         <file>startup_ccs.obj</file>
         <name>startup_ccs.obj</name>
      </input_file>
      <input_file id="fl-4">
         <path>.\</path>
         <kind>object</kind>
         <file>uartstdio.obj</file>
         <name>uartstdio.obj</name>
      </input_file>
      <input_file id="fl-12b">
         <path>C:\ti\ccsv6\tools\compiler\ti-cgt-arm_5.2.5\lib\</path>
         <kind>archive</kind>
         <file>rtsv7M4_T_le_v4SPD16_eabi.lib</file>
         <name>asinf.obj</name>
      </input_file>
      <input_file id="fl-12c">
         <path>C:\ti\ccsv6\tools\compiler\ti-cgt-arm_5.2.5\lib\</path>
         <kind>archive</kind>
         <file>rtsv7M4_T_le_v4SPD16_eabi.lib</file>
         <name>atan2f.obj</name>
      </input_file>
      <input_file id="fl-12d">
         <path>C:\ti\ccsv6\tools\compiler\ti-cgt-arm_5.2.5\lib\</path>
         <kind>archive</kind>
         <file>rtsv7M4_T_le_v4SPD16_eabi.lib</file>
         <name>boot.obj</name>
      </input_file>
      <input_file id="fl-12e">
         <path>C:\ti\ccsv6\tools\compiler\ti-cgt-arm_5.2.5\lib\</path>
         <kind>archive</kind>
         <file>rtsv7M4_T_le_v4SPD16_eabi.lib</file>
         <name>copy_decompress_none.obj</name>
      </input_file>
      <input_file id="fl-12f">
         <path>C:\ti\ccsv6\tools\compiler\ti-cgt-arm_5.2.5\lib\</path>
         <kind>archive</kind>
         <file>rtsv7M4_T_le_v4SPD16_eabi.lib</file>
         <name>copy_decompress_rle.obj</name>
      </input_file>
      <input_file id="fl-130">
         <path>C:\ti\ccsv6\tools\compiler\ti-cgt-arm_5.2.5\lib\</path>
         <kind>archive</kind>
         <file>rtsv7M4_T_le_v4SPD16_eabi.lib</file>
         <name>copy_zero_init.obj</name>
      </input_file>
      <input_file id="fl-131">
         <path>C:\ti\ccsv6\tools\compiler\ti-cgt-arm_5.2.5\lib\</path>
         <kind>archive</kind>
         <file>rtsv7M4_T_le_v4SPD16_eabi.lib</file>
         <name>cosf.obj</name>
      </input_file>
      <input_file id="fl-132">
         <path>C:\ti\ccsv6\tools\compiler\ti-cgt-arm_5.2.5\lib\</path>
         <kind>archive</kind>
         <file>rtsv7M4_T_le_v4SPD16_eabi.lib</file>
         <name>exit.obj</name>
      </input_file>
      <input_file id="fl-133">
         <path>C:\ti\ccsv6\tools\compiler\ti-cgt-arm_5.2.5\lib\</path>
         <kind>archive</kind>
         <file>rtsv7M4_T_le_v4SPD16_eabi.lib</file>
         <name>fd_add_t2.obj</name>
      </input_file>
      <input_file id="fl-134">
         <path>C:\ti\ccsv6\tools\compiler\ti-cgt-arm_5.2.5\lib\</path>
         <kind>archive</kind>
         <file>rtsv7M4_T_le_v4SPD16_eabi.lib</file>
         <name>fd_cmp_t2.obj</name>
      </input_file>
      <input_file id="fl-135">
         <path>C:\ti\ccsv6\tools\compiler\ti-cgt-arm_5.2.5\lib\</path>
         <kind>archive</kind>
         <file>rtsv7M4_T_le_v4SPD16_eabi.lib</file>
         <name>fd_div_t2.obj</name>
      </input_file>
      <input_file id="fl-136">
         <path>C:\ti\ccsv6\tools\compiler\ti-cgt-arm_5.2.5\lib\</path>
         <kind>archive</kind>
         <file>rtsv7M4_T_le_v4SPD16_eabi.lib</file>
         <name>fd_mul_t2.obj</name>
      </input_file>
      <input_file id="fl-137">
         <path>C:\ti\ccsv6\tools\compiler\ti-cgt-arm_5.2.5\lib\</path>
         <kind>archive</kind>
         <file>rtsv7M4_T_le_v4SPD16_eabi.lib</file>
         <name>fd_tos_t2.obj</name>
      </input_file>
      <input_file id="fl-138">
         <path>C:\ti\ccsv6\tools\compiler\ti-cgt-arm_5.2.5\lib\</path>
         <kind>archive</kind>
         <file>rtsv7M4_T_le_v4SPD16_eabi.lib</file>
         <name>fs_tod_t2.obj</name>
      </input_file>
      <input_file id="fl-139">
         <path>C:\ti\ccsv6\tools\compiler\ti-cgt-arm_5.2.5\lib\</path>
         <kind>archive</kind>
         <file>rtsv7M4_T_le_v4SPD16_eabi.lib</file>
         <name>i_tofd_t2.obj</name>
      </input_file>
      <input_file id="fl-13a">
         <path>C:\ti\ccsv6\tools\compiler\ti-cgt-arm_5.2.5\lib\</path>
         <kind>archive</kind>
         <file>rtsv7M4_T_le_v4SPD16_eabi.lib</file>
         <name>memcpy_t2.obj</name>
      </input_file>
      <input_file id="fl-13b">
         <path>C:\ti\ccsv6\tools\compiler\ti-cgt-arm_5.2.5\lib\</path>
         <kind>archive</kind>
         <file>rtsv7M4_T_le_v4SPD16_eabi.lib</file>
         <name>memset_t2.obj</name>
      </input_file>
      <input_file id="fl-13c">
         <path>C:\ti\ccsv6\tools\compiler\ti-cgt-arm_5.2.5\lib\</path>
         <kind>archive</kind>
         <file>rtsv7M4_T_le_v4SPD16_eabi.lib</file>
         <name>powf.obj</name>
      </input_file>
      <input_file id="fl-13d">
         <path>C:\ti\ccsv6\tools\compiler\ti-cgt-arm_5.2.5\lib\</path>
         <kind>archive</kind>
         <file>rtsv7M4_T_le_v4SPD16_eabi.lib</file>
         <name>pre_init.obj</name>
      </input_file>
      <input_file id="fl-13e">
         <path>C:\ti\ccsv6\tools\compiler\ti-cgt-arm_5.2.5\lib\</path>
         <kind>archive</kind>
         <file>rtsv7M4_T_le_v4SPD16_eabi.lib</file>
         <name>sinf.obj</name>
      </input_file>
      <input_file id="fl-13f">
         <path>C:\ti\ccsv6\tools\compiler\ti-cgt-arm_5.2.5\lib\</path>
         <kind>archive</kind>
         <file>rtsv7M4_T_le_v4SPD16_eabi.lib</file>
         <name>sqrtf.obj</name>
      </input_file>
      <input_file id="fl-140">
         <path>C:\ti\ccsv6\tools\compiler\ti-cgt-arm_5.2.5\lib\</path>
         <kind>archive</kind>
         <file>rtsv7M4_T_le_v4SPD16_eabi.lib</file>
         <name>stkdepth_vars.obj</name>
      </input_file>
      <input_file id="fl-141">
         <path>C:\ti\ccsv6\tools\compiler\ti-cgt-arm_5.2.5\lib\</path>
         <kind>archive</kind>
         <file>rtsv7M4_T_le_v4SPD16_eabi.lib</file>
         <name>u_divt2.obj</name>
      </input_file>
      <input_file id="fl-142">
         <path>C:\ti\ccsv6\tools\compiler\ti-cgt-arm_5.2.5\lib\</path>
         <kind>archive</kind>
         <file>rtsv7M4_T_le_v4SPD16_eabi.lib</file>
         <name>xfatan.obj</name>
      </input_file>
      <input_file id="fl-143">
         <path>C:\ti\ccsv6\tools\compiler\ti-cgt-arm_5.2.5\lib\</path>
         <kind>archive</kind>
         <file>rtsv7M4_T_le_v4SPD16_eabi.lib</file>
         <name>xfdint.obj</name>
      </input_file>
      <input_file id="fl-144">
         <path>C:\ti\ccsv6\tools\compiler\ti-cgt-arm_5.2.5\lib\</path>
         <kind>archive</kind>
         <file>rtsv7M4_T_le_v4SPD16_eabi.lib</file>
         <name>xfdunsca.obj</name>
      </input_file>
      <input_file id="fl-145">
         <path>C:\ti\ccsv6\tools\compiler\ti-cgt-arm_5.2.5\lib\</path>
         <kind>archive</kind>
         <file>rtsv7M4_T_le_v4SPD16_eabi.lib</file>
         <name>xferaise.obj</name>
      </input_file>
      <input_file id="fl-146">
         <path>C:\ti\ccsv6\tools\compiler\ti-cgt-arm_5.2.5\lib\</path>
         <kind>archive</kind>
         <file>rtsv7M4_T_le_v4SPD16_eabi.lib</file>
         <name>xfexp.obj</name>
      </input_file>
      <input_file id="fl-147">
         <path>C:\ti\ccsv6\tools\compiler\ti-cgt-arm_5.2.5\lib\</path>
         <kind>archive</kind>
         <file>rtsv7M4_T_le_v4SPD16_eabi.lib</file>
         <name>xfsin.obj</name>
      </input_file>
      <input_file id="fl-148">
         <path>C:\ti\ccsv6\tools\compiler\ti-cgt-arm_5.2.5\lib\</path>
         <kind>archive</kind>
         <file>rtsv7M4_T_le_v4SPD16_eabi.lib</file>
         <name>xfvalues.obj</name>
      </input_file>
      <input_file id="fl-149">
         <path>C:\ti\ccsv6\tools\compiler\ti-cgt-arm_5.2.5\lib\</path>
         <kind>archive</kind>
         <file>rtsv7M4_T_le_v4SPD16_eabi.lib</file>
         <name>_lock.obj</name>
      </input_file>
      <input_file id="fl-14a">
         <path>C:\ti\ccsv6\tools\compiler\ti-cgt-arm_5.2.5\lib\</path>
         <kind>archive</kind>
         <file>rtsv7M4_T_le_v4SPD16_eabi.lib</file>
         <name>args_main.obj</name>
      </input_file>
      <input_file id="fl-14b">
         <path>C:\ti\ccsv6\tools\compiler\ti-cgt-arm_5.2.5\lib\</path>
         <kind>archive</kind>
         <file>rtsv7M4_T_le_v4SPD16_eabi.lib</file>
         <name>autoinit.obj</name>
      </input_file>
      <input_file id="fl-14c">
         <path>C:\ti\ccsv6\tools\compiler\ti-cgt-arm_5.2.5\lib\</path>
         <kind>archive</kind>
         <file>rtsv7M4_T_le_v4SPD16_eabi.lib</file>
         <name>cpy_tbl.obj</name>
      </input_file>
      <input_file id="fl-14d">
         <path>C:\ti\ccsv6\tools\compiler\ti-cgt-arm_5.2.5\lib\</path>
         <kind>archive</kind>
         <file>rtsv7M4_T_le_v4SPD16_eabi.lib</file>
         <name>errno.obj</name>
      </input_file>
      <input_file id="fl-14e">
         <path>C:\ti\ccsv6\tools\compiler\ti-cgt-arm_5.2.5\lib\</path>
         <kind>archive</kind>
         <file>rtsv7M4_T_le_v4SPD16_eabi.lib</file>
         <name>feraiseexcept.obj</name>
      </input_file>
      <input_file id="fl-14f">
         <path>C:\ti\ccsv6\tools\compiler\ti-cgt-arm_5.2.5\lib\</path>
         <kind>archive</kind>
         <file>rtsv7M4_T_le_v4SPD16_eabi.lib</file>
         <name>fmodf.obj</name>
      </input_file>
      <input_file id="fl-150">
         <path>C:\ti\ccsv6\tools\compiler\ti-cgt-arm_5.2.5\lib\</path>
         <kind>archive</kind>
         <file>rtsv7M4_T_le_v4SPD16_eabi.lib</file>
         <name>i_div0.obj</name>
      </input_file>
      <input_file id="fl-151">
         <path>C:\ti\ccsv6\tools\compiler\ti-cgt-arm_5.2.5\lib\</path>
         <kind>archive</kind>
         <file>rtsv7M4_T_le_v4SPD16_eabi.lib</file>
         <name>logf.obj</name>
      </input_file>
      <input_file id="fl-152">
         <path>C:\ti\ccsv6\tools\compiler\ti-cgt-arm_5.2.5\lib\</path>
         <kind>archive</kind>
         <file>rtsv7M4_T_le_v4SPD16_eabi.lib</file>
         <name>raise.obj</name>
      </input_file>
      <input_file id="fl-153">
         <path>C:\ti\ccsv6\tools\compiler\ti-cgt-arm_5.2.5\lib\</path>
         <kind>archive</kind>
         <file>rtsv7M4_T_le_v4SPD16_eabi.lib</file>
         <name>signal.obj</name>
      </input_file>
      <input_file id="fl-154">
         <path>C:\ti\ccsv6\tools\compiler\ti-cgt-arm_5.2.5\lib\</path>
         <kind>archive</kind>
         <file>rtsv7M4_T_le_v4SPD16_eabi.lib</file>
         <name>xfdnorm.obj</name>
      </input_file>
      <input_file id="fl-155">
         <path>C:\ti\ccsv6\tools\compiler\ti-cgt-arm_5.2.5\lib\</path>
         <kind>archive</kind>
         <file>rtsv7M4_T_le_v4SPD16_eabi.lib</file>
         <name>xfdscale.obj</name>
      </input_file>
      <input_file id="fl-156">
         <path>C:\ti\ccsv6\tools\compiler\ti-cgt-arm_5.2.5\lib\</path>
         <kind>archive</kind>
         <file>rtsv7M4_T_le_v4SPD16_eabi.lib</file>
         <name>xflog.obj</name>
      </input_file>
      <input_file id="fl-157">
         <path>C:\ti\TivaWare_C_Series-2.1.2.111\driverlib\ccs\Debug\</path>
         <kind>archive</kind>
         <file>driverlib.lib</file>
         <name>fpu.obj</name>
      </input_file>
      <input_file id="fl-158">
         <path>C:\ti\TivaWare_C_Series-2.1.2.111\driverlib\ccs\Debug\</path>
         <kind>archive</kind>
         <file>driverlib.lib</file>
         <name>gpio.obj</name>
      </input_file>
      <input_file id="fl-159">
         <path>C:\ti\TivaWare_C_Series-2.1.2.111\driverlib\ccs\Debug\</path>
         <kind>archive</kind>
         <file>driverlib.lib</file>
         <name>i2c.obj</name>
      </input_file>
      <input_file id="fl-15a">
         <path>C:\ti\TivaWare_C_Series-2.1.2.111\driverlib\ccs\Debug\</path>
         <kind>archive</kind>
         <file>driverlib.lib</file>
         <name>interrupt.obj</name>
      </input_file>
      <input_file id="fl-15b">
         <path>C:\ti\TivaWare_C_Series-2.1.2.111\driverlib\ccs\Debug\</path>
         <kind>archive</kind>
         <file>driverlib.lib</file>
         <name>sysctl.obj</name>
      </input_file>
      <input_file id="fl-15c">
         <path>C:\ti\TivaWare_C_Series-2.1.2.111\driverlib\ccs\Debug\</path>
         <kind>archive</kind>
         <file>driverlib.lib</file>
         <name>timer.obj</name>
      </input_file>
      <input_file id="fl-15d">
         <path>C:\ti\TivaWare_C_Series-2.1.2.111\driverlib\ccs\Debug\</path>
         <kind>archive</kind>
         <file>driverlib.lib</file>
         <name>uart.obj</name>
      </input_file>
      <input_file id="fl-15e">
         <path>C:\ti\TivaWare_C_Series-2.1.2.111\driverlib\ccs\Debug\</path>
         <kind>archive</kind>
         <file>driverlib.lib</file>
         <name>cpu.obj</name>
      </input_file>
   </input_file_list>
   <object_component_list>
      <object_component id="oc-f">
         <name>.intvecs</name>
         <load_address>0x0</load_address>
         <run_address>0x0</run_address>
         <size>0x26c</size>
         <input_file_ref idref="fl-3"/>
      </object_component>
      <object_component id="oc-9d">
         <name>.text</name>
         <load_address>0x26c</load_address>
         <run_address>0x26c</run_address>
         <size>0x1700</size>
         <input_file_ref idref="fl-2"/>
      </object_component>
      <object_component id="oc-107">
         <name>.text</name>
         <load_address>0x196c</load_address>
         <run_address>0x196c</run_address>
         <size>0x4dc</size>
         <input_file_ref idref="fl-4"/>
      </object_component>
      <object_component id="oc-10d">
         <name>.text</name>
         <load_address>0x1e48</load_address>
         <run_address>0x1e48</run_address>
         <size>0x3ec</size>
         <input_file_ref idref="fl-13c"/>
      </object_component>
      <object_component id="oc-141">
         <name>.text</name>
         <load_address>0x2234</load_address>
         <run_address>0x2234</run_address>
         <size>0x1b6</size>
         <input_file_ref idref="fl-133"/>
      </object_component>
      <object_component id="oc-268">
         <name>.text</name>
         <load_address>0x23ea</load_address>
         <run_address>0x23ea</run_address>
         <size>0x2</size>
         <input_file_ref idref="fl-150"/>
      </object_component>
      <object_component id="oc-200">
         <name>.text</name>
         <load_address>0x23ec</load_address>
         <run_address>0x23ec</run_address>
         <size>0x180</size>
         <input_file_ref idref="fl-146"/>
      </object_component>
      <object_component id="oc-287">
         <name>.text</name>
         <load_address>0x256c</load_address>
         <run_address>0x256c</run_address>
         <size>0x178</size>
         <input_file_ref idref="fl-156"/>
      </object_component>
      <object_component id="oc-219">
         <name>.text</name>
         <load_address>0x26e4</load_address>
         <run_address>0x26e4</run_address>
         <size>0x16c</size>
         <input_file_ref idref="fl-147"/>
      </object_component>
      <object_component id="oc-2ab">
         <name>.text</name>
         <load_address>0x2850</load_address>
         <run_address>0x2850</run_address>
         <size>0x160</size>
         <input_file_ref idref="fl-14f"/>
      </object_component>
      <object_component id="oc-ec">
         <name>.text</name>
         <load_address>0x29b0</load_address>
         <run_address>0x29b0</run_address>
         <size>0x136</size>
         <input_file_ref idref="fl-135"/>
      </object_component>
      <object_component id="oc-1b6">
         <name>.text:GPIOPadConfigSet</name>
         <load_address>0x2ae6</load_address>
         <run_address>0x2ae6</run_address>
         <size>0x132</size>
         <input_file_ref idref="fl-158"/>
      </object_component>
      <object_component id="oc-126">
         <name>.text</name>
         <load_address>0x2c18</load_address>
         <run_address>0x2c18</run_address>
         <size>0x118</size>
         <input_file_ref idref="fl-12c"/>
      </object_component>
      <object_component id="oc-db">
         <name>.text:SysCtlClockGet</name>
         <load_address>0x2d30</load_address>
         <run_address>0x2d30</run_address>
         <size>0x110</size>
         <input_file_ref idref="fl-15b"/>
      </object_component>
      <object_component id="oc-f1">
         <name>.text</name>
         <load_address>0x2e40</load_address>
         <run_address>0x2e40</run_address>
         <size>0xfc</size>
         <input_file_ref idref="fl-136"/>
      </object_component>
      <object_component id="oc-17f">
         <name>.text:SysCtlClockSet</name>
         <load_address>0x2f3c</load_address>
         <run_address>0x2f3c</run_address>
         <size>0xf4</size>
         <input_file_ref idref="fl-15b"/>
      </object_component>
      <object_component id="oc-28e">
         <name>.text</name>
         <load_address>0x3030</load_address>
         <run_address>0x3030</run_address>
         <size>0xd0</size>
         <input_file_ref idref="fl-155"/>
      </object_component>
      <object_component id="oc-14c">
         <name>.text</name>
         <load_address>0x3100</load_address>
         <run_address>0x3100</run_address>
         <size>0xb4</size>
         <input_file_ref idref="fl-12b"/>
      </object_component>
      <object_component id="oc-211">
         <name>.text</name>
         <load_address>0x31b4</load_address>
         <run_address>0x31b4</run_address>
         <size>0xa8</size>
         <input_file_ref idref="fl-142"/>
      </object_component>
      <object_component id="oc-33">
         <name>.text</name>
         <load_address>0x325c</load_address>
         <run_address>0x325c</run_address>
         <size>0x9c</size>
         <input_file_ref idref="fl-13a"/>
      </object_component>
      <object_component id="oc-1ee">
         <name>.text</name>
         <load_address>0x32f8</load_address>
         <run_address>0x32f8</run_address>
         <size>0x8c</size>
         <input_file_ref idref="fl-143"/>
      </object_component>
      <object_component id="oc-118">
         <name>.text:__aeabi_cdcmple</name>
         <load_address>0x3384</load_address>
         <run_address>0x3384</run_address>
         <size>0x86</size>
         <input_file_ref idref="fl-134"/>
      </object_component>
      <object_component id="oc-4c">
         <name>.text</name>
         <load_address>0x340a</load_address>
         <run_address>0x340a</run_address>
         <size>0x7a</size>
         <input_file_ref idref="fl-13b"/>
      </object_component>
      <object_component id="oc-271">
         <name>.text</name>
         <load_address>0x3484</load_address>
         <run_address>0x3484</run_address>
         <size>0x7a</size>
         <input_file_ref idref="fl-154"/>
      </object_component>
      <object_component id="oc-5e">
         <name>.text</name>
         <load_address>0x3500</load_address>
         <run_address>0x3500</run_address>
         <size>0x6c</size>
         <input_file_ref idref="fl-14b"/>
      </object_component>
      <object_component id="oc-3f">
         <name>.text</name>
         <load_address>0x356c</load_address>
         <run_address>0x356c</run_address>
         <size>0x6a</size>
         <input_file_ref idref="fl-12f"/>
      </object_component>
      <object_component id="oc-179">
         <name>.text:IntEnable</name>
         <load_address>0x35d8</load_address>
         <run_address>0x35d8</run_address>
         <size>0x68</size>
         <input_file_ref idref="fl-15a"/>
      </object_component>
      <object_component id="oc-15b">
         <name>.text:TimerConfigure</name>
         <load_address>0x3640</load_address>
         <run_address>0x3640</run_address>
         <size>0x60</size>
         <input_file_ref idref="fl-15c"/>
      </object_component>
      <object_component id="oc-1e8">
         <name>.text</name>
         <load_address>0x36a0</load_address>
         <run_address>0x36a0</run_address>
         <size>0x56</size>
         <input_file_ref idref="fl-144"/>
      </object_component>
      <object_component id="oc-24">
         <name>.text</name>
         <load_address>0x36f8</load_address>
         <run_address>0x36f8</run_address>
         <size>0x50</size>
         <input_file_ref idref="fl-12d"/>
      </object_component>
      <object_component id="oc-e1">
         <name>.text:I2CMasterInitExpClk</name>
         <load_address>0x3748</load_address>
         <run_address>0x3748</run_address>
         <size>0x4c</size>
         <input_file_ref idref="fl-159"/>
      </object_component>
      <object_component id="oc-236">
         <name>.text:_TimerIntNumberGet</name>
         <load_address>0x3794</load_address>
         <run_address>0x3794</run_address>
         <size>0x4c</size>
         <input_file_ref idref="fl-15c"/>
      </object_component>
      <object_component id="oc-95">
         <name>.text</name>
         <load_address>0x37e0</load_address>
         <run_address>0x37e0</run_address>
         <size>0x4c</size>
         <input_file_ref idref="fl-14c"/>
      </object_component>
      <object_component id="oc-d5">
         <name>.text:GPIOPinConfigure</name>
         <load_address>0x382c</load_address>
         <run_address>0x382c</run_address>
         <size>0x48</size>
         <input_file_ref idref="fl-158"/>
      </object_component>
      <object_component id="oc-f6">
         <name>.text</name>
         <load_address>0x3874</load_address>
         <run_address>0x3874</run_address>
         <size>0x48</size>
         <input_file_ref idref="fl-137"/>
      </object_component>
      <object_component id="oc-6a">
         <name>.text</name>
         <load_address>0x38bc</load_address>
         <run_address>0x38bc</run_address>
         <size>0x44</size>
         <input_file_ref idref="fl-132"/>
      </object_component>
      <object_component id="oc-2f8">
         <name>.text</name>
         <load_address>0x3900</load_address>
         <run_address>0x3900</run_address>
         <size>0x40</size>
         <input_file_ref idref="fl-153"/>
      </object_component>
      <object_component id="oc-1dc">
         <name>.text</name>
         <load_address>0x3940</load_address>
         <run_address>0x3940</run_address>
         <size>0x40</size>
         <input_file_ref idref="fl-141"/>
      </object_component>
      <object_component id="oc-113">
         <name>.text</name>
         <load_address>0x3980</load_address>
         <run_address>0x3980</run_address>
         <size>0x38</size>
         <input_file_ref idref="fl-138"/>
      </object_component>
      <object_component id="oc-23c">
         <name>.text:IntRegister</name>
         <load_address>0x39b8</load_address>
         <run_address>0x39b8</run_address>
         <size>0x34</size>
         <input_file_ref idref="fl-15a"/>
      </object_component>
      <object_component id="oc-c3">
         <name>.text:SysCtlPeripheralEnable</name>
         <load_address>0x39ec</load_address>
         <run_address>0x39ec</run_address>
         <size>0x34</size>
         <input_file_ref idref="fl-15b"/>
      </object_component>
      <object_component id="oc-27d">
         <name>.text</name>
         <load_address>0x3a20</load_address>
         <run_address>0x3a20</run_address>
         <size>0x34</size>
         <input_file_ref idref="fl-14e"/>
      </object_component>
      <object_component id="oc-1f4">
         <name>.text</name>
         <load_address>0x3a54</load_address>
         <run_address>0x3a54</run_address>
         <size>0x30</size>
         <input_file_ref idref="fl-145"/>
      </object_component>
      <object_component id="oc-e7">
         <name>.text</name>
         <load_address>0x3a84</load_address>
         <run_address>0x3a84</run_address>
         <size>0x2e</size>
         <input_file_ref idref="fl-139"/>
      </object_component>
      <object_component id="oc-2cf">
         <name>.text</name>
         <load_address>0x3ab2</load_address>
         <run_address>0x3ab2</run_address>
         <size>0x2e</size>
         <input_file_ref idref="fl-152"/>
      </object_component>
      <object_component id="oc-1b0">
         <name>.text:GPIODirModeSet</name>
         <load_address>0x3ae0</load_address>
         <run_address>0x3ae0</run_address>
         <size>0x2a</size>
         <input_file_ref idref="fl-158"/>
      </object_component>
      <object_component id="oc-120">
         <name>.text</name>
         <load_address>0x3b0c</load_address>
         <run_address>0x3b0c</run_address>
         <size>0x24</size>
         <input_file_ref idref="fl-13f"/>
      </object_component>
      <object_component id="oc-173">
         <name>.text:TimerIntRegister</name>
         <load_address>0x3b30</load_address>
         <run_address>0x3b30</run_address>
         <size>0x18</size>
         <input_file_ref idref="fl-15c"/>
      </object_component>
      <object_component id="oc-64">
         <name>.text</name>
         <load_address>0x3b48</load_address>
         <run_address>0x3b48</run_address>
         <size>0x18</size>
         <input_file_ref idref="fl-14a"/>
      </object_component>
      <object_component id="oc-199">
         <name>.text</name>
         <load_address>0x3b60</load_address>
         <run_address>0x3b60</run_address>
         <size>0x14</size>
         <input_file_ref idref="fl-149"/>
      </object_component>
      <object_component id="oc-cf">
         <name>.text:GPIOPinTypeI2C</name>
         <load_address>0x3b74</load_address>
         <run_address>0x3b74</run_address>
         <size>0x12</size>
         <input_file_ref idref="fl-158"/>
      </object_component>
      <object_component id="oc-c9">
         <name>.text:GPIOPinTypeI2CSCL</name>
         <load_address>0x3b86</load_address>
         <run_address>0x3b86</run_address>
         <size>0x12</size>
         <input_file_ref idref="fl-158"/>
      </object_component>
      <object_component id="oc-fb">
         <name>.text:GPIOPinTypeUART</name>
         <load_address>0x3b98</load_address>
         <run_address>0x3b98</run_address>
         <size>0x12</size>
         <input_file_ref idref="fl-158"/>
      </object_component>
      <object_component id="oc-167">
         <name>.text:TimerLoadSet</name>
         <load_address>0x3baa</load_address>
         <run_address>0x3baa</run_address>
         <size>0x12</size>
         <input_file_ref idref="fl-15c"/>
      </object_component>
      <object_component id="oc-161">
         <name>.text:TimerPrescaleSet</name>
         <load_address>0x3bbc</load_address>
         <run_address>0x3bbc</run_address>
         <size>0x12</size>
         <input_file_ref idref="fl-15c"/>
      </object_component>
      <object_component id="oc-185">
         <name>.text:FPULazyStackingEnable</name>
         <load_address>0x3bd0</load_address>
         <run_address>0x3bd0</run_address>
         <size>0x10</size>
         <input_file_ref idref="fl-157"/>
      </object_component>
      <object_component id="oc-18b">
         <name>.text:TimerEnable</name>
         <load_address>0x3be0</load_address>
         <run_address>0x3be0</run_address>
         <size>0xe</size>
         <input_file_ref idref="fl-15c"/>
      </object_component>
      <object_component id="oc-12">
         <name>.text:decompress:none</name>
         <load_address>0x3bee</load_address>
         <run_address>0x3bee</run_address>
         <size>0xe</size>
         <input_file_ref idref="fl-12e"/>
      </object_component>
      <object_component id="oc-1e">
         <name>.text:decompress:ZI</name>
         <load_address>0x3bfc</load_address>
         <run_address>0x3bfc</run_address>
         <size>0xc</size>
         <input_file_ref idref="fl-130"/>
      </object_component>
      <object_component id="oc-2a">
         <name>.text</name>
         <load_address>0x3c08</load_address>
         <run_address>0x3c08</run_address>
         <size>0xc</size>
         <input_file_ref idref="fl-3"/>
      </object_component>
      <object_component id="oc-1c7">
         <name>.text:I2CMasterEnable</name>
         <load_address>0x3c14</load_address>
         <run_address>0x3c14</run_address>
         <size>0xa</size>
         <input_file_ref idref="fl-159"/>
      </object_component>
      <object_component id="oc-16d">
         <name>.text:TimerIntEnable</name>
         <load_address>0x3c1e</load_address>
         <run_address>0x3c1e</run_address>
         <size>0x8</size>
         <input_file_ref idref="fl-15c"/>
      </object_component>
      <object_component id="oc-248">
         <name>.text:SysCtlDelay</name>
         <load_address>0x3c26</load_address>
         <run_address>0x3c26</run_address>
         <size>0x6</size>
         <input_file_ref idref="fl-15b"/>
      </object_component>
      <object_component id="oc-101">
         <name>.text:UARTClockSourceSet</name>
         <load_address>0x3c2c</load_address>
         <run_address>0x3c2c</run_address>
         <size>0x6</size>
         <input_file_ref idref="fl-15d"/>
      </object_component>
      <object_component id="oc-18">
         <name>.text:decompress:rle24</name>
         <load_address>0x3c32</load_address>
         <run_address>0x3c32</run_address>
         <size>0x6</size>
         <input_file_ref idref="fl-12f"/>
      </object_component>
      <object_component id="oc-12c">
         <name>.text</name>
         <load_address>0x3c38</load_address>
         <run_address>0x3c38</run_address>
         <size>0x6</size>
         <input_file_ref idref="fl-131"/>
      </object_component>
      <object_component id="oc-1fa">
         <name>.text</name>
         <load_address>0x3c3e</load_address>
         <run_address>0x3c3e</run_address>
         <size>0x6</size>
         <input_file_ref idref="fl-151"/>
      </object_component>
      <object_component id="oc-132">
         <name>.text</name>
         <load_address>0x3c44</load_address>
         <run_address>0x3c44</run_address>
         <size>0x6</size>
         <input_file_ref idref="fl-13e"/>
      </object_component>
      <object_component id="oc-152">
         <name>.text:TimerIntClear</name>
         <load_address>0x3c4a</load_address>
         <run_address>0x3c4a</run_address>
         <size>0x4</size>
         <input_file_ref idref="fl-15c"/>
      </object_component>
      <object_component id="oc-58">
         <name>.text</name>
         <load_address>0x3c4e</load_address>
         <run_address>0x3c4e</run_address>
         <size>0x4</size>
         <input_file_ref idref="fl-13d"/>
      </object_component>
      <object_component id="oc-1be">
         <name>.const:g_pui32GPIOBaseAddrs</name>
         <load_address>0x3c54</load_address>
         <run_address>0x3c54</run_address>
         <size>0x90</size>
         <input_file_ref idref="fl-158"/>
      </object_component>
      <object_component id="oc-243">
         <name>.const</name>
         <load_address>0x3ce4</load_address>
         <run_address>0x3ce4</run_address>
         <size>0x70</size>
         <input_file_ref idref="fl-15a"/>
      </object_component>
      <object_component id="oc-1c3">
         <name>.const:g_pui32Xtals</name>
         <load_address>0x3d54</load_address>
         <run_address>0x3d54</run_address>
         <size>0x6c</size>
         <input_file_ref idref="fl-15b"/>
      </object_component>
      <object_component id="oc-2b9">
         <name>.const:g_ppui32TimerIntMap</name>
         <load_address>0x3dc0</load_address>
         <run_address>0x3dc0</run_address>
         <size>0x60</size>
         <input_file_ref idref="fl-15c"/>
      </object_component>
      <object_component id="oc-11d">
         <name>.const:$P$T0$1</name>
         <load_address>0x3e20</load_address>
         <run_address>0x3e20</run_address>
         <size>0x40</size>
         <input_file_ref idref="fl-2"/>
      </object_component>
      <object_component id="oc-2bc">
         <name>.const:g_ppui32TimerIntMapSnowflake</name>
         <load_address>0x3e60</load_address>
         <run_address>0x3e60</run_address>
         <size>0x40</size>
         <input_file_ref idref="fl-15c"/>
      </object_component>
      <object_component id="oc-2db">
         <name>.const</name>
         <load_address>0x3ea0</load_address>
         <run_address>0x3ea0</run_address>
         <size>0x38</size>
         <input_file_ref idref="fl-156"/>
      </object_component>
      <object_component id="oc-2a5">
         <name>.const</name>
         <load_address>0x3ed8</load_address>
         <run_address>0x3ed8</run_address>
         <size>0x34</size>
         <input_file_ref idref="fl-142"/>
      </object_component>
      <object_component id="oc-279">
         <name>.const</name>
         <load_address>0x3f0c</load_address>
         <run_address>0x3f0c</run_address>
         <size>0x28</size>
         <input_file_ref idref="fl-143"/>
      </object_component>
      <object_component id="oc-2b1">
         <name>.const</name>
         <load_address>0x3f34</load_address>
         <run_address>0x3f34</run_address>
         <size>0x28</size>
         <input_file_ref idref="fl-147"/>
      </object_component>
      <object_component id="oc-294">
         <name>.const</name>
         <load_address>0x3f5c</load_address>
         <run_address>0x3f5c</run_address>
         <size>0x1c</size>
         <input_file_ref idref="fl-146"/>
      </object_component>
      <object_component id="oc-1d6">
         <name>.const</name>
         <load_address>0x3f78</load_address>
         <run_address>0x3f78</run_address>
         <size>0x1c</size>
         <input_file_ref idref="fl-4"/>
      </object_component>
      <object_component id="oc-263">
         <name>.const:.string</name>
         <load_address>0x3f94</load_address>
         <run_address>0x3f94</run_address>
         <size>0x12</size>
         <input_file_ref idref="fl-4"/>
      </object_component>
      <object_component id="oc-34b">
         <name>.cinit..data.load</name>
         <load_address>0x3fa8</load_address>
         <run_address>0x3fa8</run_address>
         <size>0x50</size>
      </object_component>
      <object_component id="oc-348">
         <name>__TI_handler_table</name>
         <load_address>0x3ff8</load_address>
         <run_address>0x3ff8</run_address>
         <size>0xc</size>
      </object_component>
      <object_component id="oc-34c">
         <name>.cinit..bss.load</name>
         <load_address>0x4008</load_address>
         <run_address>0x4008</run_address>
         <size>0x8</size>
      </object_component>
      <object_component id="oc-34a">
         <name>.cinit..vtable.load</name>
         <load_address>0x4010</load_address>
         <run_address>0x4010</run_address>
         <size>0x8</size>
      </object_component>
      <object_component id="oc-349">
         <name>__TI_cinit_table</name>
         <load_address>0x4018</load_address>
         <run_address>0x4018</run_address>
         <size>0x18</size>
      </object_component>
      <object_component id="oc-2c0">
         <name>.vtable</name>
         <uninitialized>true</uninitialized>
         <run_address>0x20000000</run_address>
         <size>0x26c</size>
         <input_file_ref idref="fl-15a"/>
      </object_component>
      <object_component id="oc-29">
         <name>.stack</name>
         <uninitialized>true</uninitialized>
         <run_address>0x2000026c</run_address>
         <size>0x0</size>
         <input_file_ref idref="fl-12d"/>
      </object_component>
      <object_component id="oc-34d">
         <name>.stack</name>
         <uninitialized>true</uninitialized>
         <run_address>0x2000026c</run_address>
         <size>0x0</size>
      </object_component>
      <object_component id="oc-146">
         <name>.bss:Pp</name>
         <uninitialized>true</uninitialized>
         <run_address>0x20000688</run_address>
         <size>0x40</size>
         <input_file_ref idref="fl-2"/>
      </object_component>
      <object_component id="oc-158">
         <name>.bss:K</name>
         <uninitialized>true</uninitialized>
         <run_address>0x20000648</run_address>
         <size>0x40</size>
         <input_file_ref idref="fl-2"/>
      </object_component>
      <object_component id="oc-13b">
         <name>.bss:A</name>
         <uninitialized>true</uninitialized>
         <run_address>0x20000608</run_address>
         <size>0x40</size>
         <input_file_ref idref="fl-2"/>
      </object_component>
      <object_component id="oc-13e">
         <name>.common:xp</name>
         <uninitialized>true</uninitialized>
         <run_address>0x200006c8</run_address>
         <size>0x10</size>
      </object_component>
      <object_component id="oc-138">
         <name>.data</name>
         <load_address>0x200005c8</load_address>
         <run_address>0x200005c8</run_address>
         <size>0x18</size>
         <input_file_ref idref="fl-2"/>
      </object_component>
      <object_component id="oc-149">
         <name>.data:P_kalman</name>
         <load_address>0x20000588</load_address>
         <run_address>0x20000588</run_address>
         <size>0x40</size>
         <input_file_ref idref="fl-2"/>
      </object_component>
      <object_component id="oc-1d9">
         <name>.data</name>
         <load_address>0x200005f8</load_address>
         <run_address>0x200005f8</run_address>
         <size>0x5</size>
         <input_file_ref idref="fl-4"/>
      </object_component>
      <object_component id="oc-a8">
         <name>.data</name>
         <load_address>0x200005e8</load_address>
         <run_address>0x200005e8</run_address>
         <size>0x8</size>
         <input_file_ref idref="fl-132"/>
      </object_component>
      <object_component id="oc-70">
         <name>.data</name>
         <load_address>0x20000604</load_address>
         <run_address>0x20000604</run_address>
         <size>0x4</size>
         <input_file_ref idref="fl-140"/>
      </object_component>
      <object_component id="oc-206">
         <name>.data</name>
         <load_address>0x20000520</load_address>
         <run_address>0x20000520</run_address>
         <size>0x68</size>
         <input_file_ref idref="fl-148"/>
      </object_component>
      <object_component id="oc-a5">
         <name>.data</name>
         <load_address>0x200005e0</load_address>
         <run_address>0x200005e0</run_address>
         <size>0x8</size>
         <input_file_ref idref="fl-149"/>
      </object_component>
      <object_component id="oc-283">
         <name>.data</name>
         <load_address>0x20000600</load_address>
         <run_address>0x20000600</run_address>
         <size>0x4</size>
         <input_file_ref idref="fl-14d"/>
      </object_component>
      <object_component id="oc-2d5">
         <name>.data</name>
         <load_address>0x200005f0</load_address>
         <run_address>0x200005f0</run_address>
         <size>0x8</size>
         <input_file_ref idref="fl-14e"/>
      </object_component>
      <object_component id="oc-315">
         <name>.data:sigtable</name>
         <load_address>0x20000470</load_address>
         <run_address>0x20000470</run_address>
         <size>0xb0</size>
         <input_file_ref idref="fl-153"/>
      </object_component>
      <object_component id="oc-13f">
         <name>.debug_info</name>
         <load_address>0x0</load_address>
         <run_address>0x0</run_address>
         <size>0x627</size>
         <input_file_ref idref="fl-2"/>
      </object_component>
      <object_component id="oc-139">
         <name>.debug_info</name>
         <load_address>0x627</load_address>
         <run_address>0x627</run_address>
         <size>0xf6</size>
         <input_file_ref idref="fl-2"/>
      </object_component>
      <object_component id="oc-14a">
         <name>.debug_info</name>
         <load_address>0x71d</load_address>
         <run_address>0x71d</run_address>
         <size>0xc2</size>
         <input_file_ref idref="fl-2"/>
      </object_component>
      <object_component id="oc-147">
         <name>.debug_info</name>
         <load_address>0x7df</load_address>
         <run_address>0x7df</run_address>
         <size>0xb6</size>
         <input_file_ref idref="fl-2"/>
      </object_component>
      <object_component id="oc-159">
         <name>.debug_info</name>
         <load_address>0x895</load_address>
         <run_address>0x895</run_address>
         <size>0xb4</size>
         <input_file_ref idref="fl-2"/>
      </object_component>
      <object_component id="oc-13c">
         <name>.debug_info</name>
         <load_address>0x949</load_address>
         <run_address>0x949</run_address>
         <size>0xb4</size>
         <input_file_ref idref="fl-2"/>
      </object_component>
      <object_component id="oc-11e">
         <name>.debug_info</name>
         <load_address>0x9fd</load_address>
         <run_address>0x9fd</run_address>
         <size>0xc0</size>
         <input_file_ref idref="fl-2"/>
      </object_component>
      <object_component id="oc-9f">
         <name>.debug_info</name>
         <load_address>0xabd</load_address>
         <run_address>0xabd</run_address>
         <size>0x1316</size>
         <input_file_ref idref="fl-2"/>
      </object_component>
      <object_component id="oc-b0">
         <name>.debug_info</name>
         <load_address>0x1dd3</load_address>
         <run_address>0x1dd3</run_address>
         <size>0x8b</size>
         <input_file_ref idref="fl-2"/>
      </object_component>
      <object_component id="oc-7c">
         <name>.debug_info</name>
         <load_address>0x1e5e</load_address>
         <run_address>0x1e5e</run_address>
         <size>0x18b</size>
         <input_file_ref idref="fl-2"/>
      </object_component>
      <object_component id="oc-1e3">
         <name>.debug_info</name>
         <load_address>0x1fe9</load_address>
         <run_address>0x1fe9</run_address>
         <size>0x4e</size>
         <input_file_ref idref="fl-2"/>
      </object_component>
      <object_component id="oc-32">
         <name>.debug_info</name>
         <load_address>0x2037</load_address>
         <run_address>0x2037</run_address>
         <size>0xec</size>
         <input_file_ref idref="fl-3"/>
      </object_component>
      <object_component id="oc-10">
         <name>.debug_info</name>
         <load_address>0x2123</load_address>
         <run_address>0x2123</run_address>
         <size>0xd1</size>
         <input_file_ref idref="fl-3"/>
      </object_component>
      <object_component id="oc-2b">
         <name>.debug_info</name>
         <load_address>0x21f4</load_address>
         <run_address>0x21f4</run_address>
         <size>0x1e6</size>
         <input_file_ref idref="fl-3"/>
      </object_component>
      <object_component id="oc-77">
         <name>.debug_info</name>
         <load_address>0x23da</load_address>
         <run_address>0x23da</run_address>
         <size>0x84</size>
         <input_file_ref idref="fl-3"/>
      </object_component>
      <object_component id="oc-1e2">
         <name>.debug_info</name>
         <load_address>0x245e</load_address>
         <run_address>0x245e</run_address>
         <size>0xe3</size>
         <input_file_ref idref="fl-4"/>
      </object_component>
      <object_component id="oc-1da">
         <name>.debug_info</name>
         <load_address>0x2541</load_address>
         <run_address>0x2541</run_address>
         <size>0xca</size>
         <input_file_ref idref="fl-4"/>
      </object_component>
      <object_component id="oc-1d7">
         <name>.debug_info</name>
         <load_address>0x260b</load_address>
         <run_address>0x260b</run_address>
         <size>0x120</size>
         <input_file_ref idref="fl-4"/>
      </object_component>
      <object_component id="oc-109">
         <name>.debug_info</name>
         <load_address>0x272b</load_address>
         <run_address>0x272b</run_address>
         <size>0x6f2</size>
         <input_file_ref idref="fl-4"/>
      </object_component>
      <object_component id="oc-22d">
         <name>.debug_info</name>
         <load_address>0x2e1d</load_address>
         <run_address>0x2e1d</run_address>
         <size>0x16a</size>
         <input_file_ref idref="fl-12b"/>
      </object_component>
      <object_component id="oc-14e">
         <name>.debug_info</name>
         <load_address>0x2f87</load_address>
         <run_address>0x2f87</run_address>
         <size>0x182</size>
         <input_file_ref idref="fl-12b"/>
      </object_component>
      <object_component id="oc-29c">
         <name>.debug_info</name>
         <load_address>0x3109</load_address>
         <run_address>0x3109</run_address>
         <size>0x86</size>
         <input_file_ref idref="fl-12b"/>
      </object_component>
      <object_component id="oc-218">
         <name>.debug_info</name>
         <load_address>0x318f</load_address>
         <run_address>0x318f</run_address>
         <size>0x104</size>
         <input_file_ref idref="fl-12c"/>
      </object_component>
      <object_component id="oc-127">
         <name>.debug_info</name>
         <load_address>0x3293</load_address>
         <run_address>0x3293</run_address>
         <size>0x1d1</size>
         <input_file_ref idref="fl-12c"/>
      </object_component>
      <object_component id="oc-26">
         <name>.debug_info</name>
         <load_address>0x3464</load_address>
         <run_address>0x3464</run_address>
         <size>0x134</size>
         <input_file_ref idref="fl-12d"/>
      </object_component>
      <object_component id="oc-3e">
         <name>.debug_info</name>
         <load_address>0x3598</load_address>
         <run_address>0x3598</run_address>
         <size>0x121</size>
         <input_file_ref idref="fl-12e"/>
      </object_component>
      <object_component id="oc-13">
         <name>.debug_info</name>
         <load_address>0x36b9</load_address>
         <run_address>0x36b9</run_address>
         <size>0x1c0</size>
         <input_file_ref idref="fl-12e"/>
      </object_component>
      <object_component id="oc-39">
         <name>.debug_info</name>
         <load_address>0x3879</load_address>
         <run_address>0x3879</run_address>
         <size>0x46</size>
         <input_file_ref idref="fl-12e"/>
      </object_component>
      <object_component id="oc-82">
         <name>.debug_info</name>
         <load_address>0x38bf</load_address>
         <run_address>0x38bf</run_address>
         <size>0x2c</size>
         <input_file_ref idref="fl-12e"/>
      </object_component>
      <object_component id="oc-46">
         <name>.debug_info</name>
         <load_address>0x38eb</load_address>
         <run_address>0x38eb</run_address>
         <size>0x115</size>
         <input_file_ref idref="fl-12f"/>
      </object_component>
      <object_component id="oc-40">
         <name>.debug_info</name>
         <load_address>0x3a00</load_address>
         <run_address>0x3a00</run_address>
         <size>0x228</size>
         <input_file_ref idref="fl-12f"/>
      </object_component>
      <object_component id="oc-19">
         <name>.debug_info</name>
         <load_address>0x3c28</load_address>
         <run_address>0x3c28</run_address>
         <size>0x192</size>
         <input_file_ref idref="fl-12f"/>
      </object_component>
      <object_component id="oc-47">
         <name>.debug_info</name>
         <load_address>0x3dba</load_address>
         <run_address>0x3dba</run_address>
         <size>0x39</size>
         <input_file_ref idref="fl-12f"/>
      </object_component>
      <object_component id="oc-8c">
         <name>.debug_info</name>
         <load_address>0x3df3</load_address>
         <run_address>0x3df3</run_address>
         <size>0x2c</size>
         <input_file_ref idref="fl-12f"/>
      </object_component>
      <object_component id="oc-57">
         <name>.debug_info</name>
         <load_address>0x3e1f</load_address>
         <run_address>0x3e1f</run_address>
         <size>0x110</size>
         <input_file_ref idref="fl-130"/>
      </object_component>
      <object_component id="oc-1f">
         <name>.debug_info</name>
         <load_address>0x3f2f</load_address>
         <run_address>0x3f2f</run_address>
         <size>0x18b</size>
         <input_file_ref idref="fl-130"/>
      </object_component>
      <object_component id="oc-52">
         <name>.debug_info</name>
         <load_address>0x40ba</load_address>
         <run_address>0x40ba</run_address>
         <size>0x46</size>
         <input_file_ref idref="fl-130"/>
      </object_component>
      <object_component id="oc-12d">
         <name>.debug_info</name>
         <load_address>0x4100</load_address>
         <run_address>0x4100</run_address>
         <size>0x11a</size>
         <input_file_ref idref="fl-131"/>
      </object_component>
      <object_component id="oc-ac">
         <name>.debug_info</name>
         <load_address>0x421a</load_address>
         <run_address>0x421a</run_address>
         <size>0x172</size>
         <input_file_ref idref="fl-132"/>
      </object_component>
      <object_component id="oc-a9">
         <name>.debug_info</name>
         <load_address>0x438c</load_address>
         <run_address>0x438c</run_address>
         <size>0x117</size>
         <input_file_ref idref="fl-132"/>
      </object_component>
      <object_component id="oc-6c">
         <name>.debug_info</name>
         <load_address>0x44a3</load_address>
         <run_address>0x44a3</run_address>
         <size>0x1ee</size>
         <input_file_ref idref="fl-132"/>
      </object_component>
      <object_component id="oc-144">
         <name>.debug_info</name>
         <load_address>0x4691</load_address>
         <run_address>0x4691</run_address>
         <size>0x129</size>
         <input_file_ref idref="fl-133"/>
      </object_component>
      <object_component id="oc-11b">
         <name>.debug_info</name>
         <load_address>0x47ba</load_address>
         <run_address>0x47ba</run_address>
         <size>0x105</size>
         <input_file_ref idref="fl-134"/>
      </object_component>
      <object_component id="oc-ed">
         <name>.debug_info</name>
         <load_address>0x48bf</load_address>
         <run_address>0x48bf</run_address>
         <size>0x117</size>
         <input_file_ref idref="fl-135"/>
      </object_component>
      <object_component id="oc-f4">
         <name>.debug_info</name>
         <load_address>0x49d6</load_address>
         <run_address>0x49d6</run_address>
         <size>0x117</size>
         <input_file_ref idref="fl-136"/>
      </object_component>
      <object_component id="oc-f9">
         <name>.debug_info</name>
         <load_address>0x4aed</load_address>
         <run_address>0x4aed</run_address>
         <size>0x112</size>
         <input_file_ref idref="fl-137"/>
      </object_component>
      <object_component id="oc-115">
         <name>.debug_info</name>
         <load_address>0x4bff</load_address>
         <run_address>0x4bff</run_address>
         <size>0x109</size>
         <input_file_ref idref="fl-138"/>
      </object_component>
      <object_component id="oc-e9">
         <name>.debug_info</name>
         <load_address>0x4d08</load_address>
         <run_address>0x4d08</run_address>
         <size>0x109</size>
         <input_file_ref idref="fl-139"/>
      </object_component>
      <object_component id="oc-36">
         <name>.debug_info</name>
         <load_address>0x4e11</load_address>
         <run_address>0x4e11</run_address>
         <size>0xf6</size>
         <input_file_ref idref="fl-13a"/>
      </object_component>
      <object_component id="oc-4f">
         <name>.debug_info</name>
         <load_address>0x4f07</load_address>
         <run_address>0x4f07</run_address>
         <size>0x124</size>
         <input_file_ref idref="fl-13b"/>
      </object_component>
      <object_component id="oc-20a">
         <name>.debug_info</name>
         <load_address>0x502b</load_address>
         <run_address>0x502b</run_address>
         <size>0x1e2</size>
         <input_file_ref idref="fl-13c"/>
      </object_component>
      <object_component id="oc-10f">
         <name>.debug_info</name>
         <load_address>0x520d</load_address>
         <run_address>0x520d</run_address>
         <size>0x2df</size>
         <input_file_ref idref="fl-13c"/>
      </object_component>
      <object_component id="oc-59">
         <name>.debug_info</name>
         <load_address>0x54ec</load_address>
         <run_address>0x54ec</run_address>
         <size>0x129</size>
         <input_file_ref idref="fl-13d"/>
      </object_component>
      <object_component id="oc-136">
         <name>.debug_info</name>
         <load_address>0x5615</load_address>
         <run_address>0x5615</run_address>
         <size>0x11a</size>
         <input_file_ref idref="fl-13e"/>
      </object_component>
      <object_component id="oc-210">
         <name>.debug_info</name>
         <load_address>0x572f</load_address>
         <run_address>0x572f</run_address>
         <size>0x102</size>
         <input_file_ref idref="fl-13f"/>
      </object_component>
      <object_component id="oc-122">
         <name>.debug_info</name>
         <load_address>0x5831</load_address>
         <run_address>0x5831</run_address>
         <size>0x139</size>
         <input_file_ref idref="fl-13f"/>
      </object_component>
      <object_component id="oc-71">
         <name>.debug_info</name>
         <load_address>0x596a</load_address>
         <run_address>0x596a</run_address>
         <size>0xea</size>
         <input_file_ref idref="fl-140"/>
      </object_component>
      <object_component id="oc-1dd">
         <name>.debug_info</name>
         <load_address>0x5a54</load_address>
         <run_address>0x5a54</run_address>
         <size>0x11f</size>
         <input_file_ref idref="fl-141"/>
      </object_component>
      <object_component id="oc-2e8">
         <name>.debug_info</name>
         <load_address>0x5b73</load_address>
         <run_address>0x5b73</run_address>
         <size>0x149</size>
         <input_file_ref idref="fl-142"/>
      </object_component>
      <object_component id="oc-2a6">
         <name>.debug_info</name>
         <load_address>0x5cbc</load_address>
         <run_address>0x5cbc</run_address>
         <size>0x11f</size>
         <input_file_ref idref="fl-142"/>
      </object_component>
      <object_component id="oc-213">
         <name>.debug_info</name>
         <load_address>0x5ddb</load_address>
         <run_address>0x5ddb</run_address>
         <size>0x147</size>
         <input_file_ref idref="fl-142"/>
      </object_component>
      <object_component id="oc-27b">
         <name>.debug_info</name>
         <load_address>0x5f22</load_address>
         <run_address>0x5f22</run_address>
         <size>0x13c</size>
         <input_file_ref idref="fl-143"/>
      </object_component>
      <object_component id="oc-1f2">
         <name>.debug_info</name>
         <load_address>0x605e</load_address>
         <run_address>0x605e</run_address>
         <size>0x1a7</size>
         <input_file_ref idref="fl-143"/>
      </object_component>
      <object_component id="oc-278">
         <name>.debug_info</name>
         <load_address>0x6205</load_address>
         <run_address>0x6205</run_address>
         <size>0xfd</size>
         <input_file_ref idref="fl-144"/>
      </object_component>
      <object_component id="oc-1ec">
         <name>.debug_info</name>
         <load_address>0x6302</load_address>
         <run_address>0x6302</run_address>
         <size>0x176</size>
         <input_file_ref idref="fl-144"/>
      </object_component>
      <object_component id="oc-1f5">
         <name>.debug_info</name>
         <load_address>0x6478</load_address>
         <run_address>0x6478</run_address>
         <size>0x153</size>
         <input_file_ref idref="fl-145"/>
      </object_component>
      <object_component id="oc-298">
         <name>.debug_info</name>
         <load_address>0x65cb</load_address>
         <run_address>0x65cb</run_address>
         <size>0x17a</size>
         <input_file_ref idref="fl-146"/>
      </object_component>
      <object_component id="oc-295">
         <name>.debug_info</name>
         <load_address>0x6745</load_address>
         <run_address>0x6745</run_address>
         <size>0x13e</size>
         <input_file_ref idref="fl-146"/>
      </object_component>
      <object_component id="oc-203">
         <name>.debug_info</name>
         <load_address>0x6883</load_address>
         <run_address>0x6883</run_address>
         <size>0x24c</size>
         <input_file_ref idref="fl-146"/>
      </object_component>
      <object_component id="oc-2ee">
         <name>.debug_info</name>
         <load_address>0x6acf</load_address>
         <run_address>0x6acf</run_address>
         <size>0x19a</size>
         <input_file_ref idref="fl-147"/>
      </object_component>
      <object_component id="oc-2b2">
         <name>.debug_info</name>
         <load_address>0x6c69</load_address>
         <run_address>0x6c69</run_address>
         <size>0x13e</size>
         <input_file_ref idref="fl-147"/>
      </object_component>
      <object_component id="oc-21a">
         <name>.debug_info</name>
         <load_address>0x6da7</load_address>
         <run_address>0x6da7</run_address>
         <size>0x1e0</size>
         <input_file_ref idref="fl-147"/>
      </object_component>
      <object_component id="oc-207">
         <name>.debug_info</name>
         <load_address>0x6f87</load_address>
         <run_address>0x6f87</run_address>
         <size>0x1a5</size>
         <input_file_ref idref="fl-148"/>
      </object_component>
      <object_component id="oc-1a1">
         <name>.debug_info</name>
         <load_address>0x712c</load_address>
         <run_address>0x712c</run_address>
         <size>0x105</size>
         <input_file_ref idref="fl-149"/>
      </object_component>
      <object_component id="oc-a6">
         <name>.debug_info</name>
         <load_address>0x7231</load_address>
         <run_address>0x7231</run_address>
         <size>0xf4</size>
         <input_file_ref idref="fl-149"/>
      </object_component>
      <object_component id="oc-19b">
         <name>.debug_info</name>
         <load_address>0x7325</load_address>
         <run_address>0x7325</run_address>
         <size>0x200</size>
         <input_file_ref idref="fl-149"/>
      </object_component>
      <object_component id="oc-a4">
         <name>.debug_info</name>
         <load_address>0x7525</load_address>
         <run_address>0x7525</run_address>
         <size>0x147</size>
         <input_file_ref idref="fl-14a"/>
      </object_component>
      <object_component id="oc-68">
         <name>.debug_info</name>
         <load_address>0x766c</load_address>
         <run_address>0x766c</run_address>
         <size>0x148</size>
         <input_file_ref idref="fl-14a"/>
      </object_component>
      <object_component id="oc-194">
         <name>.debug_info</name>
         <load_address>0x77b4</load_address>
         <run_address>0x77b4</run_address>
         <size>0x5e</size>
         <input_file_ref idref="fl-14a"/>
      </object_component>
      <object_component id="oc-9c">
         <name>.debug_info</name>
         <load_address>0x7812</load_address>
         <run_address>0x7812</run_address>
         <size>0x29e</size>
         <input_file_ref idref="fl-14b"/>
      </object_component>
      <object_component id="oc-5f">
         <name>.debug_info</name>
         <load_address>0x7ab0</load_address>
         <run_address>0x7ab0</run_address>
         <size>0x158</size>
         <input_file_ref idref="fl-14b"/>
      </object_component>
      <object_component id="oc-b9">
         <name>.debug_info</name>
         <load_address>0x7c08</load_address>
         <run_address>0x7c08</run_address>
         <size>0x39</size>
         <input_file_ref idref="fl-14b"/>
      </object_component>
      <object_component id="oc-be">
         <name>.debug_info</name>
         <load_address>0x7c41</load_address>
         <run_address>0x7c41</run_address>
         <size>0xcd</size>
         <input_file_ref idref="fl-14b"/>
      </object_component>
      <object_component id="oc-b6">
         <name>.debug_info</name>
         <load_address>0x7d0e</load_address>
         <run_address>0x7d0e</run_address>
         <size>0x1c1</size>
         <input_file_ref idref="fl-14c"/>
      </object_component>
      <object_component id="oc-98">
         <name>.debug_info</name>
         <load_address>0x7ecf</load_address>
         <run_address>0x7ecf</run_address>
         <size>0x164</size>
         <input_file_ref idref="fl-14c"/>
      </object_component>
      <object_component id="oc-1a9">
         <name>.debug_info</name>
         <load_address>0x8033</load_address>
         <run_address>0x8033</run_address>
         <size>0x2c</size>
         <input_file_ref idref="fl-14c"/>
      </object_component>
      <object_component id="oc-284">
         <name>.debug_info</name>
         <load_address>0x805f</load_address>
         <run_address>0x805f</run_address>
         <size>0xd6</size>
         <input_file_ref idref="fl-14d"/>
      </object_component>
      <object_component id="oc-307">
         <name>.debug_info</name>
         <load_address>0x8135</load_address>
         <run_address>0x8135</run_address>
         <size>0x13e</size>
         <input_file_ref idref="fl-14e"/>
      </object_component>
      <object_component id="oc-2d6">
         <name>.debug_info</name>
         <load_address>0x8273</load_address>
         <run_address>0x8273</run_address>
         <size>0x10e</size>
         <input_file_ref idref="fl-14e"/>
      </object_component>
      <object_component id="oc-280">
         <name>.debug_info</name>
         <load_address>0x8381</load_address>
         <run_address>0x8381</run_address>
         <size>0x16f</size>
         <input_file_ref idref="fl-14e"/>
      </object_component>
      <object_component id="oc-302">
         <name>.debug_info</name>
         <load_address>0x84f0</load_address>
         <run_address>0x84f0</run_address>
         <size>0x6f</size>
         <input_file_ref idref="fl-14e"/>
      </object_component>
      <object_component id="oc-2eb">
         <name>.debug_info</name>
         <load_address>0x855f</load_address>
         <run_address>0x855f</run_address>
         <size>0x17d</size>
         <input_file_ref idref="fl-14f"/>
      </object_component>
      <object_component id="oc-2ac">
         <name>.debug_info</name>
         <load_address>0x86dc</load_address>
         <run_address>0x86dc</run_address>
         <size>0x253</size>
         <input_file_ref idref="fl-14f"/>
      </object_component>
      <object_component id="oc-26b">
         <name>.debug_info</name>
         <load_address>0x892f</load_address>
         <run_address>0x892f</run_address>
         <size>0x128</size>
         <input_file_ref idref="fl-150"/>
      </object_component>
      <object_component id="oc-1fb">
         <name>.debug_info</name>
         <load_address>0x8a57</load_address>
         <run_address>0x8a57</run_address>
         <size>0x11a</size>
         <input_file_ref idref="fl-151"/>
      </object_component>
      <object_component id="oc-2ff">
         <name>.debug_info</name>
         <load_address>0x8b71</load_address>
         <run_address>0x8b71</run_address>
         <size>0xfd</size>
         <input_file_ref idref="fl-152"/>
      </object_component>
      <object_component id="oc-2d1">
         <name>.debug_info</name>
         <load_address>0x8c6e</load_address>
         <run_address>0x8c6e</run_address>
         <size>0x154</size>
         <input_file_ref idref="fl-152"/>
      </object_component>
      <object_component id="oc-31c">
         <name>.debug_info</name>
         <load_address>0x8dc2</load_address>
         <run_address>0x8dc2</run_address>
         <size>0x2c</size>
         <input_file_ref idref="fl-152"/>
      </object_component>
      <object_component id="oc-319">
         <name>.debug_info</name>
         <load_address>0x8dee</load_address>
         <run_address>0x8dee</run_address>
         <size>0x11d</size>
         <input_file_ref idref="fl-153"/>
      </object_component>
      <object_component id="oc-316">
         <name>.debug_info</name>
         <load_address>0x8f0b</load_address>
         <run_address>0x8f0b</run_address>
         <size>0xdb</size>
         <input_file_ref idref="fl-153"/>
      </object_component>
      <object_component id="oc-2f9">
         <name>.debug_info</name>
         <load_address>0x8fe6</load_address>
         <run_address>0x8fe6</run_address>
         <size>0x16a</size>
         <input_file_ref idref="fl-153"/>
      </object_component>
      <object_component id="oc-2ca">
         <name>.debug_info</name>
         <load_address>0x9150</load_address>
         <run_address>0x9150</run_address>
         <size>0xc7</size>
         <input_file_ref idref="fl-154"/>
      </object_component>
      <object_component id="oc-274">
         <name>.debug_info</name>
         <load_address>0x9217</load_address>
         <run_address>0x9217</run_address>
         <size>0x152</size>
         <input_file_ref idref="fl-154"/>
      </object_component>
      <object_component id="oc-2e1">
         <name>.debug_info</name>
         <load_address>0x9369</load_address>
         <run_address>0x9369</run_address>
         <size>0x116</size>
         <input_file_ref idref="fl-155"/>
      </object_component>
      <object_component id="oc-290">
         <name>.debug_info</name>
         <load_address>0x947f</load_address>
         <run_address>0x947f</run_address>
         <size>0x198</size>
         <input_file_ref idref="fl-155"/>
      </object_component>
      <object_component id="oc-2df">
         <name>.debug_info</name>
         <load_address>0x9617</load_address>
         <run_address>0x9617</run_address>
         <size>0x169</size>
         <input_file_ref idref="fl-156"/>
      </object_component>
      <object_component id="oc-2dc">
         <name>.debug_info</name>
         <load_address>0x9780</load_address>
         <run_address>0x9780</run_address>
         <size>0x20c</size>
         <input_file_ref idref="fl-156"/>
      </object_component>
      <object_component id="oc-288">
         <name>.debug_info</name>
         <load_address>0x998c</load_address>
         <run_address>0x998c</run_address>
         <size>0x1d5</size>
         <input_file_ref idref="fl-156"/>
      </object_component>
      <object_component id="oc-186">
         <name>.debug_info</name>
         <load_address>0x9b61</load_address>
         <run_address>0x9b61</run_address>
         <size>0x225</size>
         <input_file_ref idref="fl-157"/>
      </object_component>
      <object_component id="oc-1c2">
         <name>.debug_info</name>
         <load_address>0x9d86</load_address>
         <run_address>0x9d86</run_address>
         <size>0x230</size>
         <input_file_ref idref="fl-158"/>
      </object_component>
      <object_component id="oc-1bf">
         <name>.debug_info</name>
         <load_address>0x9fb6</load_address>
         <run_address>0x9fb6</run_address>
         <size>0x15b</size>
         <input_file_ref idref="fl-158"/>
      </object_component>
      <object_component id="oc-1b1">
         <name>.debug_info</name>
         <load_address>0xa111</load_address>
         <run_address>0xa111</run_address>
         <size>0x2b3</size>
         <input_file_ref idref="fl-158"/>
      </object_component>
      <object_component id="oc-1b7">
         <name>.debug_info</name>
         <load_address>0xa3c4</load_address>
         <run_address>0xa3c4</run_address>
         <size>0x316</size>
         <input_file_ref idref="fl-158"/>
      </object_component>
      <object_component id="oc-fc">
         <name>.debug_info</name>
         <load_address>0xa6da</load_address>
         <run_address>0xa6da</run_address>
         <size>0x27b</size>
         <input_file_ref idref="fl-158"/>
      </object_component>
      <object_component id="oc-ca">
         <name>.debug_info</name>
         <load_address>0xa955</load_address>
         <run_address>0xa955</run_address>
         <size>0x27f</size>
         <input_file_ref idref="fl-158"/>
      </object_component>
      <object_component id="oc-d0">
         <name>.debug_info</name>
         <load_address>0xabd4</load_address>
         <run_address>0xabd4</run_address>
         <size>0x279</size>
         <input_file_ref idref="fl-158"/>
      </object_component>
      <object_component id="oc-d6">
         <name>.debug_info</name>
         <load_address>0xae4d</load_address>
         <run_address>0xae4d</run_address>
         <size>0x280</size>
         <input_file_ref idref="fl-158"/>
      </object_component>
      <object_component id="oc-1ce">
         <name>.debug_info</name>
         <load_address>0xb0cd</load_address>
         <run_address>0xb0cd</run_address>
         <size>0x231</size>
         <input_file_ref idref="fl-159"/>
      </object_component>
      <object_component id="oc-1c9">
         <name>.debug_info</name>
         <load_address>0xb2fe</load_address>
         <run_address>0xb2fe</run_address>
         <size>0x24e</size>
         <input_file_ref idref="fl-159"/>
      </object_component>
      <object_component id="oc-e3">
         <name>.debug_info</name>
         <load_address>0xb54c</load_address>
         <run_address>0xb54c</run_address>
         <size>0x2d5</size>
         <input_file_ref idref="fl-159"/>
      </object_component>
      <object_component id="oc-247">
         <name>.debug_info</name>
         <load_address>0xb821</load_address>
         <run_address>0xb821</run_address>
         <size>0x20e</size>
         <input_file_ref idref="fl-15a"/>
      </object_component>
      <object_component id="oc-244">
         <name>.debug_info</name>
         <load_address>0xba2f</load_address>
         <run_address>0xba2f</run_address>
         <size>0x210</size>
         <input_file_ref idref="fl-15a"/>
      </object_component>
      <object_component id="oc-2c1">
         <name>.debug_info</name>
         <load_address>0xbc3f</load_address>
         <run_address>0xbc3f</run_address>
         <size>0x157</size>
         <input_file_ref idref="fl-15a"/>
      </object_component>
      <object_component id="oc-23e">
         <name>.debug_info</name>
         <load_address>0xbd96</load_address>
         <run_address>0xbd96</run_address>
         <size>0x2c1</size>
         <input_file_ref idref="fl-15a"/>
      </object_component>
      <object_component id="oc-17a">
         <name>.debug_info</name>
         <load_address>0xc057</load_address>
         <run_address>0xc057</run_address>
         <size>0x268</size>
         <input_file_ref idref="fl-15a"/>
      </object_component>
      <object_component id="oc-1af">
         <name>.debug_info</name>
         <load_address>0xc2bf</load_address>
         <run_address>0xc2bf</run_address>
         <size>0x27f</size>
         <input_file_ref idref="fl-15b"/>
      </object_component>
      <object_component id="oc-1c4">
         <name>.debug_info</name>
         <load_address>0xc53e</load_address>
         <run_address>0xc53e</run_address>
         <size>0x14d</size>
         <input_file_ref idref="fl-15b"/>
      </object_component>
      <object_component id="oc-c7">
         <name>.debug_info</name>
         <load_address>0xc68b</load_address>
         <run_address>0xc68b</run_address>
         <size>0x27d</size>
         <input_file_ref idref="fl-15b"/>
      </object_component>
      <object_component id="oc-183">
         <name>.debug_info</name>
         <load_address>0xc908</load_address>
         <run_address>0xc908</run_address>
         <size>0x2db</size>
         <input_file_ref idref="fl-15b"/>
      </object_component>
      <object_component id="oc-df">
         <name>.debug_info</name>
         <load_address>0xcbe3</load_address>
         <run_address>0xcbe3</run_address>
         <size>0x2b5</size>
         <input_file_ref idref="fl-15b"/>
      </object_component>
      <object_component id="oc-251">
         <name>.debug_info</name>
         <load_address>0xce98</load_address>
         <run_address>0xce98</run_address>
         <size>0x5f</size>
         <input_file_ref idref="fl-15b"/>
      </object_component>
      <object_component id="oc-22f">
         <name>.debug_info</name>
         <load_address>0xcef7</load_address>
         <run_address>0xcef7</run_address>
         <size>0x223</size>
         <input_file_ref idref="fl-15c"/>
      </object_component>
      <object_component id="oc-2ba">
         <name>.debug_info</name>
         <load_address>0xd11a</load_address>
         <run_address>0xd11a</run_address>
         <size>0x15a</size>
         <input_file_ref idref="fl-15c"/>
      </object_component>
      <object_component id="oc-2bd">
         <name>.debug_info</name>
         <load_address>0xd274</load_address>
         <run_address>0xd274</run_address>
         <size>0x16c</size>
         <input_file_ref idref="fl-15c"/>
      </object_component>
      <object_component id="oc-163">
         <name>.debug_info</name>
         <load_address>0xd3e0</load_address>
         <run_address>0xd3e0</run_address>
         <size>0x2c2</size>
         <input_file_ref idref="fl-15c"/>
      </object_component>
      <object_component id="oc-169">
         <name>.debug_info</name>
         <load_address>0xd6a2</load_address>
         <run_address>0xd6a2</run_address>
         <size>0x2ba</size>
         <input_file_ref idref="fl-15c"/>
      </object_component>
      <object_component id="oc-238">
         <name>.debug_info</name>
         <load_address>0xd95c</load_address>
         <run_address>0xd95c</run_address>
         <size>0x2eb</size>
         <input_file_ref idref="fl-15c"/>
      </object_component>
      <object_component id="oc-175">
         <name>.debug_info</name>
         <load_address>0xdc47</load_address>
         <run_address>0xdc47</run_address>
         <size>0x2e4</size>
         <input_file_ref idref="fl-15c"/>
      </object_component>
      <object_component id="oc-16f">
         <name>.debug_info</name>
         <load_address>0xdf2b</load_address>
         <run_address>0xdf2b</run_address>
         <size>0x294</size>
         <input_file_ref idref="fl-15c"/>
      </object_component>
      <object_component id="oc-154">
         <name>.debug_info</name>
         <load_address>0xe1bf</load_address>
         <run_address>0xe1bf</run_address>
         <size>0x292</size>
         <input_file_ref idref="fl-15c"/>
      </object_component>
      <object_component id="oc-18d">
         <name>.debug_info</name>
         <load_address>0xe451</load_address>
         <run_address>0xe451</run_address>
         <size>0x27f</size>
         <input_file_ref idref="fl-15c"/>
      </object_component>
      <object_component id="oc-15d">
         <name>.debug_info</name>
         <load_address>0xe6d0</load_address>
         <run_address>0xe6d0</run_address>
         <size>0x28c</size>
         <input_file_ref idref="fl-15c"/>
      </object_component>
      <object_component id="oc-1d5">
         <name>.debug_info</name>
         <load_address>0xe95c</load_address>
         <run_address>0xe95c</run_address>
         <size>0x227</size>
         <input_file_ref idref="fl-15d"/>
      </object_component>
      <object_component id="oc-102">
         <name>.debug_info</name>
         <load_address>0xeb83</load_address>
         <run_address>0xeb83</run_address>
         <size>0x291</size>
         <input_file_ref idref="fl-15d"/>
      </object_component>
      <object_component id="oc-34e">
         <name>.debug_info</name>
         <load_address>0xee14</load_address>
         <run_address>0xee14</run_address>
         <size>0x98</size>
      </object_component>
      <object_component id="oc-226">
         <name>.debug_line</name>
         <load_address>0x0</load_address>
         <run_address>0x0</run_address>
         <size>0x1e7</size>
         <input_file_ref idref="fl-2"/>
      </object_component>
      <object_component id="oc-222">
         <name>.debug_line</name>
         <load_address>0x1e7</load_address>
         <run_address>0x1e7</run_address>
         <size>0x2d</size>
         <input_file_ref idref="fl-2"/>
      </object_component>
      <object_component id="oc-22b">
         <name>.debug_line</name>
         <load_address>0x214</load_address>
         <run_address>0x214</run_address>
         <size>0x2d</size>
         <input_file_ref idref="fl-2"/>
      </object_component>
      <object_component id="oc-229">
         <name>.debug_line</name>
         <load_address>0x241</load_address>
         <run_address>0x241</run_address>
         <size>0x2d</size>
         <input_file_ref idref="fl-2"/>
      </object_component>
      <object_component id="oc-231">
         <name>.debug_line</name>
         <load_address>0x26e</load_address>
         <run_address>0x26e</run_address>
         <size>0x2d</size>
         <input_file_ref idref="fl-2"/>
      </object_component>
      <object_component id="oc-224">
         <name>.debug_line</name>
         <load_address>0x29b</load_address>
         <run_address>0x29b</run_address>
         <size>0x2d</size>
         <input_file_ref idref="fl-2"/>
      </object_component>
      <object_component id="oc-20e">
         <name>.debug_line</name>
         <load_address>0x2c8</load_address>
         <run_address>0x2c8</run_address>
         <size>0x2d</size>
         <input_file_ref idref="fl-2"/>
      </object_component>
      <object_component id="oc-9e">
         <name>.debug_line</name>
         <load_address>0x2f5</load_address>
         <run_address>0x2f5</run_address>
         <size>0x486</size>
         <input_file_ref idref="fl-2"/>
      </object_component>
      <object_component id="oc-b3">
         <name>.debug_line</name>
         <load_address>0x77b</load_address>
         <run_address>0x77b</run_address>
         <size>0x20</size>
         <input_file_ref idref="fl-2"/>
      </object_component>
      <object_component id="oc-7f">
         <name>.debug_line</name>
         <load_address>0x79b</load_address>
         <run_address>0x79b</run_address>
         <size>0x60</size>
         <input_file_ref idref="fl-2"/>
      </object_component>
      <object_component id="oc-1e6">
         <name>.debug_line</name>
         <load_address>0x7fb</load_address>
         <run_address>0x7fb</run_address>
         <size>0x60</size>
         <input_file_ref idref="fl-2"/>
      </object_component>
      <object_component id="oc-76">
         <name>.debug_line</name>
         <load_address>0x85b</load_address>
         <run_address>0x85b</run_address>
         <size>0x34</size>
         <input_file_ref idref="fl-3"/>
      </object_component>
      <object_component id="oc-31">
         <name>.debug_line</name>
         <load_address>0x88f</load_address>
         <run_address>0x88f</run_address>
         <size>0x34</size>
         <input_file_ref idref="fl-3"/>
      </object_component>
      <object_component id="oc-2e">
         <name>.debug_line</name>
         <load_address>0x8c3</load_address>
         <run_address>0x8c3</run_address>
         <size>0x94</size>
         <input_file_ref idref="fl-3"/>
      </object_component>
[...]
      <symbol id="sm-11d">
         <name>xp</name>
         <value>0x200006c8</value>
      </symbol>
      <symbol id="sm-11e">
         <name>I2CRegRead</name>
         <value>0x2a7</value>
         <object_component_ref idref="oc-9d"/>
      </symbol>
      <symbol id="sm-11f">
         <name>q_kalman</name>
         <value>0x200005c8</value>
         <object_component_ref idref="oc-138"/>
      </symbol>
      <symbol id="sm-120">
         <name>Timer0AIntHandler</name>
         <value>0x1801</value>
         <object_component_ref idref="oc-9d"/>
      </symbol>
      <symbol id="sm-121">
         <name>Pp</name>
         <value>0x20000688</value>
         <object_component_ref idref="oc-146"/>
      </symbol>
      <symbol id="sm-122">
         <name>P_kalman</name>
         <value>0x20000588</value>
         <object_component_ref idref="oc-149"/>
      </symbol>
      <symbol id="sm-123">
         <name>EulerAngle</name>
         <value>0xbf1</value>
         <object_component_ref idref="oc-9d"/>
      </symbol>
      <symbol id="sm-124">
         <name>K</name>
         <value>0x20000648</value>
         <object_component_ref idref="oc-158"/>
      </symbol>
      <symbol id="sm-125">
         <name>A</name>
         <value>0x20000608</value>
         <object_component_ref idref="oc-13b"/>
      </symbol>
      <symbol id="sm-126">
         <name>ConfigureTimer</name>
         <value>0x1835</value>
         <object_component_ref idref="oc-9d"/>
      </symbol>
      <symbol id="sm-127">
         <name>GetFromHMC5883L</name>
         <value>0x5bd</value>
         <object_component_ref idref="oc-9d"/>
      </symbol>
      <symbol id="sm-128">
         <name>GetFromMPU6050</name>
         <value>0x44f</value>
         <object_component_ref idref="oc-9d"/>
      </symbol>
      <symbol id="sm-129">
         <name>InverseMatrix</name>
         <value>0xa07</value>
         <object_component_ref idref="oc-9d"/>
      </symbol>
      <symbol id="sm-12a">
         <name>main</name>
         <value>0x187d</value>
         <object_component_ref idref="oc-9d"/>
      </symbol>
      <symbol id="sm-12b">
         <name>ConfigureUART</name>
         <value>0x663</value>
         <object_component_ref idref="oc-9d"/>
      </symbol>
      <symbol id="sm-12c">
         <name>I2C0_Setup</name>
         <value>0x26d</value>
         <object_component_ref idref="oc-9d"/>
      </symbol>
      <symbol id="sm-12d">
         <name>I2CRegWrite</name>
         <value>0x36b</value>
         <object_component_ref idref="oc-9d"/>
      </symbol>
      <symbol id="sm-12e">
         <name>determinant</name>
         <value>0x6d1</value>
         <object_component_ref idref="oc-9d"/>
      </symbol>
      <symbol id="sm-12f">
         <name>count</name>
         <value>0x200005dc</value>
         <object_component_ref idref="oc-138"/>
      </symbol>
      <symbol id="sm-130">
         <name>flag</name>
         <value>0x200005d8</value>
         <object_component_ref idref="oc-138"/>
      </symbol>
      <symbol id="sm-151">
         <name>ResetISR</name>
         <value>0x3c09</value>
         <object_component_ref idref="oc-2a"/>
      </symbol>
      <symbol id="sm-152">
         <name>g_pfnVectors</name>
         <value>0x0</value>
         <object_component_ref idref="oc-f"/>
      </symbol>
      <symbol id="sm-1b9">
         <name>UARTgetc</name>
         <value>0x1ae5</value>
         <object_component_ref idref="oc-107"/>
      </symbol>
      <symbol id="sm-1ba">
         <name>UARTgets</name>
         <value>0x1a1f</value>
         <object_component_ref idref="oc-107"/>
      </symbol>
      <symbol id="sm-1bb">
         <name>UARTStdioConfig</name>
         <value>0x196d</value>
         <object_component_ref idref="oc-107"/>
      </symbol>
      <symbol id="sm-1bc">
         <name>UARTwrite</name>
         <value>0x19cd</value>
         <object_component_ref idref="oc-107"/>
      </symbol>
      <symbol id="sm-1bd">
         <name>UARTprintf</name>
         <value>0x1e13</value>
         <object_component_ref idref="oc-107"/>
      </symbol>
      <symbol id="sm-1be">
         <name>UARTvprintf</name>
         <value>0x1b19</value>
         <object_component_ref idref="oc-107"/>
      </symbol>
      <symbol id="sm-1da">
         <name>asinf</name>
         <value>0x3101</value>
         <object_component_ref idref="oc-14c"/>
      </symbol>
      <symbol id="sm-1f5">
         <name>atan2f</name>
         <value>0x2c19</value>
         <object_component_ref idref="oc-126"/>
      </symbol>
      <symbol id="sm-207">
         <name>_c_int00</name>
         <value>0x36f9</value>
         <object_component_ref idref="oc-24"/>
      </symbol>
      <symbol id="sm-208">
         <name>__stack</name>
         <value>0x2000026c</value>
         <object_component_ref idref="oc-29"/>
      </symbol>
      <symbol id="sm-21f">
         <name>__TI_decompress_none</name>
         <value>0x3bef</value>
         <object_component_ref idref="oc-12"/>
      </symbol>
      <symbol id="sm-247">
         <name>__TI_decompress_rle24</name>
         <value>0x3c33</value>
         <object_component_ref idref="oc-18"/>
      </symbol>
      <symbol id="sm-259">
         <name>__TI_zero_init</name>
         <value>0x3bfd</value>
         <object_component_ref idref="oc-1e"/>
      </symbol>
      <symbol id="sm-263">
         <name>cosf</name>
         <value>0x3c39</value>
         <object_component_ref idref="oc-12c"/>
      </symbol>
      <symbol id="sm-282">
         <name>C$$EXIT</name>
         <value>0x38bd</value>
         <object_component_ref idref="oc-6a"/>
      </symbol>
      <symbol id="sm-283">
         <name>abort</name>
         <value>0x38c1</value>
         <object_component_ref idref="oc-6a"/>
      </symbol>
      <symbol id="sm-284">
         <name>exit</name>
         <value>0x38c9</value>
         <object_component_ref idref="oc-6a"/>
      </symbol>
      <symbol id="sm-285">
         <name>__TI_dtors_ptr</name>
         <value>0x200005ec</value>
         <object_component_ref idref="oc-a8"/>
      </symbol>
      <symbol id="sm-286">
         <name>__TI_cleanup_ptr</name>
         <value>0x200005e8</value>
         <object_component_ref idref="oc-a8"/>
      </symbol>
      <symbol id="sm-2aa">
         <name>__aeabi_dsub</name>
         <value>0x2235</value>
         <object_component_ref idref="oc-141"/>
      </symbol>
      <symbol id="sm-2ab">
         <name>__aeabi_dadd</name>
         <value>0x223f</value>
         <object_component_ref idref="oc-141"/>
      </symbol>
      <symbol id="sm-2c2">
         <name>__aeabi_cdcmpeq</name>
         <value>0x3385</value>
         <object_component_ref idref="oc-118"/>
      </symbol>
      <symbol id="sm-2c3">
         <name>__aeabi_cdcmple</name>
         <value>0x3385</value>
         <object_component_ref idref="oc-118"/>
      </symbol>
      <symbol id="sm-2e3">
         <name>__aeabi_ddiv</name>
         <value>0x29b1</value>
         <object_component_ref idref="oc-ec"/>
      </symbol>
      <symbol id="sm-2fa">
         <name>__aeabi_dmul</name>
         <value>0x2e41</value>
         <object_component_ref idref="oc-f1"/>
      </symbol>
      <symbol id="sm-307">
         <name>__aeabi_d2f</name>
         <value>0x3875</value>
         <object_component_ref idref="oc-f6"/>
      </symbol>
      <symbol id="sm-315">
         <name>__aeabi_f2d</name>
         <value>0x3981</value>
         <object_component_ref idref="oc-113"/>
      </symbol>
      <symbol id="sm-321">
         <name>__aeabi_i2d</name>
         <value>0x3a85</value>
         <object_component_ref idref="oc-e7"/>
      </symbol>
      <symbol id="sm-33c">
         <name>memcpy</name>
         <value>0x325d</value>
         <object_component_ref idref="oc-33"/>
      </symbol>
      <symbol id="sm-33d">
         <name>__aeabi_memcpy</name>
         <value>0x325d</value>
         <object_component_ref idref="oc-33"/>
      </symbol>
      <symbol id="sm-33e">
         <name>__aeabi_memcpy8</name>
         <value>0x325d</value>
         <object_component_ref idref="oc-33"/>
      </symbol>
      <symbol id="sm-33f">
         <name>__aeabi_memcpy4</name>
         <value>0x325d</value>
         <object_component_ref idref="oc-33"/>
      </symbol>
      <symbol id="sm-34e">
         <name>__aeabi_memset</name>
         <value>0x340d</value>
         <object_component_ref idref="oc-4c"/>
      </symbol>
      <symbol id="sm-34f">
         <name>memset</name>
         <value>0x3413</value>
         <object_component_ref idref="oc-4c"/>
      </symbol>
      <symbol id="sm-350">
         <name>__aeabi_memset8</name>
         <value>0x340d</value>
         <object_component_ref idref="oc-4c"/>
      </symbol>
      <symbol id="sm-351">
         <name>__aeabi_memset4</name>
         <value>0x340d</value>
         <object_component_ref idref="oc-4c"/>
      </symbol>
      <symbol id="sm-352">
         <name>__aeabi_memclr8</name>
         <value>0x340b</value>
         <object_component_ref idref="oc-4c"/>
      </symbol>
      <symbol id="sm-353">
         <name>__aeabi_memclr4</name>
         <value>0x340b</value>
         <object_component_ref idref="oc-4c"/>
      </symbol>
      <symbol id="sm-354">
         <name>__aeabi_memclr</name>
         <value>0x340b</value>
         <object_component_ref idref="oc-4c"/>
      </symbol>
      <symbol id="sm-394">
         <name>powf</name>
         <value>0x1e49</value>
         <object_component_ref idref="oc-10d"/>
      </symbol>
      <symbol id="sm-39e">
         <name>_system_pre_init</name>
         <value>0x3c4f</value>
         <object_component_ref idref="oc-58"/>
      </symbol>
      <symbol id="sm-3a8">
         <name>sinf</name>
         <value>0x3c45</value>
         <object_component_ref idref="oc-132"/>
      </symbol>
      <symbol id="sm-3b8">
         <name>sqrtf</name>
         <value>0x3b0d</value>
         <object_component_ref idref="oc-120"/>
      </symbol>
      <symbol id="sm-3c0">
         <name>main_func_sp</name>
         <value>0x20000604</value>
         <object_component_ref idref="oc-70"/>
      </symbol>
      <symbol id="sm-3d2">
         <name>__aeabi_uidivmod</name>
         <value>0x3941</value>
         <object_component_ref idref="oc-1dc"/>
      </symbol>
      <symbol id="sm-3d3">
         <name>__aeabi_uidiv</name>
         <value>0x3941</value>
         <object_component_ref idref="oc-1dc"/>
      </symbol>
      <symbol id="sm-3f8">
         <name>_FAtan</name>
         <value>0x31b5</value>
         <object_component_ref idref="oc-211"/>
      </symbol>
      <symbol id="sm-415">
         <name>_FDint</name>
         <value>0x32f9</value>
         <object_component_ref idref="oc-1ee"/>
      </symbol>
      <symbol id="sm-429">
         <name>_FDunscale</name>
         <value>0x36a1</value>
         <object_component_ref idref="oc-1e8"/>
      </symbol>
      <symbol id="sm-438">
         <name>_Feraise</name>
         <value>0x3a55</value>
         <object_component_ref idref="oc-1f4"/>
      </symbol>
      <symbol id="sm-469">
         <name>_FExp</name>
         <value>0x23ed</value>
         <object_component_ref idref="oc-200"/>
      </symbol>
      <symbol id="sm-49e">
         <name>_FSin</name>
         <value>0x26e5</value>
         <object_component_ref idref="oc-219"/>
      </symbol>
      <symbol id="sm-4ad">
         <name>_FZero</name>
         <value>0x20000584</value>
         <object_component_ref idref="oc-206"/>
      </symbol>
      <symbol id="sm-4ae">
         <name>_FRteps</name>
         <value>0x20000570</value>
         <object_component_ref idref="oc-206"/>
      </symbol>
      <symbol id="sm-4af">
         <name>_FSnan</name>
         <value>0x20000560</value>
         <object_component_ref idref="oc-206"/>
      </symbol>
      <symbol id="sm-4b0">
         <name>_FNan</name>
         <value>0x20000550</value>
         <object_component_ref idref="oc-206"/>
      </symbol>
      <symbol id="sm-4b1">
         <name>_FInf</name>
         <value>0x20000540</value>
         <object_component_ref idref="oc-206"/>
      </symbol>
      <symbol id="sm-4b2">
         <name>_FEps</name>
         <value>0x20000530</value>
         <object_component_ref idref="oc-206"/>
      </symbol>
      <symbol id="sm-4b3">
         <name>_FXbig</name>
         <value>0x20000580</value>
         <object_component_ref idref="oc-206"/>
      </symbol>
      <symbol id="sm-4b4">
         <name>_FDenorm</name>
         <value>0x20000520</value>
         <object_component_ref idref="oc-206"/>
      </symbol>
      <symbol id="sm-4cd">
         <name>_nop</name>
         <value>0x3b6f</value>
         <object_component_ref idref="oc-199"/>
      </symbol>
      <symbol id="sm-4ce">
         <name>_lock</name>
         <value>0x200005e0</value>
         <object_component_ref idref="oc-a5"/>
      </symbol>
      <symbol id="sm-4cf">
         <name>_unlock</name>
         <value>0x200005e4</value>
         <object_component_ref idref="oc-a5"/>
      </symbol>
      <symbol id="sm-4d0">
         <name>_register_lock</name>
         <value>0x3b67</value>
         <object_component_ref idref="oc-199"/>
      </symbol>
      <symbol id="sm-4d1">
         <name>_register_unlock</name>
         <value>0x3b61</value>
         <object_component_ref idref="oc-199"/>
      </symbol>
      <symbol id="sm-4e6">
         <name>_args_main</name>
         <value>0x3b49</value>
         <object_component_ref idref="oc-64"/>
      </symbol>
      <symbol id="sm-50c">
         <name>__TI_auto_init</name>
         <value>0x3501</value>
         <object_component_ref idref="oc-5e"/>
      </symbol>
      <symbol id="sm-526">
         <name>copy_in</name>
         <value>0x37e1</value>
         <object_component_ref idref="oc-95"/>
      </symbol>
      <symbol id="sm-52e">
         <name>_Errno</name>
         <value>0x20000600</value>
         <object_component_ref idref="oc-283"/>
      </symbol>
      <symbol id="sm-54c">
         <name>feraiseexcept</name>
         <value>0x3a21</value>
         <object_component_ref idref="oc-27d"/>
      </symbol>
      <symbol id="sm-54d">
         <name>_Tls_setup__Fenv</name>
         <value>0x200005f4</value>
         <object_component_ref idref="oc-2d5"/>
      </symbol>
      <symbol id="sm-54e">
         <name>_Fenv</name>
         <value>0x200005f0</value>
         <object_component_ref idref="oc-2d5"/>
      </symbol>
      <symbol id="sm-571">
         <name>fmodf</name>
         <value>0x2851</value>
         <object_component_ref idref="oc-2ab"/>
      </symbol>
      <symbol id="sm-57b">
         <name>__aeabi_idiv0</name>
         <value>0x23eb</value>
         <object_component_ref idref="oc-268"/>
      </symbol>
      <symbol id="sm-585">
         <name>logf</name>
         <value>0x3c3f</value>
         <object_component_ref idref="oc-1fa"/>
      </symbol>
      <symbol id="sm-599">
         <name>raise</name>
         <value>0x3ab3</value>
         <object_component_ref idref="oc-2cf"/>
      </symbol>
      <symbol id="sm-5b3">
         <name>signal</name>
         <value>0x3901</value>
         <object_component_ref idref="oc-2f8"/>
      </symbol>
      <symbol id="sm-5c7">
         <name>_FDnorm</name>
         <value>0x3485</value>
         <object_component_ref idref="oc-271"/>
      </symbol>
      <symbol id="sm-5e3">
         <name>_FDscale</name>
         <value>0x3031</value>
         <object_component_ref idref="oc-28e"/>
      </symbol>
      <symbol id="sm-625">
         <name>_FLog</name>
         <value>0x256d</value>
         <object_component_ref idref="oc-287"/>
      </symbol>
      <symbol id="sm-631">
         <name>FPULazyStackingEnable</name>
         <value>0x3bd1</value>
         <object_component_ref idref="oc-185"/>
      </symbol>
      <symbol id="sm-673">
         <name>GPIOPinConfigure</name>
         <value>0x382d</value>
         <object_component_ref idref="oc-d5"/>
      </symbol>
      <symbol id="sm-674">
         <name>GPIOPinTypeI2CSCL</name>
         <value>0x3b87</value>
         <object_component_ref idref="oc-c9"/>
      </symbol>
      <symbol id="sm-675">
         <name>GPIOPinTypeI2C</name>
         <value>0x3b75</value>
         <object_component_ref idref="oc-cf"/>
      </symbol>
      <symbol id="sm-676">
         <name>GPIOPinTypeUART</name>
         <value>0x3b99</value>
         <object_component_ref idref="oc-fb"/>
      </symbol>
      <symbol id="sm-677">
         <name>GPIODirModeSet</name>
         <value>0x3ae1</value>
         <object_component_ref idref="oc-1b0"/>
      </symbol>
      <symbol id="sm-678">
         <name>GPIOPadConfigSet</name>
         <value>0x2ae7</value>
         <object_component_ref idref="oc-1b6"/>
      </symbol>
      <symbol id="sm-691">
         <name>I2CMasterInitExpClk</name>
         <value>0x3749</value>
         <object_component_ref idref="oc-e1"/>
      </symbol>
      <symbol id="sm-692">
         <name>I2CMasterEnable</name>
         <value>0x3c15</value>
         <object_component_ref idref="oc-1c7"/>
      </symbol>
      <symbol id="sm-6cb">
         <name>IntEnable</name>
         <value>0x35d9</value>
         <object_component_ref idref="oc-179"/>
      </symbol>
      <symbol id="sm-6cc">
         <name>IntRegister</name>
         <value>0x39b9</value>
         <object_component_ref idref="oc-23c"/>
      </symbol>
      <symbol id="sm-6cd">
         <name>g_pfnRAMVectors</name>
         <value>0x20000000</value>
         <object_component_ref idref="oc-2c0"/>
      </symbol>
      <symbol id="sm-71f">
         <name>SysCtlClockSet</name>
         <value>0x2f3d</value>
         <object_component_ref idref="oc-17f"/>
      </symbol>
      <symbol id="sm-720">
         <name>SysCtlDelay</name>
         <value>0x3c27</value>
         <object_component_ref idref="oc-248"/>
      </symbol>
      <symbol id="sm-721">
         <name>SysCtlPeripheralEnable</name>
         <value>0x39ed</value>
         <object_component_ref idref="oc-c3"/>
      </symbol>
      <symbol id="sm-722">
         <name>SysCtlClockGet</name>
         <value>0x2d31</value>
         <object_component_ref idref="oc-db"/>
      </symbol>
      <symbol id="sm-785">
         <name>TimerLoadSet</name>
         <value>0x3bab</value>
         <object_component_ref idref="oc-167"/>
      </symbol>
      <symbol id="sm-786">
         <name>TimerIntRegister</name>
         <value>0x3b31</value>
         <object_component_ref idref="oc-173"/>
      </symbol>
      <symbol id="sm-787">
         <name>TimerEnable</name>
         <value>0x3be1</value>
         <object_component_ref idref="oc-18b"/>
      </symbol>
      <symbol id="sm-788">
         <name>TimerPrescaleSet</name>
         <value>0x3bbd</value>
         <object_component_ref idref="oc-161"/>
      </symbol>
      <symbol id="sm-789">
         <name>TimerIntEnable</name>
         <value>0x3c1f</value>
         <object_component_ref idref="oc-16d"/>
      </symbol>
      <symbol id="sm-78a">
         <name>TimerConfigure</name>
         <value>0x3641</value>
         <object_component_ref idref="oc-15b"/>
      </symbol>
      <symbol id="sm-78b">
         <name>TimerIntClear</name>
         <value>0x3c4b</value>
         <object_component_ref idref="oc-152"/>
      </symbol>
      <symbol id="sm-798">
         <name>UARTClockSourceSet</name>
         <value>0x3c2d</value>
         <object_component_ref idref="oc-101"/>
      </symbol>
      <symbol id="sm-79a">
         <name>__TI_static_base__</name>
         <value>0x0</value>
      </symbol>
      <symbol id="sm-79d">
         <name>SHT$$INIT_ARRAY$$Limit</name>
         <value>0x0</value>
      </symbol>
      <symbol id="sm-79e">
         <name>SHT$$INIT_ARRAY$$Base</name>
         <value>0x0</value>
      </symbol>
   </symbol_table>
   <title>Link successful</title>
</link_info>
