******************************************************************************
                  TI ARM Linker PC v5.2.5                      
******************************************************************************
>> Linked Sun Feb 14 02:22:22 2016

OUTPUT FILE NAME:   <QUAD_2016(IMU).out>
ENTRY POINT SYMBOL: "_c_int00"  address: 00004f31


MEMORY CONFIGURATION

         name            origin    length      used     unused   attr    fill
----------------------  --------  ---------  --------  --------  ----  --------
  FLASH                 00000000   00040000  0000598c  0003a674  R  X
  SRAM                  20000000   00008000  00000a10  000075f0  RW X


SEGMENT ALLOCATION MAP

run origin  load origin   length   init length attrs members
----------  ----------- ---------- ----------- ----- -------
00000000    00000000    00005990   00005990    r-x
  00000000    00000000    0000026c   0000026c    r-- .intvecs
  0000026c    0000026c    00005330   00005330    r-x .text
  0000559c    0000559c    00000360   00000360    r-- .const
  00005900    00005900    00000090   00000090    r-- .cinit
20000000    20000000    00000a14   00000000    rw-
  20000000    20000000    0000026c   00000000    rw- .vtable
  2000026c    2000026c    00000400   00000000    rw- .stack
  2000066c    2000066c    00000208   00000000    rw- .bss
  20000878    20000878    0000019c   00000000    rw- .data


SECTION ALLOCATION MAP

 output                                  attributes/
section   page    origin      length       input sections
--------  ----  ----------  ----------   ----------------
.intvecs   0    00000000    0000026c     
                  00000000    0000026c     startup_ccs.obj (.intvecs)

.text      0    0000026c    00005330     
                  0000026c    0000145c     Kalman_Filter.obj (.text)
                  000016c8    0000085c     Controller.obj (.text)
                  00001f24    00000594     PID_v1.obj (.text)
                  000024b8    000004cc     uartstdio.obj (.text)
                  00002984    000004b8     main.obj (.text)
                  00002e3c    000003ec     rtsv7M4_T_le_v4SPD16_eabi.lib : powf.obj (.text)
                  00003228    000002f4     I2C_API.obj (.text)
                  0000351c    00000248     Configure_system.obj (.text)
                  00003764    000001b6     rtsv7M4_T_le_v4SPD16_eabi.lib : fd_add_t2.obj (.text)
                  0000391a    00000002                                   : i_div0.obj (.text)
                  0000391c    00000180                                   : xfexp.obj (.text)
                  00003a9c    00000178                                   : xflog.obj (.text)
                  00003c14    0000016c                                   : xfsin.obj (.text)
                  00003d80    00000160                                   : fmodf.obj (.text)
                  00003ee0    00000136                                   : fd_div_t2.obj (.text)
                  00004016    00000132     driverlib.lib : gpio.obj (.text:GPIOPadConfigSet)
                  00004148    00000118     rtsv7M4_T_le_v4SPD16_eabi.lib : atan2f.obj (.text)
                  00004260    00000114     My_utils.obj (.text)
                  00004374    00000110     driverlib.lib : sysctl.obj (.text:SysCtlClockGet)
                  00004484    000000fc     rtsv7M4_T_le_v4SPD16_eabi.lib : fd_mul_t2.obj (.text)
                  00004580    000000f4     driverlib.lib : sysctl.obj (.text:SysCtlClockSet)
                  00004674    000000d0     rtsv7M4_T_le_v4SPD16_eabi.lib : xfdscale.obj (.text)
                  00004744    000000c4     Motor_Matrix.obj (.text)
                  00004808    000000b4     rtsv7M4_T_le_v4SPD16_eabi.lib : asinf.obj (.text)
                  000048bc    000000ac                                   : acosf.obj (.text)
                  00004968    000000a8                                   : xfatan.obj (.text)
                  00004a10    0000009c                                   : memcpy_t2.obj (.text)
                  00004aac    0000008c                                   : xfdint.obj (.text)
                  00004b38    00000086                                   : fd_cmp_t2.obj (.text:__aeabi_cdcmple)
                  00004bbe    00000086                                   : fd_cmp_t2.obj (.text:__aeabi_cdrcmple)
                  00004c44    0000007a                                   : memset_t2.obj (.text)
                  00004cbe    0000007a                                   : xfdnorm.obj (.text)
                  00004d38    0000006c                                   : autoinit.obj (.text)
                  00004da4    0000006a                                   : copy_decompress_rle.obj (.text)
                  00004e0e    00000002     --HOLE-- [fill = 0]
                  00004e10    00000068     driverlib.lib : interrupt.obj (.text:IntEnable)
                  00004e78    00000060                   : timer.obj (.text:TimerConfigure)
                  00004ed8    00000056     rtsv7M4_T_le_v4SPD16_eabi.lib : xfdunsca.obj (.text)
                  00004f2e    00000002     --HOLE-- [fill = 0]
                  00004f30    00000050                                   : boot.obj (.text)
                  00004f80    0000004c     driverlib.lib : i2c.obj (.text:I2CMasterInitExpClk)
                  00004fcc    0000004c                   : timer.obj (.text:_TimerIntNumberGet)
                  00005018    0000004c     rtsv7M4_T_le_v4SPD16_eabi.lib : cpy_tbl.obj (.text)
                  00005064    00000048     driverlib.lib : gpio.obj (.text:GPIOPinConfigure)
                  000050ac    00000048     rtsv7M4_T_le_v4SPD16_eabi.lib : fd_toi_t2.obj (.text)
                  000050f4    00000048                                   : fd_tos_t2.obj (.text)
                  0000513c    00000044                                   : exit.obj (.text)
                  00005180    00000040                                   : signal.obj (.text)
                  000051c0    00000040                                   : u_divt2.obj (.text)
                  00005200    00000038                                   : fs_tod_t2.obj (.text)
                  00005238    00000034     driverlib.lib : interrupt.obj (.text:IntRegister)
                  0000526c    00000034                   : sysctl.obj (.text:SysCtlPeripheralEnable)
                  000052a0    00000034     rtsv7M4_T_le_v4SPD16_eabi.lib : feraiseexcept.obj (.text)
                  000052d4    00000030                                   : xferaise.obj (.text)
                  00005304    0000002e                                   : i_tofd_t2.obj (.text)
                  00005332    0000002e                                   : raise.obj (.text)
                  00005360    0000002a     driverlib.lib : gpio.obj (.text:GPIODirModeSet)
                  0000538a    00000002     --HOLE-- [fill = 0]
                  0000538c    00000024     rtsv7M4_T_le_v4SPD16_eabi.lib : sqrtf.obj (.text)
                  000053b0    00000022     driverlib.lib : pwm.obj (.text:PWMGenConfigure)
                  000053d2    0000001e                   : pwm.obj (.text:PWMPulseWidthSet)
                  000053f0    00000018                   : gpio.obj (.text:GPIOPinTypeGPIOOutput)
                  00005408    00000018                   : timer.obj (.text:TimerIntRegister)
                  00005420    00000018     rtsv7M4_T_le_v4SPD16_eabi.lib : args_main.obj (.text)
                  00005438    00000014     driverlib.lib : sysctl.obj (.text:SysCtlPWMClockSet)
                  0000544c    00000014     rtsv7M4_T_le_v4SPD16_eabi.lib : _lock.obj (.text)
                  00005460    00000012     driverlib.lib : gpio.obj (.text:GPIOPinTypeI2C)
                  00005472    00000012                   : gpio.obj (.text:GPIOPinTypeI2CSCL)
                  00005484    00000012                   : gpio.obj (.text:GPIOPinTypePWM)
                  00005496    00000012                   : gpio.obj (.text:GPIOPinTypeUART)
                  000054a8    00000012                   : pwm.obj (.text:PWMOutputState)
                  000054ba    00000012                   : timer.obj (.text:TimerLoadSet)
                  000054cc    00000012                   : timer.obj (.text:TimerPrescaleSet)
                  000054de    00000002     --HOLE-- [fill = 0]
                  000054e0    00000010                   : fpu.obj (.text:FPULazyStackingEnable)
                  000054f0    00000010                   : pwm.obj (.text:PWMGenPeriodSet)
                  00005500    0000000e                   : timer.obj (.text:TimerEnable)
                  0000550e    0000000e                   : uart.obj (.text:UARTCharsAvail)
                  0000551c    0000000e     rtsv7M4_T_le_v4SPD16_eabi.lib : copy_decompress_none.obj (.text:decompress:none)
                  0000552a    0000000c     driverlib.lib : pwm.obj (.text:PWMGenEnable)
                  00005536    0000000c     rtsv7M4_T_le_v4SPD16_eabi.lib : copy_zero_init.obj (.text:decompress:ZI)
                  00005542    0000000c     startup_ccs.obj (.text)
                  0000554e    0000000a     driverlib.lib : i2c.obj (.text:I2CMasterEnable)
                  00005558    0000000a                   : uart.obj (.text:UARTCharGet)
                  00005562    00000008                   : timer.obj (.text:TimerIntEnable)
                  0000556a    00000006                   : gpio.obj (.text:GPIOPinWrite)
                  00005570    00000006                   : sysctl.obj (.text:SysCtlDelay)
                  00005576    00000006                   : uart.obj (.text:UARTClockSourceSet)
                  0000557c    00000006     rtsv7M4_T_le_v4SPD16_eabi.lib : copy_decompress_rle.obj (.text:decompress:rle24)
                  00005582    00000006                                   : cosf.obj (.text)
                  00005588    00000006                                   : logf.obj (.text)
                  0000558e    00000006                                   : sinf.obj (.text)
                  00005594    00000004     driverlib.lib : timer.obj (.text:TimerIntClear)
                  00005598    00000004     rtsv7M4_T_le_v4SPD16_eabi.lib : pre_init.obj (.text)

.const     0    0000559c    00000360     
                  0000559c    00000090     driverlib.lib : gpio.obj (.const:g_pui32GPIOBaseAddrs)
                  0000562c    00000070                   : interrupt.obj (.const)
                  0000569c    0000006c                   : sysctl.obj (.const:g_pui32Xtals)
                  00005708    00000060                   : timer.obj (.const:g_ppui32TimerIntMap)
                  00005768    00000040     Kalman_Filter.obj (.const:$P$T0$1)
                  000057a8    00000040     driverlib.lib : timer.obj (.const:g_ppui32TimerIntMapSnowflake)
                  000057e8    00000038     rtsv7M4_T_le_v4SPD16_eabi.lib : xflog.obj (.const)
                  00005820    00000034                                   : xfatan.obj (.const)
                  00005854    00000028                                   : xfdint.obj (.const)
                  0000587c    00000028                                   : xfsin.obj (.const)
                  000058a4    0000001c                                   : xfexp.obj (.const)
                  000058c0    0000001c     uartstdio.obj (.const)
                  000058dc    00000012     uartstdio.obj (.const:.string)
                  000058ee    00000002     --HOLE-- [fill = 0]
                  000058f0    0000000c     main.obj (.const)

.cinit     0    00005900    00000090     
                  00005900    00000055     (.cinit..data.load) [load image, compression = rle]
                  00005955    00000003     --HOLE-- [fill = 0]
                  00005958    0000000c     (__TI_handler_table)
                  00005964    00000004     --HOLE-- [fill = 0]
                  00005968    00000008     (.cinit..bss.load) [load image, compression = zero_init]
                  00005970    00000008     (.cinit..vtable.load) [load image, compression = zero_init]
                  00005978    00000018     (__TI_cinit_table)

.init_array 
*          0    00000000    00000000     UNINITIALIZED

.vtable    0    20000000    0000026c     UNINITIALIZED
                  20000000    0000026c     driverlib.lib : interrupt.obj (.vtable)

.stack     0    2000026c    00000400     UNINITIALIZED
                  2000026c    00000400     --HOLE--

.bss       0    2000066c    00000208     UNINITIALIZED
                  2000066c    00000044     Controller.obj (.bss:_p_rate_PID)
                  200006b0    00000044     Controller.obj (.bss:_r_rate_PID)
                  200006f4    00000044     Controller.obj (.bss:_y_rate_PID)
                  20000738    00000040     Kalman_Filter.obj (.bss:A)
                  20000778    00000040     Kalman_Filter.obj (.bss:K)
                  200007b8    00000040     Kalman_Filter.obj (.bss:Pp)
                  200007f8    00000010     (.common:_q_offset)
                  20000808    00000010     (.common:_quaternion)
                  20000818    00000010     (.common:xp)
                  20000828    0000000c     (.common:_euler_angle)
                  20000834    0000000c     (.common:_gyro_offset)
                  20000840    0000000c     (.common:_w_gyro)
                  2000084c    00000004     (.common:_back_out)
                  20000850    00000004     (.common:_count_200)
                  20000854    00000004     (.common:_flag_200)
                  20000858    00000004     (.common:_front_out)
                  2000085c    00000004     (.common:_left_out)
                  20000860    00000004     (.common:_p_rate_out)
                  20000864    00000004     (.common:_prev_angle_error)
                  20000868    00000004     (.common:_r_rate_out)
                  2000086c    00000004     (.common:_right_out)
                  20000870    00000004     (.common:_y_rate_out)

.TI.noinit 
*          0    2000066c    00000000     UNINITIALIZED

.data      0    20000878    0000019c     UNINITIALIZED
                  20000878    000000b0     rtsv7M4_T_le_v4SPD16_eabi.lib : signal.obj (.data:sigtable)
                  20000928    00000068                                   : xfvalues.obj (.data)
                  20000990    00000040     Kalman_Filter.obj (.data:P_kalman)
                  200009d0    0000001c     Kalman_Filter.obj (.data)
                  200009ec    00000008     rtsv7M4_T_le_v4SPD16_eabi.lib : _lock.obj (.data)
                  200009f4    00000008                                   : exit.obj (.data)
                  200009fc    00000008                                   : feraiseexcept.obj (.data)
                  20000a04    00000005     uartstdio.obj (.data)
                  20000a09    00000003     --HOLE--
                  20000a0c    00000004     rtsv7M4_T_le_v4SPD16_eabi.lib : errno.obj (.data)
                  20000a10    00000004                                   : stkdepth_vars.obj (.data)

.TI.persistent 
*          0    20000878    00000000     UNINITIALIZED


LINKER GENERATED COPY TABLES

__TI_cinit_table @ 00005978 records: 3, size/record: 8, table size: 24
	.data: load addr=00005900, load size=00000055 bytes, run addr=20000878, run size=0000019c bytes, compression=rle
	.bss: load addr=00005968, load size=00000008 bytes, run addr=2000066c, run size=00000208 bytes, compression=zero_init
	.vtable: load addr=00005970, load size=00000008 bytes, run addr=20000000, run size=0000026c bytes, compression=zero_init


LINKER GENERATED HANDLER TABLE

__TI_handler_table @ 00005958 records: 3, size/record: 4, table size: 12
	index: 0, handler: __TI_zero_init
	index: 1, handler: __TI_decompress_rle24
	index: 2, handler: __TI_decompress_none


GLOBAL SYMBOLS: SORTED ALPHABETICALLY BY Name 

address   name                      
-------   ----                      
20000738  A                         
0000513d  C$$EXIT                   
0000351d  ConfigurePWM              
00003697  ConfigureTimer            
00003663  ConfigureUART             
000042a9  ESC_on                    
000054e1  FPULazyStackingEnable     
00005361  GPIODirModeSet            
00004017  GPIOPadConfigSet          
00005065  GPIOPinConfigure          
000053f1  GPIOPinTypeGPIOOutput     
00005461  GPIOPinTypeI2C            
00005473  GPIOPinTypeI2CSCL         
00005485  GPIOPinTypePWM            
00005497  GPIOPinTypeUART           
0000556b  GPIOPinWrite              
000033a1  GetFromMPU6050            
0000362f  I2C0_Setup                
0000554f  I2CMasterEnable           
00004f81  I2CMasterInitExpClk       
00003229  I2CRegRead                
000032d7  I2CRegWrite               
000016c9  Init_PID                  
00004e11  IntEnable                 
00005239  IntRegister               
000005a3  InverseMatrix             
20000778  K                         
0000078d  KalmanFilter              
00004301  MPU6050_on                
00004745  Motor_write               
00001fa1  PID_Compute               
000024a5  PID_GetDirection          
00002479  PID_GetKd                 
00002469  PID_GetKi                 
00002459  PID_GetKp                 
0000248d  PID_GetMode               
00002395  PID_Initialize            
000023ed  PID_SetControllerDirection
00002343  PID_SetMode               
0000228d  PID_SetOutputLimits       
00002225  PID_SetSampleTime         
0000213d  PID_SetTunings            
00001f25  PID_init                  
000053b1  PWMGenConfigure           
0000552b  PWMGenEnable              
000054f1  PWMGenPeriodSet           
000054a9  PWMOutputState            
000053d3  PWMPulseWidthSet          
20000990  P_kalman                  
200007b8  Pp                        
00005543  ResetISR                  
UNDEFED   SHT$$INIT_ARRAY$$Base     
UNDEFED   SHT$$INIT_ARRAY$$Limit    
00004375  SysCtlClockGet            
00004581  SysCtlClockSet            
00005571  SysCtlDelay               
00005439  SysCtlPWMClockSet         
0000526d  SysCtlPeripheralEnable    
000036dd  Timer0AIntHandler         
00004e79  TimerConfigure            
00005501  TimerEnable               
00005595  TimerIntClear             
00005563  TimerIntEnable            
00005409  TimerIntRegister          
000054bb  TimerLoadSet              
000054cd  TimerPrescaleSet          
00005559  UARTCharGet               
0000550f  UARTCharsAvail            
00005577  UARTClockSourceSet        
000024b9  UARTStdioConfig           
00002621  UARTgetc                  
0000255f  UARTgets                  
0000294f  UARTprintf                
00002655  UARTvprintf               
00002511  UARTwrite                 
20000a0c  _Errno                    
00004969  _FAtan                    
20000928  _FDenorm                  
00004aad  _FDint                    
00004cbf  _FDnorm                   
00004675  _FDscale                  
00004ed9  _FDunscale                
20000938  _FEps                     
0000391d  _FExp                     
20000948  _FInf                     
00003a9d  _FLog                     
20000958  _FNan                     
20000978  _FRteps                   
00003c15  _FSin                     
20000968  _FSnan                    
20000988  _FXbig                    
2000098c  _FZero                    
200009fc  _Fenv                     
000052d5  _Feraise                  
20000a00  _Tls_setup__Fenv          
2000066c  __STACK_END               
00000400  __STACK_SIZE              
2000046c  __STACK_TOP               
00005978  __TI_CINIT_Base           
00005990  __TI_CINIT_Limit          
00005958  __TI_Handler_Table_Base   
00005964  __TI_Handler_Table_Limit  
00004d39  __TI_auto_init            
200009f4  __TI_cleanup_ptr          
0000551d  __TI_decompress_none      
0000557d  __TI_decompress_rle24     
200009f8  __TI_dtors_ptr            
00000000  __TI_static_base__        
00005537  __TI_zero_init            
00004b39  __aeabi_cdcmpeq           
00004b39  __aeabi_cdcmple           
00004bbf  __aeabi_cdrcmple          
000050f5  __aeabi_d2f               
000050ad  __aeabi_d2iz              
0000376f  __aeabi_dadd              
00003ee1  __aeabi_ddiv              
00004485  __aeabi_dmul              
00003765  __aeabi_dsub              
00005201  __aeabi_f2d               
00005305  __aeabi_i2d               
0000391b  __aeabi_idiv0             
00004c45  __aeabi_memclr            
00004c45  __aeabi_memclr4           
00004c45  __aeabi_memclr8           
00004a11  __aeabi_memcpy            
00004a11  __aeabi_memcpy4           
00004a11  __aeabi_memcpy8           
00004c47  __aeabi_memset            
00004c47  __aeabi_memset4           
00004c47  __aeabi_memset8           
000051c1  __aeabi_uidiv             
000051c1  __aeabi_uidivmod          
ffffffff  __binit__                 
ffffffff  __c_args__                
2000026c  __stack                   
00005421  _args_main                
2000084c  _back_out                 
00004f31  _c_int00                  
20000850  _count_200                
20000828  _euler_angle              
20000854  _flag_200                 
20000858  _front_out                
20000834  _gyro_offset              
2000085c  _left_out                 
200009ec  _lock                     
0000545b  _nop                      
2000066c  _p_rate_PID               
20000860  _p_rate_out               
20000864  _prev_angle_error         
200007f8  _q_offset                 
20000808  _quaternion               
200006b0  _r_rate_PID               
20000868  _r_rate_out               
00005453  _register_lock            
0000544d  _register_unlock          
2000086c  _right_out                
00005599  _system_pre_init          
200009f0  _unlock                   
20000840  _w_gyro                   
200006f4  _y_rate_PID               
20000870  _y_rate_out               
00005141  abort                     
000048bd  acosf                     
00004809  asinf                     
00004149  atan2f                    
ffffffff  binit                     
00004261  constraints               
00005019  copy_in                   
00005583  cosf                      
0000026d  determinant               
00005149  exit                      
000052a1  feraiseexcept             
00003d81  fmodf                     
20000000  g_pfnRAMVectors           
00000000  g_pfnVectors              
00005589  logf                      
200009e0  m                         
00002985  main                      
20000a10  main_func_sp              
00004a11  memcpy                    
00004c4d  memset                    
00002e3d  powf                      
200009d0  q_kalman                  
00005333  raise                     
0000178d  rate_controller           
00005181  signal                    
0000558f  sinf                      
0000538d  sqrtf                     
00001b49  stablize_mode             
20000818  xp                        


GLOBAL SYMBOLS: SORTED BY Symbol Address 

address   name                      
-------   ----                      
00000000  __TI_static_base__        
00000000  g_pfnVectors              
0000026d  determinant               
00000400  __STACK_SIZE              
000005a3  InverseMatrix             
0000078d  KalmanFilter              
000016c9  Init_PID                  
0000178d  rate_controller           
00001b49  stablize_mode             
00001f25  PID_init                  
00001fa1  PID_Compute               
0000213d  PID_SetTunings            
00002225  PID_SetSampleTime         
0000228d  PID_SetOutputLimits       
00002343  PID_SetMode               
00002395  PID_Initialize            
000023ed  PID_SetControllerDirection
00002459  PID_GetKp                 
00002469  PID_GetKi                 
00002479  PID_GetKd                 
0000248d  PID_GetMode               
000024a5  PID_GetDirection          
000024b9  UARTStdioConfig           
00002511  UARTwrite                 
0000255f  UARTgets                  
00002621  UARTgetc                  
00002655  UARTvprintf               
0000294f  UARTprintf                
00002985  main                      
00002e3d  powf                      
00003229  I2CRegRead                
000032d7  I2CRegWrite               
000033a1  GetFromMPU6050            
0000351d  ConfigurePWM              
0000362f  I2C0_Setup                
00003663  ConfigureUART             
00003697  ConfigureTimer            
000036dd  Timer0AIntHandler         
00003765  __aeabi_dsub              
0000376f  __aeabi_dadd              
0000391b  __aeabi_idiv0             
0000391d  _FExp                     
00003a9d  _FLog                     
00003c15  _FSin                     
00003d81  fmodf                     
00003ee1  __aeabi_ddiv              
00004017  GPIOPadConfigSet          
00004149  atan2f                    
00004261  constraints               
000042a9  ESC_on                    
00004301  MPU6050_on                
00004375  SysCtlClockGet            
00004485  __aeabi_dmul              
00004581  SysCtlClockSet            
00004675  _FDscale                  
00004745  Motor_write               
00004809  asinf                     
000048bd  acosf                     
00004969  _FAtan                    
00004a11  __aeabi_memcpy            
00004a11  __aeabi_memcpy4           
00004a11  __aeabi_memcpy8           
00004a11  memcpy                    
00004aad  _FDint                    
00004b39  __aeabi_cdcmpeq           
00004b39  __aeabi_cdcmple           
00004bbf  __aeabi_cdrcmple          
00004c45  __aeabi_memclr            
00004c45  __aeabi_memclr4           
00004c45  __aeabi_memclr8           
00004c47  __aeabi_memset            
00004c47  __aeabi_memset4           
00004c47  __aeabi_memset8           
00004c4d  memset                    
00004cbf  _FDnorm                   
00004d39  __TI_auto_init            
00004e11  IntEnable                 
00004e79  TimerConfigure            
00004ed9  _FDunscale                
00004f31  _c_int00                  
00004f81  I2CMasterInitExpClk       
00005019  copy_in                   
00005065  GPIOPinConfigure          
000050ad  __aeabi_d2iz              
000050f5  __aeabi_d2f               
0000513d  C$$EXIT                   
00005141  abort                     
00005149  exit                      
00005181  signal                    
000051c1  __aeabi_uidiv             
000051c1  __aeabi_uidivmod          
00005201  __aeabi_f2d               
00005239  IntRegister               
0000526d  SysCtlPeripheralEnable    
000052a1  feraiseexcept             
000052d5  _Feraise                  
00005305  __aeabi_i2d               
00005333  raise                     
00005361  GPIODirModeSet            
0000538d  sqrtf                     
000053b1  PWMGenConfigure           
000053d3  PWMPulseWidthSet          
000053f1  GPIOPinTypeGPIOOutput     
00005409  TimerIntRegister          
00005421  _args_main                
00005439  SysCtlPWMClockSet         
0000544d  _register_unlock          
00005453  _register_lock            
0000545b  _nop                      
00005461  GPIOPinTypeI2C            
00005473  GPIOPinTypeI2CSCL         
00005485  GPIOPinTypePWM            
00005497  GPIOPinTypeUART           
000054a9  PWMOutputState            
000054bb  TimerLoadSet              
000054cd  TimerPrescaleSet          
000054e1  FPULazyStackingEnable     
000054f1  PWMGenPeriodSet           
00005501  TimerEnable               
0000550f  UARTCharsAvail            
0000551d  __TI_decompress_none      
0000552b  PWMGenEnable              
00005537  __TI_zero_init            
00005543  ResetISR                  
0000554f  I2CMasterEnable           
00005559  UARTCharGet               
00005563  TimerIntEnable            
0000556b  GPIOPinWrite              
00005571  SysCtlDelay               
00005577  UARTClockSourceSet        
0000557d  __TI_decompress_rle24     
00005583  cosf                      
00005589  logf                      
0000558f  sinf                      
00005595  TimerIntClear             
00005599  _system_pre_init          
00005958  __TI_Handler_Table_Base   
00005964  __TI_Handler_Table_Limit  
00005978  __TI_CINIT_Base           
00005990  __TI_CINIT_Limit          
20000000  g_pfnRAMVectors           
2000026c  __stack                   
2000046c  __STACK_TOP               
2000066c  __STACK_END               
2000066c  _p_rate_PID               
200006b0  _r_rate_PID               
200006f4  _y_rate_PID               
20000738  A                         
20000778  K                         
200007b8  Pp                        
200007f8  _q_offset                 
20000808  _quaternion               
20000818  xp                        
20000828  _euler_angle              
20000834  _gyro_offset              
20000840  _w_gyro                   
2000084c  _back_out                 
20000850  _count_200                
20000854  _flag_200                 
20000858  _front_out                
2000085c  _left_out                 
20000860  _p_rate_out               
20000864  _prev_angle_error         
20000868  _r_rate_out               
2000086c  _right_out                
20000870  _y_rate_out               
20000928  _FDenorm                  
20000938  _FEps                     
20000948  _FInf                     
20000958  _FNan                     
20000968  _FSnan                    
20000978  _FRteps                   
20000988  _FXbig                    
2000098c  _FZero                    
20000990  P_kalman                  
200009d0  q_kalman                  
200009e0  m                         
200009ec  _lock                     
200009f0  _unlock                   
200009f4  __TI_cleanup_ptr          
200009f8  __TI_dtors_ptr            
200009fc  _Fenv                     
20000a00  _Tls_setup__Fenv          
20000a0c  _Errno                    
20000a10  main_func_sp              
ffffffff  __binit__                 
ffffffff  __c_args__                
ffffffff  binit                     
UNDEFED   SHT$$INIT_ARRAY$$Base     
UNDEFED   SHT$$INIT_ARRAY$$Limit    

[190 symbols]
