******************************************************************************
                  TI ARM Linker PC v5.2.5                      
******************************************************************************
>> Linked Sun Jan 17 23:03:58 2016

OUTPUT FILE NAME:   <QUAD_2016.out>
ENTRY POINT SYMBOL: "_c_int00"  address: 000036f9


MEMORY CONFIGURATION

         name            origin    length      used     unused   attr    fill
----------------------  --------  ---------  --------  --------  ----  --------
  FLASH                 00000000   00040000  0000402c  0003bfd4  R  X
  SRAM                  20000000   00008000  000006d4  0000792c  RW X


SEGMENT ALLOCATION MAP

run origin  load origin   length   init length attrs members
----------  ----------- ---------- ----------- ----- -------
00000000    00000000    00004030   00004030    r-x
  00000000    00000000    0000026c   0000026c    r-- .intvecs
  0000026c    0000026c    000039e6   000039e6    r-x .text
  00003c54    00003c54    00000352   00000352    r-- .const
  00003fa8    00003fa8    00000088   00000088    r-- .cinit
20000000    20000000    000006d8   00000000    rw-
  20000000    20000000    0000026c   00000000    rw- .vtable
  2000026c    2000026c    00000200   00000000    rw- .stack
  20000470    20000470    00000198   00000000    rw- .data
  20000608    20000608    000000d0   00000000    rw- .bss


SECTION ALLOCATION MAP

 output                                  attributes/
section   page    origin      length       input sections
--------  ----  ----------  ----------   ----------------
.intvecs   0    00000000    0000026c     
                  00000000    0000026c     startup_ccs.obj (.intvecs)

.text      0    0000026c    000039e6     
                  0000026c    00001700     main.obj (.text)
                  0000196c    000004dc     uartstdio.obj (.text)
                  00001e48    000003ec     rtsv7M4_T_le_v4SPD16_eabi.lib : powf.obj (.text)
                  00002234    000001b6                                   : fd_add_t2.obj (.text)
                  000023ea    00000002                                   : i_div0.obj (.text)
                  000023ec    00000180                                   : xfexp.obj (.text)
                  0000256c    00000178                                   : xflog.obj (.text)
                  000026e4    0000016c                                   : xfsin.obj (.text)
                  00002850    00000160                                   : fmodf.obj (.text)
                  000029b0    00000136                                   : fd_div_t2.obj (.text)
                  00002ae6    00000132     driverlib.lib : gpio.obj (.text:GPIOPadConfigSet)
                  00002c18    00000118     rtsv7M4_T_le_v4SPD16_eabi.lib : atan2f.obj (.text)
                  00002d30    00000110     driverlib.lib : sysctl.obj (.text:SysCtlClockGet)
                  00002e40    000000fc     rtsv7M4_T_le_v4SPD16_eabi.lib : fd_mul_t2.obj (.text)
                  00002f3c    000000f4     driverlib.lib : sysctl.obj (.text:SysCtlClockSet)
                  00003030    000000d0     rtsv7M4_T_le_v4SPD16_eabi.lib : xfdscale.obj (.text)
                  00003100    000000b4                                   : asinf.obj (.text)
                  000031b4    000000a8                                   : xfatan.obj (.text)
                  0000325c    0000009c                                   : memcpy_t2.obj (.text)
                  000032f8    0000008c                                   : xfdint.obj (.text)
                  00003384    00000086                                   : fd_cmp_t2.obj (.text:__aeabi_cdcmple)
                  0000340a    0000007a                                   : memset_t2.obj (.text)
                  00003484    0000007a                                   : xfdnorm.obj (.text)
                  000034fe    00000002     --HOLE-- [fill = 0]
                  00003500    0000006c                                   : autoinit.obj (.text)
                  0000356c    0000006a                                   : copy_decompress_rle.obj (.text)
                  000035d6    00000002     --HOLE-- [fill = 0]
                  000035d8    00000068     driverlib.lib : interrupt.obj (.text:IntEnable)
                  00003640    00000060                   : timer.obj (.text:TimerConfigure)
                  000036a0    00000056     rtsv7M4_T_le_v4SPD16_eabi.lib : xfdunsca.obj (.text)
                  000036f6    00000002     --HOLE-- [fill = 0]
                  000036f8    00000050                                   : boot.obj (.text)
                  00003748    0000004c     driverlib.lib : i2c.obj (.text:I2CMasterInitExpClk)
                  00003794    0000004c                   : timer.obj (.text:_TimerIntNumberGet)
                  000037e0    0000004c     rtsv7M4_T_le_v4SPD16_eabi.lib : cpy_tbl.obj (.text)
                  0000382c    00000048     driverlib.lib : gpio.obj (.text:GPIOPinConfigure)
                  00003874    00000048     rtsv7M4_T_le_v4SPD16_eabi.lib : fd_tos_t2.obj (.text)
                  000038bc    00000044                                   : exit.obj (.text)
                  00003900    00000040                                   : signal.obj (.text)
                  00003940    00000040                                   : u_divt2.obj (.text)
                  00003980    00000038                                   : fs_tod_t2.obj (.text)
                  000039b8    00000034     driverlib.lib : interrupt.obj (.text:IntRegister)
                  000039ec    00000034                   : sysctl.obj (.text:SysCtlPeripheralEnable)
                  00003a20    00000034     rtsv7M4_T_le_v4SPD16_eabi.lib : feraiseexcept.obj (.text)
                  00003a54    00000030                                   : xferaise.obj (.text)
                  00003a84    0000002e                                   : i_tofd_t2.obj (.text)
                  00003ab2    0000002e                                   : raise.obj (.text)
                  00003ae0    0000002a     driverlib.lib : gpio.obj (.text:GPIODirModeSet)
                  00003b0a    00000002     --HOLE-- [fill = 0]
                  00003b0c    00000024     rtsv7M4_T_le_v4SPD16_eabi.lib : sqrtf.obj (.text)
                  00003b30    00000018     driverlib.lib : timer.obj (.text:TimerIntRegister)
                  00003b48    00000018     rtsv7M4_T_le_v4SPD16_eabi.lib : args_main.obj (.text)
                  00003b60    00000014                                   : _lock.obj (.text)
                  00003b74    00000012     driverlib.lib : gpio.obj (.text:GPIOPinTypeI2C)
                  00003b86    00000012                   : gpio.obj (.text:GPIOPinTypeI2CSCL)
                  00003b98    00000012                   : gpio.obj (.text:GPIOPinTypeUART)
                  00003baa    00000012                   : timer.obj (.text:TimerLoadSet)
                  00003bbc    00000012                   : timer.obj (.text:TimerPrescaleSet)
                  00003bce    00000002     --HOLE-- [fill = 0]
                  00003bd0    00000010                   : fpu.obj (.text:FPULazyStackingEnable)
                  00003be0    0000000e                   : timer.obj (.text:TimerEnable)
                  00003bee    0000000e     rtsv7M4_T_le_v4SPD16_eabi.lib : copy_decompress_none.obj (.text:decompress:none)
                  00003bfc    0000000c                                   : copy_zero_init.obj (.text:decompress:ZI)
                  00003c08    0000000c     startup_ccs.obj (.text)
                  00003c14    0000000a     driverlib.lib : i2c.obj (.text:I2CMasterEnable)
                  00003c1e    00000008                   : timer.obj (.text:TimerIntEnable)
                  00003c26    00000006                   : sysctl.obj (.text:SysCtlDelay)
                  00003c2c    00000006                   : uart.obj (.text:UARTClockSourceSet)
                  00003c32    00000006     rtsv7M4_T_le_v4SPD16_eabi.lib : copy_decompress_rle.obj (.text:decompress:rle24)
                  00003c38    00000006                                   : cosf.obj (.text)
                  00003c3e    00000006                                   : logf.obj (.text)
                  00003c44    00000006                                   : sinf.obj (.text)
                  00003c4a    00000004     driverlib.lib : timer.obj (.text:TimerIntClear)
                  00003c4e    00000004     rtsv7M4_T_le_v4SPD16_eabi.lib : pre_init.obj (.text)

.const     0    00003c54    00000352     
                  00003c54    00000090     driverlib.lib : gpio.obj (.const:g_pui32GPIOBaseAddrs)
                  00003ce4    00000070                   : interrupt.obj (.const)
                  00003d54    0000006c                   : sysctl.obj (.const:g_pui32Xtals)
                  00003dc0    00000060                   : timer.obj (.const:g_ppui32TimerIntMap)
                  00003e20    00000040     main.obj (.const:$P$T0$1)
                  00003e60    00000040     driverlib.lib : timer.obj (.const:g_ppui32TimerIntMapSnowflake)
                  00003ea0    00000038     rtsv7M4_T_le_v4SPD16_eabi.lib : xflog.obj (.const)
                  00003ed8    00000034                                   : xfatan.obj (.const)
                  00003f0c    00000028                                   : xfdint.obj (.const)
                  00003f34    00000028                                   : xfsin.obj (.const)
                  00003f5c    0000001c                                   : xfexp.obj (.const)
                  00003f78    0000001c     uartstdio.obj (.const)
                  00003f94    00000012     uartstdio.obj (.const:.string)

.cinit     0    00003fa8    00000088     
                  00003fa8    00000050     (.cinit..data.load) [load image, compression = rle]
                  00003ff8    0000000c     (__TI_handler_table)
                  00004004    00000004     --HOLE-- [fill = 0]
                  00004008    00000008     (.cinit..bss.load) [load image, compression = zero_init]
                  00004010    00000008     (.cinit..vtable.load) [load image, compression = zero_init]
                  00004018    00000018     (__TI_cinit_table)

.init_array 
*          0    00000000    00000000     UNINITIALIZED

.vtable    0    20000000    0000026c     UNINITIALIZED
                  20000000    0000026c     driverlib.lib : interrupt.obj (.vtable)

.stack     0    2000026c    00000200     UNINITIALIZED
                  2000026c    00000200     --HOLE--

.data      0    20000470    00000198     UNINITIALIZED
                  20000470    000000b0     rtsv7M4_T_le_v4SPD16_eabi.lib : signal.obj (.data:sigtable)
                  20000520    00000068                                   : xfvalues.obj (.data)
                  20000588    00000040     main.obj (.data:P_kalman)
                  200005c8    00000018     main.obj (.data)
                  200005e0    00000008     rtsv7M4_T_le_v4SPD16_eabi.lib : _lock.obj (.data)
                  200005e8    00000008                                   : exit.obj (.data)
                  200005f0    00000008                                   : feraiseexcept.obj (.data)
                  200005f8    00000005     uartstdio.obj (.data)
                  200005fd    00000003     --HOLE--
                  20000600    00000004     rtsv7M4_T_le_v4SPD16_eabi.lib : errno.obj (.data)
                  20000604    00000004                                   : stkdepth_vars.obj (.data)

.bss       0    20000608    000000d0     UNINITIALIZED
                  20000608    00000040     main.obj (.bss:A)
                  20000648    00000040     main.obj (.bss:K)
                  20000688    00000040     main.obj (.bss:Pp)
                  200006c8    00000010     (.common:xp)

.TI.persistent 
*          0    20000470    00000000     UNINITIALIZED

.TI.noinit 
*          0    20000608    00000000     UNINITIALIZED


LINKER GENERATED COPY TABLES

__TI_cinit_table @ 00004018 records: 3, size/record: 8, table size: 24
	.data: load addr=00003fa8, load size=00000050 bytes, run addr=20000470, run size=00000198 bytes, compression=rle
	.bss: load addr=00004008, load size=00000008 bytes, run addr=20000608, run size=000000d0 bytes, compression=zero_init
	.vtable: load addr=00004010, load size=00000008 bytes, run addr=20000000, run size=0000026c bytes, compression=zero_init


LINKER GENERATED HANDLER TABLE

__TI_handler_table @ 00003ff8 records: 3, size/record: 4, table size: 12
	index: 0, handler: __TI_zero_init
	index: 1, handler: __TI_decompress_rle24
	index: 2, handler: __TI_decompress_none


GLOBAL SYMBOLS: SORTED ALPHABETICALLY BY Name 

address   name                    
-------   ----                    
20000608  A                       
000038bd  C$$EXIT                 
00001835  ConfigureTimer          
00000663  ConfigureUART           
00000bf1  EulerAngle              
00003bd1  FPULazyStackingEnable   
00003ae1  GPIODirModeSet          
00002ae7  GPIOPadConfigSet        
0000382d  GPIOPinConfigure        
00003b75  GPIOPinTypeI2C          
00003b87  GPIOPinTypeI2CSCL       
00003b99  GPIOPinTypeUART         
000005bd  GetFromHMC5883L         
0000044f  GetFromMPU6050          
0000026d  I2C0_Setup              
00003c15  I2CMasterEnable         
00003749  I2CMasterInitExpClk     
000002a7  I2CRegRead              
0000036b  I2CRegWrite             
000035d9  IntEnable               
000039b9  IntRegister             
00000a07  InverseMatrix           
20000648  K                       
20000588  P_kalman                
20000688  Pp                      
00003c09  ResetISR                
UNDEFED   SHT$$INIT_ARRAY$$Base   
UNDEFED   SHT$$INIT_ARRAY$$Limit  
00002d31  SysCtlClockGet          
00002f3d  SysCtlClockSet          
00003c27  SysCtlDelay             
000039ed  SysCtlPeripheralEnable  
00001801  Timer0AIntHandler       
00003641  TimerConfigure          
00003be1  TimerEnable             
00003c4b  TimerIntClear           
00003c1f  TimerIntEnable          
00003b31  TimerIntRegister        
00003bab  TimerLoadSet            
00003bbd  TimerPrescaleSet        
00003c2d  UARTClockSourceSet      
0000196d  UARTStdioConfig         
00001ae5  UARTgetc                
00001a1f  UARTgets                
00001e13  UARTprintf              
00001b19  UARTvprintf             
000019cd  UARTwrite               
20000600  _Errno                  
000031b5  _FAtan                  
20000520  _FDenorm                
000032f9  _FDint                  
00003485  _FDnorm                 
00003031  _FDscale                
000036a1  _FDunscale              
20000530  _FEps                   
000023ed  _FExp                   
20000540  _FInf                   
0000256d  _FLog                   
20000550  _FNan                   
20000570  _FRteps                 
000026e5  _FSin                   
20000560  _FSnan                  
20000580  _FXbig                  
20000584  _FZero                  
200005f0  _Fenv                   
00003a55  _Feraise                
200005f4  _Tls_setup__Fenv        
2000046c  __STACK_END             
00000200  __STACK_SIZE            
2000046c  __STACK_TOP             
00004018  __TI_CINIT_Base         
00004030  __TI_CINIT_Limit        
00003ff8  __TI_Handler_Table_Base 
00004004  __TI_Handler_Table_Limit
00003501  __TI_auto_init          
200005e8  __TI_cleanup_ptr        
00003bef  __TI_decompress_none    
00003c33  __TI_decompress_rle24   
200005ec  __TI_dtors_ptr          
00000000  __TI_static_base__      
00003bfd  __TI_zero_init          
00003385  __aeabi_cdcmpeq         
00003385  __aeabi_cdcmple         
00003875  __aeabi_d2f             
0000223f  __aeabi_dadd            
000029b1  __aeabi_ddiv            
00002e41  __aeabi_dmul            
00002235  __aeabi_dsub            
00003981  __aeabi_f2d             
00003a85  __aeabi_i2d             
000023eb  __aeabi_idiv0           
0000340b  __aeabi_memclr          
0000340b  __aeabi_memclr4         
0000340b  __aeabi_memclr8         
0000325d  __aeabi_memcpy          
0000325d  __aeabi_memcpy4         
0000325d  __aeabi_memcpy8         
0000340d  __aeabi_memset          
0000340d  __aeabi_memset4         
0000340d  __aeabi_memset8         
00003941  __aeabi_uidiv           
00003941  __aeabi_uidivmod        
ffffffff  __binit__               
ffffffff  __c_args__              
2000026c  __stack                 
00003b49  _args_main              
000036f9  _c_int00                
200005e0  _lock                   
00003b6f  _nop                    
00003b67  _register_lock          
00003b61  _register_unlock        
00003c4f  _system_pre_init        
200005e4  _unlock                 
000038c1  abort                   
00003101  asinf                   
00002c19  atan2f                  
ffffffff  binit                   
000037e1  copy_in                 
00003c39  cosf                    
200005dc  count                   
000006d1  determinant             
000038c9  exit                    
00003a21  feraiseexcept           
200005d8  flag                    
00002851  fmodf                   
20000000  g_pfnRAMVectors         
00000000  g_pfnVectors            
00003c3f  logf                    
0000187d  main                    
20000604  main_func_sp            
0000325d  memcpy                  
00003413  memset                  
00001e49  powf                    
200005c8  q_kalman                
00003ab3  raise                   
00003901  signal                  
00003c45  sinf                    
00003b0d  sqrtf                   
200006c8  xp                      


GLOBAL SYMBOLS: SORTED BY Symbol Address 

address   name                    
-------   ----                    
00000000  __TI_static_base__      
00000000  g_pfnVectors            
00000200  __STACK_SIZE            
0000026d  I2C0_Setup              
000002a7  I2CRegRead              
0000036b  I2CRegWrite             
0000044f  GetFromMPU6050          
000005bd  GetFromHMC5883L         
00000663  ConfigureUART           
000006d1  determinant             
00000a07  InverseMatrix           
00000bf1  EulerAngle              
00001801  Timer0AIntHandler       
00001835  ConfigureTimer          
0000187d  main                    
0000196d  UARTStdioConfig         
000019cd  UARTwrite               
00001a1f  UARTgets                
00001ae5  UARTgetc                
00001b19  UARTvprintf             
00001e13  UARTprintf              
00001e49  powf                    
00002235  __aeabi_dsub            
0000223f  __aeabi_dadd            
000023eb  __aeabi_idiv0           
000023ed  _FExp                   
0000256d  _FLog                   
000026e5  _FSin                   
00002851  fmodf                   
000029b1  __aeabi_ddiv            
00002ae7  GPIOPadConfigSet        
00002c19  atan2f                  
00002d31  SysCtlClockGet          
00002e41  __aeabi_dmul            
00002f3d  SysCtlClockSet          
00003031  _FDscale                
00003101  asinf                   
000031b5  _FAtan                  
0000325d  __aeabi_memcpy          
0000325d  __aeabi_memcpy4         
0000325d  __aeabi_memcpy8         
0000325d  memcpy                  
000032f9  _FDint                  
00003385  __aeabi_cdcmpeq         
00003385  __aeabi_cdcmple         
0000340b  __aeabi_memclr          
0000340b  __aeabi_memclr4         
0000340b  __aeabi_memclr8         
0000340d  __aeabi_memset          
0000340d  __aeabi_memset4         
0000340d  __aeabi_memset8         
00003413  memset                  
00003485  _FDnorm                 
00003501  __TI_auto_init          
000035d9  IntEnable               
00003641  TimerConfigure          
000036a1  _FDunscale              
000036f9  _c_int00                
00003749  I2CMasterInitExpClk     
000037e1  copy_in                 
0000382d  GPIOPinConfigure        
00003875  __aeabi_d2f             
000038bd  C$$EXIT                 
000038c1  abort                   
000038c9  exit                    
00003901  signal                  
00003941  __aeabi_uidiv           
00003941  __aeabi_uidivmod        
00003981  __aeabi_f2d             
000039b9  IntRegister             
000039ed  SysCtlPeripheralEnable  
00003a21  feraiseexcept           
00003a55  _Feraise                
00003a85  __aeabi_i2d             
00003ab3  raise                   
00003ae1  GPIODirModeSet          
00003b0d  sqrtf                   
00003b31  TimerIntRegister        
00003b49  _args_main              
00003b61  _register_unlock        
00003b67  _register_lock          
00003b6f  _nop                    
00003b75  GPIOPinTypeI2C          
00003b87  GPIOPinTypeI2CSCL       
00003b99  GPIOPinTypeUART         
00003bab  TimerLoadSet            
00003bbd  TimerPrescaleSet        
00003bd1  FPULazyStackingEnable   
00003be1  TimerEnable             
00003bef  __TI_decompress_none    
00003bfd  __TI_zero_init          
00003c09  ResetISR                
00003c15  I2CMasterEnable         
00003c1f  TimerIntEnable          
00003c27  SysCtlDelay             
00003c2d  UARTClockSourceSet      
00003c33  __TI_decompress_rle24   
00003c39  cosf                    
00003c3f  logf                    
00003c45  sinf                    
00003c4b  TimerIntClear           
00003c4f  _system_pre_init        
00003ff8  __TI_Handler_Table_Base 
00004004  __TI_Handler_Table_Limit
00004018  __TI_CINIT_Base         
00004030  __TI_CINIT_Limit        
20000000  g_pfnRAMVectors         
2000026c  __stack                 
2000046c  __STACK_END             
2000046c  __STACK_TOP             
20000520  _FDenorm                
20000530  _FEps                   
20000540  _FInf                   
20000550  _FNan                   
20000560  _FSnan                  
20000570  _FRteps                 
20000580  _FXbig                  
20000584  _FZero                  
20000588  P_kalman                
200005c8  q_kalman                
200005d8  flag                    
200005dc  count                   
200005e0  _lock                   
200005e4  _unlock                 
200005e8  __TI_cleanup_ptr        
200005ec  __TI_dtors_ptr          
200005f0  _Fenv                   
200005f4  _Tls_setup__Fenv        
20000600  _Errno                  
20000604  main_func_sp            
20000608  A                       
20000648  K                       
20000688  Pp                      
200006c8  xp                      
ffffffff  __binit__               
ffffffff  __c_args__              
ffffffff  binit                   
UNDEFED   SHT$$INIT_ARRAY$$Base   
UNDEFED   SHT$$INIT_ARRAY$$Limit  

[139 symbols]
