******************************************************************************
                  TI ARM Linker PC v5.0.4                      
******************************************************************************
>> Linked Thu Jan 29 11:25:06 2015

OUTPUT FILE NAME:   <UART_example1.out>
ENTRY POINT SYMBOL: "_c_int00"  address: 00000b91


MEMORY CONFIGURATION

         name            origin    length      used     unused   attr    fill
----------------------  --------  ---------  --------  --------  ----  --------
  FLASH                 00000000   00040000  00000e68  0003f198  R  X
  SRAM                  20000000   00008000  0000021c  00007de4  RW X


SEGMENT ALLOCATION MAP

run origin  load origin   length   init length attrs members
----------  ----------- ---------- ----------- ----- -------
00000000    00000000    00000e70   00000e70    r-x
  00000000    00000000    0000026c   0000026c    r-- .intvecs
  0000026c    0000026c    00000b1e   00000b1e    r-x .text
  00000d8c    00000d8c    000000be   000000be    r-- .const
  00000e50    00000e50    00000020   00000020    r-- .cinit
20000000    20000000    00000200   00000000    rw-
  20000000    20000000    00000200   00000000    rw- .stack
20000200    20000200    0000001c   0000001c    rw-
  20000200    20000200    0000001c   0000001c    rw- .data


SECTION ALLOCATION MAP

 output                                  attributes/
section   page    origin      length       input sections
--------  ----  ----------  ----------   ----------------
.intvecs   0    00000000    0000026c     
                  00000000    0000026c     startup_ccs.obj (.intvecs)

.init_array 
*          0    00000000    00000000     UNINITIALIZED

.text      0    0000026c    00000b1e     
                  0000026c    0000049c     uartstdio.obj (.text)
                  00000708    00000130     driverlib.lib : gpio.obj (.text:GPIOPadConfigSet)
                  00000838    000000f0                   : sysctl.obj (.text:SysCtlClockSet)
                  00000928    0000009c     rtsv7M4_T_le_v4SPD16_eabi.lib : memcpy_t2.obj (.text)
                  000009c4    00000094                                   : auto_init.obj (.text)
                  00000a58    00000090     main.obj (.text)
                  00000ae8    0000005e     rtsv7M4_T_le_v4SPD16_eabi.lib : copy_decompress_rle.obj (.text)
                  00000b46    00000002     --HOLE-- [fill = 0]
                  00000b48    00000048     driverlib.lib : gpio.obj (.text:GPIOPinConfigure)
                  00000b90    00000048     rtsv7M4_T_le_v4SPD16_eabi.lib : boot.obj (.text)
                  00000bd8    00000044                                   : cpy_tbl.obj (.text)
                  00000c1c    00000042                                   : u_divt2.obj (.text)
                  00000c5e    00000002     --HOLE-- [fill = 0]
                  00000c60    00000040                                   : exit.obj (.text)
                  00000ca0    00000034     driverlib.lib : sysctl.obj (.text:SysCtlPeripheralEnable)
                  00000cd4    0000002a                   : gpio.obj (.text:GPIODirModeSet)
                  00000cfe    00000002     --HOLE-- [fill = 0]
                  00000d00    00000018     rtsv7M4_T_le_v4SPD16_eabi.lib : args_main.obj (.text)
                  00000d18    00000014                                   : _lock.obj (.text)
                  00000d2c    00000012     driverlib.lib : gpio.obj (.text:GPIOPinTypeUART)
                  00000d3e    0000000e     rtsv7M4_T_le_v4SPD16_eabi.lib : copy_decompress_none.obj (.text:decompress:none)
                  00000d4c    0000000c     driverlib.lib : uart.obj (.text:UARTCharsAvail)
                  00000d58    0000000c     startup_ccs.obj (.text)
                  00000d64    0000000a     driverlib.lib : uart.obj (.text:UARTCharGet)
                  00000d6e    0000000a                   : uart.obj (.text:UARTCharPut)
                  00000d78    00000006                   : sysctl.obj (.text:SysCtlDelay)
                  00000d7e    00000006                   : uart.obj (.text:UARTClockSourceSet)
                  00000d84    00000006     rtsv7M4_T_le_v4SPD16_eabi.lib : copy_decompress_rle.obj (.text:decompress:rle24)

.const     0    00000d8c    000000be     
                  00000d8c    00000090     driverlib.lib : gpio.obj (.const:g_pui32GPIOBaseAddrs)
                  00000e1c    0000001c     uartstdio.obj (.const)
                  00000e38    00000012     uartstdio.obj (.const:.string)

.cinit     0    00000e50    00000020     
                  00000e50    0000000f     (.cinit..data.load) [load image, compression = rle]
                  00000e5f    00000001     --HOLE-- [fill = 0]
                  00000e60    00000008     (__TI_handler_table)
                  00000e68    00000008     (__TI_cinit_table)

.stack     0    20000000    00000200     UNINITIALIZED
                  20000000    00000200     --HOLE--

.data      0    20000200    0000001c     
                  20000200    00000008     rtsv7M4_T_le_v4SPD16_eabi.lib : _lock.obj (.data)
                  20000208    00000008                                   : exit.obj (.data)
                  20000210    00000005     uartstdio.obj (.data)
                  20000215    00000003     --HOLE--
                  20000218    00000004     rtsv7M4_T_le_v4SPD16_eabi.lib : stkdepth_vars.obj (.data)


LINKER GENERATED COPY TABLES

__TI_cinit_table @ 00000e68 records: 1, size/record: 8, table size: 8
	.data: load addr=00000e50, load size=0000000f bytes, run addr=20000200, run size=0000001c bytes, compression=rle


LINKER GENERATED HANDLER TABLE

__TI_handler_table @ 00000e60 records: 2, size/record: 4, table size: 8
	index: 0, handler: __TI_decompress_rle24
	index: 1, handler: __TI_decompress_none


GLOBAL SYMBOLS: SORTED ALPHABETICALLY BY Name 

address    name
--------   ----
00000c61   C$$EXIT
00000a59   ConfigureUART
00000cd5   GPIODirModeSet
00000709   GPIOPadConfigSet
00000b49   GPIOPinConfigure
00000d2d   GPIOPinTypeUART
00000d59   ResetISR
UNDEFED    SHT$$INIT_ARRAY$$Base
UNDEFED    SHT$$INIT_ARRAY$$Limit
00000839   SysCtlClockSet
00000d79   SysCtlDelay
00000ca1   SysCtlPeripheralEnable
00000d65   UARTCharGet
00000d6f   UARTCharPut
00000d4d   UARTCharsAvail
00000d7f   UARTClockSourceSet
0000026d   UARTStdioConfig
000003d5   UARTgetc
00000313   UARTgets
000006d5   UARTprintf
00000409   UARTvprintf
000002c5   UARTwrite
20000200   __STACK_END
00000200   __STACK_SIZE
20000200   __STACK_TOP
00000e68   __TI_CINIT_Base
00000e70   __TI_CINIT_Limit
00000e60   __TI_Handler_Table_Base
00000e68   __TI_Handler_Table_Limit
00000001   __TI_args_main
000009c5   __TI_auto_init
00000d3f   __TI_decompress_none
00000d85   __TI_decompress_rle24
00000000   __TI_static_base__
00000929   __aeabi_memcpy
00000929   __aeabi_memcpy4
00000929   __aeabi_memcpy8
00000c1d   __aeabi_uidivmod
ffffffff   __binit__
ffffffff   __c_args__
20000000   __stack
00000d01   _args_main
00000b91   _c_int00
20000208   _cleanup_ptr
2000020c   _dtors_ptr
20000200   _lock
00000d27   _nop
00000d1f   _register_lock
00000d19   _register_unlock
20000204   _unlock
00000c65   abort
ffffffff   binit
00000bd9   copy_in
00000c6d   exit
00000000   g_pfnVectors
00000a95   main
20000218   main_func_sp
00000929   memcpy


GLOBAL SYMBOLS: SORTED BY Symbol Address 

address    name
--------   ----
00000000   __TI_static_base__
00000000   g_pfnVectors
00000001   __TI_args_main
00000200   __STACK_SIZE
0000026d   UARTStdioConfig
000002c5   UARTwrite
00000313   UARTgets
000003d5   UARTgetc
00000409   UARTvprintf
000006d5   UARTprintf
00000709   GPIOPadConfigSet
00000839   SysCtlClockSet
00000929   __aeabi_memcpy
00000929   __aeabi_memcpy4
00000929   __aeabi_memcpy8
00000929   memcpy
000009c5   __TI_auto_init
00000a59   ConfigureUART
00000a95   main
00000b49   GPIOPinConfigure
00000b91   _c_int00
00000bd9   copy_in
00000c1d   __aeabi_uidivmod
00000c61   C$$EXIT
00000c65   abort
00000c6d   exit
00000ca1   SysCtlPeripheralEnable
00000cd5   GPIODirModeSet
00000d01   _args_main
00000d19   _register_unlock
00000d1f   _register_lock
00000d27   _nop
00000d2d   GPIOPinTypeUART
00000d3f   __TI_decompress_none
00000d4d   UARTCharsAvail
00000d59   ResetISR
00000d65   UARTCharGet
00000d6f   UARTCharPut
00000d79   SysCtlDelay
00000d7f   UARTClockSourceSet
00000d85   __TI_decompress_rle24
00000e60   __TI_Handler_Table_Base
00000e68   __TI_CINIT_Base
00000e68   __TI_Handler_Table_Limit
00000e70   __TI_CINIT_Limit
20000000   __stack
20000200   __STACK_END
20000200   __STACK_TOP
20000200   _lock
20000204   _unlock
20000208   _cleanup_ptr
2000020c   _dtors_ptr
20000218   main_func_sp
ffffffff   __binit__
ffffffff   __c_args__
ffffffff   binit
UNDEFED    SHT$$INIT_ARRAY$$Base
UNDEFED    SHT$$INIT_ARRAY$$Limit

[58 symbols]
